******************************************************************************
                  TI ARM Linker PC v18.12.1                    
******************************************************************************
>> Linked Wed Apr 28 14:26:27 2021

OUTPUT FILE NAME:   <project.out>
ENTRY POINT SYMBOL: "_c_int00_noargs"  address: 0000be85


MEMORY CONFIGURATION

         name            origin    length      used     unused   attr    fill
----------------------  --------  ---------  --------  --------  ----  --------
  FLASH                 00000000   00040000  0000c774  0003388c  R  X
  SRAM                  20000000   00008000  0000746a  00000b96  RW X


SEGMENT ALLOCATION MAP

run origin  load origin   length   init length attrs members
----------  ----------- ---------- ----------- ----- -------
00000000    00000000    0000c778   0000c778    r-x
  00000000    00000000    0000026c   0000026c    r-- .intvecs
  0000026c    0000026c    0000bd28   0000bd28    r-x .text
  0000bf94    0000bf94    00000778   00000778    r-- .const
  0000c710    0000c710    00000068   00000068    r-- .cinit
20000000    20000000    0000746c   00000000    rw-
  20000000    20000000    0000026c   00000000    rw- .vtable
  2000026c    2000026c    000050c2   00000000    rw- .bss
  20005330    20005330    00001388   00000000    rw- .stack
  200066b8    200066b8    00000db4   00000000    rw- .data


SECTION ALLOCATION MAP

 output                                  attributes/
section   page    origin      length       input sections
--------  ----  ----------  ----------   ----------------
.intvecs   0    00000000    0000026c     
                  00000000    0000026c     tm4c123gh6pm_startup_ccs.obj (.intvecs)

.text      0    0000026c    0000bd28     
                  0000026c    00001b14     tcp_in.obj (.text)
                  00001d80    000012e4     tcp.obj (.text)
                  00003064    000010b8     tcp_out.obj (.text)
                  0000411c    00000f80     sysctl.obj (.text)
                  0000509c    00000c8c     etharp.obj (.text)
                  00005d28    00000bc4     enc28j60.obj (.text)
                  000068ec    00000b94     gpio.obj (.text)
                  00007480    00000a88     pbuf.obj (.text)
                  00007f08    00000680     udp.obj (.text)
                  00008588    0000062e     uart.obj (.text)
                  00008bb6    00000002     rtsv7M4_T_le_v4SPD16_eabi.lib : div0.asm.obj (.text)
                  00008bb8    00000564     mem.obj (.text)
                  0000911c    000004b8     ip.obj (.text)
                  000095d4    0000049c     uartstdio.obj (.text)
                  00009a70    000003c4     inet_chksum.obj (.text)
                  00009e34    000003c4     ip_addr.obj (.text)
                  0000a1f8    000003c0     interrupt.obj (.text)
                  0000a5b8    00000338     netif.obj (.text)
                  0000a8f0    00000336     ssi.obj (.text)
                  0000ac26    00000002     stats.obj (.text)
                  0000ac28    000002bc     icmp.obj (.text)
                  0000aee4    00000284     interface.obj (.text)
                  0000b168    00000280     timers.obj (.text)
                  0000b3e8    0000026c     raw.obj (.text)
                  0000b654    00000210     memp.obj (.text)
                  0000b864    00000108     spi.obj (.text)
                  0000b96c    000000d0     main.obj (.text)
                  0000ba3c    0000009c     rtsv7M4_T_le_v4SPD16_eabi.lib : memcpy_t2.asm.obj (.text)
                  0000bad8    00000098     systick.obj (.text)
                  0000bb70    00000088     systick.obj (.text)
                  0000bbf8    0000007a     rtsv7M4_T_le_v4SPD16_eabi.lib : memset_t2.asm.obj (.text)
                  0000bc72    00000002     --HOLE-- [fill = 0]
                  0000bc74    00000078     buttons.obj (.text)
                  0000bcec    0000006c     def.obj (.text)
                  0000bd58    00000068     rtsv7M4_T_le_v4SPD16_eabi.lib : copy_decompress_lzss.c.obj (.text:decompress:lzss:__TI_decompress_lzss)
                  0000bdc0    00000044                                   : autoinit.c.obj (.text:__TI_auto_init_nobinit_nopinit:__TI_auto_init_nobinit_nopinit)
                  0000be04    00000040                                   : u_divt2.asm.obj (.text)
                  0000be44    0000003e     cpu.obj (.text)
                  0000be82    00000002     --HOLE-- [fill = 0]
                  0000be84    00000034     rtsv7M4_T_le_v4SPD16_eabi.lib : boot_cortex_m.c.obj (.text:_c_int00_noargs:_c_int00_noargs)
                  0000beb8    00000028     led.obj (.text)
                  0000bee0    00000028     sys_arch.obj (.text)
                  0000bf08    00000024     rtsv7M4_T_le_v4SPD16_eabi.lib : memcmp.c.obj (.text:memcmp)
                  0000bf2c    00000020     init.obj (.text)
                  0000bf4c    00000014     rtsv7M4_T_le_v4SPD16_eabi.lib : strlen.c.obj (.text:strlen)
                  0000bf60    0000000e                                   : copy_decompress_none.c.obj (.text:decompress:none:__TI_decompress_none)
                  0000bf6e    0000000c                                   : copy_zero_init.c.obj (.text:decompress:ZI:__TI_zero_init)
                  0000bf7a    0000000c     tm4c123gh6pm_startup_ccs.obj (.text)
                  0000bf86    00000006     sysctl.obj (.text:SysCtlDelay)
                  0000bf8c    00000004     rtsv7M4_T_le_v4SPD16_eabi.lib : pre_init.c.obj (.text:_system_pre_init)
                  0000bf90    00000004                                   : exit.c.obj (.text:abort:abort)

.const     0    0000bf94    00000778     
                  0000bf94    000001b0     sysctl.obj (.const:g_pppui32XTALtoVCO)
                  0000c144    000000d8     gpio.obj (.const:g_ppui32GPIOIntMapSnowflake)
                  0000c21c    000000c0     gpio.obj (.const:g_ppui32GPIOIntMapBlizzard)
                  0000c2dc    0000009c     interrupt.obj (.const:g_pui32Regs)
                  0000c378    00000090     gpio.obj (.const:g_pui32GPIOBaseAddrs)
                  0000c408    00000076     tcp.obj (.const:.string)
                  0000c47e    00000002     --HOLE-- [fill = 0]
                  0000c480    0000006c     sysctl.obj (.const:g_pui32Xtals)
                  0000c4ec    00000040     uart.obj (.const:g_ppui32UARTIntMap)
                  0000c52c    00000040     uart.obj (.const:g_ppui32UARTIntMapSnowflake)
                  0000c56c    00000030     sysctl.obj (.const:g_sXTALtoMEMTIM)
                  0000c59c    0000002c     tcp.obj (.const:tcp_state_str)
                  0000c5c8    00000020     ssi.obj (.const:g_ppui32SSIIntMap)
                  0000c5e8    00000020     ssi.obj (.const:g_ppui32SSIIntMapSnowflake)
                  0000c608    00000020     interrupt.obj (.const:g_pui32Priority)
                  0000c628    00000014     interrupt.obj (.const:g_pui32Dii16Regs)
                  0000c63c    00000014     interrupt.obj (.const:g_pui32EnRegs)
                  0000c650    00000014     interrupt.obj (.const:g_pui32PendRegs)
                  0000c664    00000014     interrupt.obj (.const:g_pui32UnpendRegs)
                  0000c678    00000012     uartstdio.obj (.const:.string)
                  0000c68a    00000010     memp.obj (.const:memp_num)
                  0000c69a    00000010     memp.obj (.const:memp_sizes)
                  0000c6aa    00000002     --HOLE-- [fill = 0]
                  0000c6ac    00000010     tcp.obj (.const:tcp_pcb_lists)
                  0000c6bc    0000000d     tcp.obj (.const:.string:tcp_backoff)
                  0000c6c9    00000003     --HOLE-- [fill = 0]
                  0000c6cc    0000000c     uartstdio.obj (.const:g_ui32UARTBase)
                  0000c6d8    0000000c     uartstdio.obj (.const:g_ui32UARTPeriph)
                  0000c6e4    00000008     sysctl.obj (.const:g_pui32VCOFrequencies)
                  0000c6ec    00000007     tcp.obj (.const:.string:tcp_persist_backoff)
                  0000c6f3    00000006     config.obj (.const:.string:mac)
                  0000c6f9    00000006     etharp.obj (.const:ethbroadcast)
                  0000c6ff    00000006     etharp.obj (.const:ethzero)
                  0000c705    00000003     --HOLE-- [fill = 0]
                  0000c708    00000004     uartstdio.obj (.const)

.cinit     0    0000c710    00000068     
                  0000c710    0000002f     (.cinit..data.load) [load image, compression = lzss]
                  0000c73f    00000001     --HOLE-- [fill = 0]
                  0000c740    0000000c     (__TI_handler_table)
                  0000c74c    00000004     --HOLE-- [fill = 0]
                  0000c750    00000008     (.cinit..bss.load) [load image, compression = zero_init]
                  0000c758    00000008     (.cinit..vtable.load) [load image, compression = zero_init]
                  0000c760    00000018     (__TI_cinit_table)

.init_array 
*          0    00000000    00000000     UNINITIALIZED

.vtable    0    20000000    0000026c     UNINITIALIZED
                  20000000    0000026c     interrupt.obj (.vtable)

.bss       0    2000026c    000050c2     UNINITIALIZED
                  2000026c    00002e0c     memp.obj (.bss:memp_memory)
                  20003078    00002014     (.common:ram_heap)
                  2000508c    000000ea     (.common:lwip_stats)
                  20005176    00000002     ip.obj (.bss)
                  20005178    000000c8     etharp.obj (.bss:arp_table)
                  20005240    00000030     (.common:g_sNetIF)
                  20005270    00000020     memp.obj (.bss:memp_tab)
                  20005290    0000001c     tcp_in.obj (.bss)
                  200052ac    00000010     tcp_in.obj (.bss:inseg)
                  200052bc    00000010     ip_addr.obj (.bss:str$1)
                  200052cc    0000000c     mem.obj (.bss)
                  200052d8    0000000c     timers.obj (.bss)
                  200052e4    00000004     enc28j60.obj (.bss)
                  200052e8    00000004     raw.obj (.bss)
                  200052ec    00000004     (.common:current_header)
                  200052f0    00000004     (.common:current_iphdr_dest)
                  200052f4    00000004     (.common:current_iphdr_src)
                  200052f8    00000004     (.common:current_netif)
                  200052fc    00000004     (.common:ip_addr)
                  20005300    00000004     (.common:netif_default)
                  20005304    00000004     (.common:netif_list)
                  20005308    00000004     (.common:tcp_active_pcbs)
                  2000530c    00000004     (.common:tcp_bound_pcbs)
                  20005310    00000004     (.common:tcp_input_pcb)
                  20005314    00000004     (.common:tcp_listen_pcbs)
                  20005318    00000004     (.common:tcp_ticks)
                  2000531c    00000004     (.common:tcp_tmp_pcb)
                  20005320    00000004     (.common:tcp_tw_pcbs)
                  20005324    00000004     (.common:udp_pcbs)
                  20005328    00000002     tcp.obj (.bss)
                  2000532a    00000001     etharp.obj (.bss)
                  2000532b    00000001     netif.obj (.bss)
                  2000532c    00000001     (.common:pbuf_free_ooseq_pending)
                  2000532d    00000001     (.common:tcp_active_pcbs_changed)

.data      0    200066b8    00000db4     UNINITIALIZED
                  200066b8    00000708     interface.obj (.data:Udp_buffer_RX)
                  20006dc0    000005ea     enc28j60.obj (.data:incomming_frame)
                  200073aa    00000064     main.obj (.data:buffer)
                  2000740e    00000002     udp.obj (.data)
                  20007410    00000018     systick.obj (.data)
                  20007428    00000014     interface.obj (.data)
                  2000743c    0000000c     enc28j60.obj (.data)
                  20007448    00000008     main.obj (.data)
                  20007450    00000008     tcp.obj (.data)
                  20007458    00000005     uartstdio.obj (.data)
                  2000745d    00000001     buttons.obj (.data)
                  2000745e    00000002     --HOLE--
                  20007460    00000004     main.obj (.data:Remote_ip_addr)
                  20007464    00000004     main.obj (.data:gw_addr)
                  20007468    00000004     main.obj (.data:net_mask)

.stack     0    20005330    00001388     UNINITIALIZED
                  20005330    00000004     rtsv7M4_T_le_v4SPD16_eabi.lib : boot_cortex_m.c.obj (.stack)
                  20005334    00001384     --HOLE--

MODULE SUMMARY

       Module                         code    ro data   rw data
       ------                         ----    -------   -------
    .\
       tm4c123gh6pm_startup_ccs.obj   12      620       0      
       main.obj                       208     0         124    
    +--+------------------------------+-------+---------+---------+
       Total:                         220     620       124    
                                                               
    .\driverlib\
       sysctl.obj                     3974    596       0      
       gpio.obj                       2964    552       0      
       interrupt.obj                  960     268       620    
       uart.obj                       1582    128       0      
       ssi.obj                        822     64        0      
       systick.obj                    136     0         0      
       cpu.obj                        62      0         0      
    +--+------------------------------+-------+---------+---------+
       Total:                         10500   1608      620    
                                                               
    .\interface\
       interface.obj                  644     0         1868   
    +--+------------------------------+-------+---------+---------+
       Total:                         644     0         1868   
                                                               
    .\ports\
       enc28j60.obj                   3012    0         1530   
       spi.obj                        264     0         0      
       systick.obj                    152     0         24     
       buttons.obj                    120     0         1      
       led.obj                        40      0         0      
       sys_arch.obj                   40      0         0      
       config.obj                     0       6         0      
    +--+------------------------------+-------+---------+---------+
       Total:                         3628    6         1555   
                                                               
    .\src\core\
       memp.obj                       528     32        11820  
       mem.obj                        1380    0         8224   
       tcp_in.obj                     6932    0         48     
       tcp.obj                        4836    198       35     
       tcp_out.obj                    4280    0         0      
       etharp.obj                     3212    12        201    
       pbuf.obj                       2696    0         1      
       udp.obj                        1664    0         6      
       netif.obj                      824     0         9      
       timers.obj                     640     0         12     
       raw.obj                        620     0         4      
       stats.obj                      2       0         234    
       def.obj                        108     0         0      
       init.obj                       32      0         0      
    +--+------------------------------+-------+---------+---------+
       Total:                         27754   242       20594  
                                                               
    .\src\core\ipv4\
       ip.obj                         1208    0         18     
       ip_addr.obj                    964     0         16     
       inet_chksum.obj                964     0         0      
       icmp.obj                       700     0         0      
    +--+------------------------------+-------+---------+---------+
       Total:                         3836    0         34     
                                                               
    .\utils\
       uartstdio.obj                  1180    46        5      
    +--+------------------------------+-------+---------+---------+
       Total:                         1180    46        5      
                                                               
    C:\ti\ccs900\ccs\tools\compiler\ti-cgt-arm_18.12.1.LTS\lib\rtsv7M4_T_le_v4SPD16_eabi.lib
       memcpy_t2.asm.obj              156     0         0      
       memset_t2.asm.obj              122     0         0      
       copy_decompress_lzss.c.obj     104     0         0      
       autoinit.c.obj                 68      0         0      
       u_divt2.asm.obj                64      0         0      
       boot_cortex_m.c.obj            52      0         0      
       memcmp.c.obj                   36      0         0      
       strlen.c.obj                   20      0         0      
       copy_decompress_none.c.obj     14      0         0      
       copy_zero_init.c.obj           12      0         0      
       exit.c.obj                     4       0         0      
       pre_init.c.obj                 4       0         0      
       div0.asm.obj                   2       0         0      
    +--+------------------------------+-------+---------+---------+
       Total:                         658     0         0      
                                                               
       Stack:                         0       0         5000   
       Linker Generated:              0       99        0      
    +--+------------------------------+-------+---------+---------+
       Grand Total:                   48420   2621      29800  


LINKER GENERATED COPY TABLES

__TI_cinit_table @ 0000c760 records: 3, size/record: 8, table size: 24
	.data: load addr=0000c710, load size=0000002f bytes, run addr=200066b8, run size=00000db4 bytes, compression=lzss
	.bss: load addr=0000c750, load size=00000008 bytes, run addr=2000026c, run size=000050c2 bytes, compression=zero_init
	.vtable: load addr=0000c758, load size=00000008 bytes, run addr=20000000, run size=0000026c bytes, compression=zero_init


LINKER GENERATED HANDLER TABLE

__TI_handler_table @ 0000c740 records: 3, size/record: 4, table size: 12
	index: 0, handler: __TI_zero_init
	index: 1, handler: __TI_decompress_lzss
	index: 2, handler: __TI_decompress_none


GLOBAL SYMBOLS: SORTED ALPHABETICALLY BY Name 

address   name                            
-------   ----                            
0000bc75  ButtonsInit                     
0000bf91  C$$EXIT                         
0000be79  CPUbasepriGet                   
0000be6b  CPUbasepriSet                   
0000be45  CPUcpsid                        
0000be5b  CPUcpsie                        
0000be51  CPUprimask                      
0000be67  CPUwfi                          
0000afd5  ECU_int                         
0000687f  EthIf_ProvideTxBuffer           
00007459  GPIOADCTriggerDisable           
0000743b  GPIOADCTriggerEnable            
0000741d  GPIODMATriggerDisable           
000073ff  GPIODMATriggerEnable            
000069a7  GPIODirModeGet                  
0000694b  GPIODirModeSet                  
00006f0f  GPIOIntClear                    
00006ed3  GPIOIntDisable                  
00006eb9  GPIOIntEnable                   
00006f23  GPIOIntRegister                 
00006f5b  GPIOIntRegisterPin              
00006eed  GPIOIntStatus                   
00006a97  GPIOIntTypeGet                  
000069f3  GPIOIntTypeSet                  
00006f41  GPIOIntUnregister               
00006f89  GPIOIntUnregisterPin            
00006d67  GPIOPadConfigGet                
00006b2d  GPIOPadConfigSet                
000073a1  GPIOPinConfigure                
00006fad  GPIOPinRead                     
00006fe5  GPIOPinTypeADC                  
00007009  GPIOPinTypeCAN                  
0000702d  GPIOPinTypeComparator           
00007051  GPIOPinTypeComparatorOutput     
00007075  GPIOPinTypeDIVSCLK              
00007099  GPIOPinTypeEPI                  
000070bd  GPIOPinTypeEthernetLED          
000070e1  GPIOPinTypeEthernetMII          
00007105  GPIOPinTypeGPIOInput            
00007129  GPIOPinTypeGPIOOutput           
0000714d  GPIOPinTypeGPIOOutputOD         
00007171  GPIOPinTypeHibernateRTCCLK      
00007195  GPIOPinTypeI2C                  
000071b9  GPIOPinTypeI2CSCL               
000071dd  GPIOPinTypeLCD                  
00007201  GPIOPinTypeOneWire              
00007225  GPIOPinTypePWM                  
00007249  GPIOPinTypeQEI                  
0000726d  GPIOPinTypeSSI                  
00007291  GPIOPinTypeTimer                
000072b5  GPIOPinTypeTrace                
000072d9  GPIOPinTypeUART                 
000072fd  GPIOPinTypeUSBAnalog            
00007321  GPIOPinTypeUSBDigital           
00007345  GPIOPinTypeWakeHigh             
0000736b  GPIOPinTypeWakeLow              
00007391  GPIOPinWakeStatus               
00006fc5  GPIOPinWrite                    
0000b0d7  InitConsole                     
0000a3b9  IntDisable                      
0000a347  IntEnable                       
0000a42b  IntIsEnabled                    
0000a20b  IntMasterDisable                
0000a1fb  IntMasterEnable                 
0000a521  IntPendClear                    
0000a4b1  IntPendSet                      
0000a323  IntPriorityGet                  
0000a29b  IntPriorityGroupingGet          
0000a281  IntPriorityGroupingSet          
0000a57b  IntPriorityMaskGet              
0000a56f  IntPriorityMaskSet              
0000a2d3  IntPrioritySet                  
0000a21b  IntRegister                     
0000a583  IntTrigger                      
0000a26d  IntUnregister                   
0000b0b1  LWIP_stack_int                  
20007460  Remote_ip_addr                  
0000bf7b  ResetISR                        
0000aba9  SSIAdvDataPutFrameEnd           
0000abcf  SSIAdvDataPutFrameEndNonBlocking
0000ac11  SSIAdvFrameHoldDisable          
0000abfb  SSIAdvFrameHoldEnable           
0000ab77  SSIAdvModeSet                   
0000ab35  SSIBusy                         
0000ab67  SSIClockSourceGet               
0000ab53  SSIClockSourceSet               
0000a94f  SSIConfigSetExpClk              
0000ab1d  SSIDMADisable                   
0000ab05  SSIDMAEnable                    
0000aac7  SSIDataGet                      
0000aae3  SSIDataGetNonBlocking           
0000aa8d  SSIDataPut                      
0000aaa7  SSIDataPutNonBlocking           
0000a9df  SSIDisable                      
0000a9c9  SSIEnable                       
0000aa7b  SSIIntClear                     
0000aa45  SSIIntDisable                   
0000aa2d  SSIIntEnable                    
0000a9f5  SSIIntRegister                  
0000aa5d  SSIIntStatus                    
0000aa13  SSIIntUnregister                
0000b073  SimpleDelay_2                   
00005059  SysCtlAltClkConfig              
00004781  SysCtlClockFreqSet              
00004c49  SysCtlClockGet                  
0000503d  SysCtlClockOutConfig            
00004a79  SysCtlClockSet                  
00004685  SysCtlDeepSleep                 
00004e0d  SysCtlDeepSleepClockConfigSet   
00004def  SysCtlDeepSleepClockSet         
00004665  SysCtlDeepSleepPowerSet         
0000bf87  SysCtlDelay                     
00004213  SysCtlFlashSectorSizeGet        
000041e7  SysCtlFlashSizeGet              
00004ee3  SysCtlGPIOAHBDisable            
00004ec7  SysCtlGPIOAHBEnable             
000045f9  SysCtlIntClear                  
000045e1  SysCtlIntDisable                
000045cd  SysCtlIntEnable                 
000045a5  SysCtlIntRegister               
00004609  SysCtlIntStatus                 
000045bd  SysCtlIntUnregister             
0000464b  SysCtlLDODeepSleepGet           
0000463b  SysCtlLDODeepSleepSet           
00004635  SysCtlLDOSleepGet               
00004625  SysCtlLDOSleepSet               
000046bb  SysCtlMOSCConfigSet             
00005021  SysCtlNMIClear                  
0000500d  SysCtlNMIStatus                 
000046d1  SysCtlPIOSCCalibrate            
00004eb1  SysCtlPWMClockGet               
00004e97  SysCtlPWMClockSet               
00004551  SysCtlPeripheralClockGating     
00004509  SysCtlPeripheralDeepSleepDisable
000044b9  SysCtlPeripheralDeepSleepEnable 
000043f5  SysCtlPeripheralDisable         
000043b9  SysCtlPeripheralEnable          
000042f5  SysCtlPeripheralPowerOff        
000042b9  SysCtlPeripheralPowerOn         
00004239  SysCtlPeripheralPresent         
00004279  SysCtlPeripheralReady           
00004331  SysCtlPeripheralReset           
0000447d  SysCtlPeripheralSleepDisable    
00004439  SysCtlPeripheralSleepEnable     
00004675  SysCtlReset                     
00004731  SysCtlResetBehaviorGet          
00004721  SysCtlResetBehaviorSet          
000046a7  SysCtlResetCauseClear           
000046a1  SysCtlResetCauseGet             
000041dd  SysCtlSRAMSizeGet               
0000467d  SysCtlSleep                     
00004651  SysCtlSleepPowerSet             
00004f0b  SysCtlUSBPLLDisable             
00004eff  SysCtlUSBPLLEnable              
00004f51  SysCtlVCOGet                    
00004f39  SysCtlVoltageEventClear         
00004f1d  SysCtlVoltageEventConfig        
00004f2d  SysCtlVoltageEventStatus        
0000bb7d  SysTickDisable                  
0000bb71  SysTickEnable                   
0000bbc1  SysTickIntDisable               
0000bbb5  SysTickIntEnable                
0000baf5  SysTickIntHandler               
0000bb89  SysTickIntRegister              
0000bba1  SysTickIntUnregister            
0000bbdf  SysTickPeriodGet                
0000bbcd  SysTickPeriodSet                
0000bbe7  SysTickValueGet                 
2000741c  TCP_timer                       
20007414  TCp_counter                     
000067cf  TcpIp_RxIndication              
00008b59  UART9BitAddrSend                
00008b33  UART9BitAddrSet                 
00008b1d  UART9BitDisable                 
00008b07  UART9BitEnable                  
000089ab  UARTBreakCtl                    
000089d5  UARTBusy                        
00008953  UARTCharGet                     
00008937  UARTCharGetNonBlocking          
0000898d  UARTCharPut                     
00008969  UARTCharPutNonBlocking          
000088fb  UARTCharsAvail                  
00008af7  UARTClockSourceGet              
00008ae3  UARTClockSourceSet              
000086cb  UARTConfigGetExpClk             
00008655  UARTConfigSetExpClk             
00008aa9  UARTDMADisable                  
00008a91  UARTDMAEnable                   
0000873b  UARTDisable                     
000087bf  UARTDisableSIR                  
00008717  UARTEnable                      
00008791  UARTEnableSIR                   
0000877b  UARTFIFODisable                 
00008765  UARTFIFOEnable                  
0000862d  UARTFIFOLevelGet                
00008615  UARTFIFOLevelSet                
000088bb  UARTFlowControlGet              
0000889f  UARTFlowControlSet              
00008a7f  UARTIntClear                    
00008a49  UARTIntDisable                  
00008a31  UARTIntEnable                   
000089f3  UARTIntRegister                 
00008a61  UARTIntStatus                   
00008a11  UARTIntUnregister               
00008ba1  UARTLoopbackEnable              
00008855  UARTModemControlClear           
00008879  UARTModemControlGet             
0000881d  UARTModemControlSet             
0000888b  UARTModemStatusGet              
00008603  UARTParityModeGet               
000085e7  UARTParityModeSet               
00008ad3  UARTRxErrorClear                
00008ac1  UARTRxErrorGet                  
00008807  UARTSmartCardDisable            
000087d5  UARTSmartCardEnable             
00008919  UARTSpaceAvail                  
000095d5  UARTStdioConfig                 
000088e9  UARTTxIntModeGet                
000088cd  UARTTxIntModeSet                
0000971b  UARTgetc                        
00009661  UARTgets                        
00009a3b  UARTprintf                      
00009741  UARTvprintf                     
0000961b  UARTwrite                       
0000b07d  UDP_recv                        
20007418  UDp_counter                     
200066b8  Udp_buffer_RX                   
20007448  Udp_ptr                         
200066b8  __STACK_END                     
00001388  __STACK_SIZE                    
20005530  __STACK_TOP                     
0000c760  __TI_CINIT_Base                 
0000c778  __TI_CINIT_Limit                
0000c740  __TI_Handler_Table_Base         
0000c74c  __TI_Handler_Table_Limit        
0000bdc1  __TI_auto_init_nobinit_nopinit  
0000bd59  __TI_decompress_lzss            
0000bf61  __TI_decompress_none            
ffffffff  __TI_pprof_out_hndl             
ffffffff  __TI_prof_data_size             
ffffffff  __TI_prof_data_start            
00000000  __TI_static_base__              
0000bf6f  __TI_zero_init                  
00008bb7  __aeabi_idiv0                   
00008bb7  __aeabi_ldiv0                   
0000bbf9  __aeabi_memclr                  
0000bbf9  __aeabi_memclr4                 
0000bbf9  __aeabi_memclr8                 
0000ba3d  __aeabi_memcpy                  
0000ba3d  __aeabi_memcpy4                 
0000ba3d  __aeabi_memcpy8                 
0000bbfb  __aeabi_memset                  
0000bbfb  __aeabi_memset4                 
0000bbfb  __aeabi_memset8                 
0000be05  __aeabi_uidiv                   
0000be05  __aeabi_uidivmod                
ffffffff  __binit__                       
ffffffff  __c_args__                      
UNDEFED   __mpu_init                      
20005330  __stack                         
0000be85  _c_int00_noargs                 
UNDEFED   _system_post_cinit              
0000bf8d  _system_pre_init                
0000bf91  abort                           
ffffffff  binit                           
200073aa  buffer                          
0000bcbb  buttons_handler                 
20007440  count                           
200052ec  current_header                  
200052f0  current_iphdr_dest              
200052f4  current_iphdr_src               
200052f8  current_netif                   
000061d5  enc_get_mac_addr                
00006245  enc_init                        
000060bf  enc_phy_write                   
00005f6b  enc_read_reg                    
00005d29  enc_reset                       
000066bf  enc_send_packet                 
000054e5  etharp_cleanup_netif            
0000553f  etharp_find_addr                
000057bd  etharp_output                   
00005945  etharp_query                    
00005be9  etharp_request                  
000050dd  etharp_tmr                      
0000c6f9  ethbroadcast                    
00006599  ethernet_handler                
00005c21  ethernet_input                  
0000c6ff  ethzero                         
20007444  flagg                           
20000000  g_pfnRAMVectors                 
00000000  g_pfnVectors                    
20005240  g_sNetIF                        
20007428  g_ui32LocalTimer                
20007424  g_ui32_APP_Timer                
2000745d  g_ui8ButtonStates               
2000743c  global_flag                     
0000b8b9  gpio_comm_init                  
20007464  gw_addr                         
0000ae0f  icmp_dest_unreach               
0000ac29  icmp_input                      
20006dc0  incomming_frame                 
00009d7d  inet_chksum                     
00009d95  inet_chksum_pbuf                
00009b23  inet_chksum_pseudo              
00009c3f  inet_chksum_pseudo_partial      
00006223  intrupt_enable                  
00009e35  ip4_addr_isbroadcast            
00009ea1  ip4_addr_netmask_valid          
200052fc  ip_addr                         
00009195  ip_input                        
0000956f  ip_output                       
000093fd  ip_output_if                    
0000911d  ip_route                        
00009eeb  ipaddr_addr                     
00009f03  ipaddr_aton                     
0000a109  ipaddr_ntoa                     
0000a119  ipaddr_ntoa_r                   
0000becf  led_off                         
0000beb9  led_on                          
20007410  leds_timer                      
0000aee5  lwIPPrivateInit                 
0000af6f  lwIPServiceTimers               
0000afc1  lwIPTimer                       
0000bd21  lwip_htonl                      
0000bced  lwip_htons                      
0000bf2d  lwip_init                       
0000bd4d  lwip_ntohl                      
0000bd11  lwip_ntohs                      
2000508c  lwip_stats                      
0000c6f3  mac                             
0000b96d  main                            
20007420  main_function                   
000090cf  mem_calloc                      
00008cbf  mem_free                        
00008c59  mem_init                        
00008f21  mem_malloc                      
00008d35  mem_trim                        
0000bf09  memcmp                          
0000ba3d  memcpy                          
0000b7f5  memp_free                       
0000b655  memp_init                       
0000b747  memp_malloc                     
0000bc01  memset                          
20007468  net_mask                        
0000a5bb  netif_add                       
20005300  netif_default                   
0000a6bd  netif_find                      
0000a5b9  netif_init                      
20005304  netif_list                      
0000a647  netif_remove                    
0000a61d  netif_set_addr                  
0000a7ff  netif_set_default               
0000a859  netif_set_down                  
0000a7c7  netif_set_gw                    
0000a71f  netif_set_ipaddr                
0000a8c3  netif_set_link_down             
0000a887  netif_set_link_up               
0000a7e3  netif_set_netmask               
0000a815  netif_set_up                    
000074e1  pbuf_alloc                      
00007991  pbuf_cat                        
000079d7  pbuf_chain                      
00007941  pbuf_clen                       
00007ceb  pbuf_coalesce                   
00007a37  pbuf_copy                       
00007b53  pbuf_copy_partial               
000079ed  pbuf_dechain                    
00007899  pbuf_free                       
00007481  pbuf_free_ooseq                 
2000532c  pbuf_free_ooseq_pending         
00007d2b  pbuf_get_at                     
000077bd  pbuf_header                     
00007d89  pbuf_memcmp                     
00007e41  pbuf_memfind                    
00007705  pbuf_realloc                    
0000796f  pbuf_ref                        
00007ebf  pbuf_strstr                     
00007c3b  pbuf_take                       
2000744c  port_1                          
2000744e  port_remote                     
20003078  ram_heap                        
0000b491  raw_bind                        
0000b4af  raw_connect                     
0000b3e9  raw_input                       
0000b60b  raw_new                         
0000b4cd  raw_recv                        
0000b5b9  raw_remove                      
0000b5a5  raw_send                        
0000b4e7  raw_sendto                      
00006371  recive_packet                   
00006475  recive_packet_error             
00006861  reciving_autosar                
0000b9d1  send                            
0000b865  spi_init                        
0000b923  spi_send                        
0000ac27  stats_init                      
0000bf4d  strlen                          
0000bee7  sys_arch_protect                
0000beef  sys_arch_unprotect              
0000b331  sys_check_timeouts              
0000bee1  sys_now                         
0000b3bb  sys_restart_timeouts            
0000b1e5  sys_timeout                     
0000b1cd  sys_timeouts_init               
0000b2b3  sys_untimeout                   
00002061  tcp_abandon                     
0000211d  tcp_abort                       
00002e91  tcp_accept                      
20005308  tcp_active_pcbs                 
2000532d  tcp_active_pcbs_changed         
00002d29  tcp_alloc                       
00002e45  tcp_arg                         
0000c6bc  tcp_backoff                     
00002131  tcp_bind                        
2000530c  tcp_bound_pcbs                  
00001fbf  tcp_close                       
00002471  tcp_connect                     
00003031  tcp_debug_state_str             
00002fed  tcp_eff_send_mss                
00003835  tcp_enqueue_flags               
00002e7d  tcp_err                         
00002a55  tcp_fasttmr                     
00001d81  tcp_init                        
0000026d  tcp_input                       
20005310  tcp_input_pcb                   
00003fbd  tcp_keepalive                   
20005314  tcp_listen_pcbs                 
00002217  tcp_listen_with_backlog         
00002e3b  tcp_new                         
00002fd7  tcp_next_iss                    
00003a2d  tcp_output                      
0000c6ac  tcp_pcb_lists                   
00002ec9  tcp_pcb_purge                   
00002f3d  tcp_pcb_remove                  
0000c6ec  tcp_persist_backoff             
00002ea3  tcp_poll                        
00002ad5  tcp_process_refused_data        
00002e57  tcp_recv                        
00002c19  tcp_recv_null                   
00002387  tcp_recved                      
00003ead  tcp_rexmit                      
00003f29  tcp_rexmit_fast                 
00003e5d  tcp_rexmit_rto                  
00003db3  tcp_rst                         
00002bef  tcp_seg_copy                    
00002bb5  tcp_seg_free                    
00002b95  tcp_segs_free                   
000039a9  tcp_send_empty_ack              
00003111  tcp_send_fin                    
00002e6b  tcp_sent                        
00002bd9  tcp_setprio                     
00001fe5  tcp_shutdown                    
0000261d  tcp_slowtmr                     
0000c59c  tcp_state_str                   
20005318  tcp_ticks                       
0000b191  tcp_timer_needed                
2000531c  tcp_tmp_pcb                     
00001d83  tcp_tmr                         
20005320  tcp_tw_pcbs                     
00002311  tcp_update_rcv_ann_wnd          
000033a5  tcp_write                       
0000402d  tcp_zero_window_probe           
0000bad9  timer_start                     
0000668d  trasmit_process                 
00008389  udp_bind                        
00008449  udp_connect                     
000084d1  udp_disconnect                  
00007f09  udp_init                        
00007f75  udp_input                       
0000855d  udp_new                         
20005324  udp_pcbs                        
000084f1  udp_recv                        
0000850b  udp_remove                      
000081c9  udp_send                        
000081e5  udp_sendto                      
00008239  udp_sendto_if                   


GLOBAL SYMBOLS: SORTED BY Symbol Address 

address   name                            
-------   ----                            
00000000  __TI_static_base__              
00000000  g_pfnVectors                    
0000026d  tcp_input                       
00001388  __STACK_SIZE                    
00001d81  tcp_init                        
00001d83  tcp_tmr                         
00001fbf  tcp_close                       
00001fe5  tcp_shutdown                    
00002061  tcp_abandon                     
0000211d  tcp_abort                       
00002131  tcp_bind                        
00002217  tcp_listen_with_backlog         
00002311  tcp_update_rcv_ann_wnd          
00002387  tcp_recved                      
00002471  tcp_connect                     
0000261d  tcp_slowtmr                     
00002a55  tcp_fasttmr                     
00002ad5  tcp_process_refused_data        
00002b95  tcp_segs_free                   
00002bb5  tcp_seg_free                    
00002bd9  tcp_setprio                     
00002bef  tcp_seg_copy                    
00002c19  tcp_recv_null                   
00002d29  tcp_alloc                       
00002e3b  tcp_new                         
00002e45  tcp_arg                         
00002e57  tcp_recv                        
00002e6b  tcp_sent                        
00002e7d  tcp_err                         
00002e91  tcp_accept                      
00002ea3  tcp_poll                        
00002ec9  tcp_pcb_purge                   
00002f3d  tcp_pcb_remove                  
00002fd7  tcp_next_iss                    
00002fed  tcp_eff_send_mss                
00003031  tcp_debug_state_str             
00003111  tcp_send_fin                    
000033a5  tcp_write                       
00003835  tcp_enqueue_flags               
000039a9  tcp_send_empty_ack              
00003a2d  tcp_output                      
00003db3  tcp_rst                         
00003e5d  tcp_rexmit_rto                  
00003ead  tcp_rexmit                      
00003f29  tcp_rexmit_fast                 
00003fbd  tcp_keepalive                   
0000402d  tcp_zero_window_probe           
000041dd  SysCtlSRAMSizeGet               
000041e7  SysCtlFlashSizeGet              
00004213  SysCtlFlashSectorSizeGet        
00004239  SysCtlPeripheralPresent         
00004279  SysCtlPeripheralReady           
000042b9  SysCtlPeripheralPowerOn         
000042f5  SysCtlPeripheralPowerOff        
00004331  SysCtlPeripheralReset           
000043b9  SysCtlPeripheralEnable          
000043f5  SysCtlPeripheralDisable         
00004439  SysCtlPeripheralSleepEnable     
0000447d  SysCtlPeripheralSleepDisable    
000044b9  SysCtlPeripheralDeepSleepEnable 
00004509  SysCtlPeripheralDeepSleepDisable
00004551  SysCtlPeripheralClockGating     
000045a5  SysCtlIntRegister               
000045bd  SysCtlIntUnregister             
000045cd  SysCtlIntEnable                 
000045e1  SysCtlIntDisable                
000045f9  SysCtlIntClear                  
00004609  SysCtlIntStatus                 
00004625  SysCtlLDOSleepSet               
00004635  SysCtlLDOSleepGet               
0000463b  SysCtlLDODeepSleepSet           
0000464b  SysCtlLDODeepSleepGet           
00004651  SysCtlSleepPowerSet             
00004665  SysCtlDeepSleepPowerSet         
00004675  SysCtlReset                     
0000467d  SysCtlSleep                     
00004685  SysCtlDeepSleep                 
000046a1  SysCtlResetCauseGet             
000046a7  SysCtlResetCauseClear           
000046bb  SysCtlMOSCConfigSet             
000046d1  SysCtlPIOSCCalibrate            
00004721  SysCtlResetBehaviorSet          
00004731  SysCtlResetBehaviorGet          
00004781  SysCtlClockFreqSet              
00004a79  SysCtlClockSet                  
00004c49  SysCtlClockGet                  
00004def  SysCtlDeepSleepClockSet         
00004e0d  SysCtlDeepSleepClockConfigSet   
00004e97  SysCtlPWMClockSet               
00004eb1  SysCtlPWMClockGet               
00004ec7  SysCtlGPIOAHBEnable             
00004ee3  SysCtlGPIOAHBDisable            
00004eff  SysCtlUSBPLLEnable              
00004f0b  SysCtlUSBPLLDisable             
00004f1d  SysCtlVoltageEventConfig        
00004f2d  SysCtlVoltageEventStatus        
00004f39  SysCtlVoltageEventClear         
00004f51  SysCtlVCOGet                    
0000500d  SysCtlNMIStatus                 
00005021  SysCtlNMIClear                  
0000503d  SysCtlClockOutConfig            
00005059  SysCtlAltClkConfig              
000050dd  etharp_tmr                      
000054e5  etharp_cleanup_netif            
0000553f  etharp_find_addr                
000057bd  etharp_output                   
00005945  etharp_query                    
00005be9  etharp_request                  
00005c21  ethernet_input                  
00005d29  enc_reset                       
00005f6b  enc_read_reg                    
000060bf  enc_phy_write                   
000061d5  enc_get_mac_addr                
00006223  intrupt_enable                  
00006245  enc_init                        
00006371  recive_packet                   
00006475  recive_packet_error             
00006599  ethernet_handler                
0000668d  trasmit_process                 
000066bf  enc_send_packet                 
000067cf  TcpIp_RxIndication              
00006861  reciving_autosar                
0000687f  EthIf_ProvideTxBuffer           
0000694b  GPIODirModeSet                  
000069a7  GPIODirModeGet                  
000069f3  GPIOIntTypeSet                  
00006a97  GPIOIntTypeGet                  
00006b2d  GPIOPadConfigSet                
00006d67  GPIOPadConfigGet                
00006eb9  GPIOIntEnable                   
00006ed3  GPIOIntDisable                  
00006eed  GPIOIntStatus                   
00006f0f  GPIOIntClear                    
00006f23  GPIOIntRegister                 
00006f41  GPIOIntUnregister               
00006f5b  GPIOIntRegisterPin              
00006f89  GPIOIntUnregisterPin            
00006fad  GPIOPinRead                     
00006fc5  GPIOPinWrite                    
00006fe5  GPIOPinTypeADC                  
00007009  GPIOPinTypeCAN                  
0000702d  GPIOPinTypeComparator           
00007051  GPIOPinTypeComparatorOutput     
00007075  GPIOPinTypeDIVSCLK              
00007099  GPIOPinTypeEPI                  
000070bd  GPIOPinTypeEthernetLED          
000070e1  GPIOPinTypeEthernetMII          
00007105  GPIOPinTypeGPIOInput            
00007129  GPIOPinTypeGPIOOutput           
0000714d  GPIOPinTypeGPIOOutputOD         
00007171  GPIOPinTypeHibernateRTCCLK      
00007195  GPIOPinTypeI2C                  
000071b9  GPIOPinTypeI2CSCL               
000071dd  GPIOPinTypeLCD                  
00007201  GPIOPinTypeOneWire              
00007225  GPIOPinTypePWM                  
00007249  GPIOPinTypeQEI                  
0000726d  GPIOPinTypeSSI                  
00007291  GPIOPinTypeTimer                
000072b5  GPIOPinTypeTrace                
000072d9  GPIOPinTypeUART                 
000072fd  GPIOPinTypeUSBAnalog            
00007321  GPIOPinTypeUSBDigital           
00007345  GPIOPinTypeWakeHigh             
0000736b  GPIOPinTypeWakeLow              
00007391  GPIOPinWakeStatus               
000073a1  GPIOPinConfigure                
000073ff  GPIODMATriggerEnable            
0000741d  GPIODMATriggerDisable           
0000743b  GPIOADCTriggerEnable            
00007459  GPIOADCTriggerDisable           
00007481  pbuf_free_ooseq                 
000074e1  pbuf_alloc                      
00007705  pbuf_realloc                    
000077bd  pbuf_header                     
00007899  pbuf_free                       
00007941  pbuf_clen                       
0000796f  pbuf_ref                        
00007991  pbuf_cat                        
000079d7  pbuf_chain                      
000079ed  pbuf_dechain                    
00007a37  pbuf_copy                       
00007b53  pbuf_copy_partial               
00007c3b  pbuf_take                       
00007ceb  pbuf_coalesce                   
00007d2b  pbuf_get_at                     
00007d89  pbuf_memcmp                     
00007e41  pbuf_memfind                    
00007ebf  pbuf_strstr                     
00007f09  udp_init                        
00007f75  udp_input                       
000081c9  udp_send                        
000081e5  udp_sendto                      
00008239  udp_sendto_if                   
00008389  udp_bind                        
00008449  udp_connect                     
000084d1  udp_disconnect                  
000084f1  udp_recv                        
0000850b  udp_remove                      
0000855d  udp_new                         
000085e7  UARTParityModeSet               
00008603  UARTParityModeGet               
00008615  UARTFIFOLevelSet                
0000862d  UARTFIFOLevelGet                
00008655  UARTConfigSetExpClk             
000086cb  UARTConfigGetExpClk             
00008717  UARTEnable                      
0000873b  UARTDisable                     
00008765  UARTFIFOEnable                  
0000877b  UARTFIFODisable                 
00008791  UARTEnableSIR                   
000087bf  UARTDisableSIR                  
000087d5  UARTSmartCardEnable             
00008807  UARTSmartCardDisable            
0000881d  UARTModemControlSet             
00008855  UARTModemControlClear           
00008879  UARTModemControlGet             
0000888b  UARTModemStatusGet              
0000889f  UARTFlowControlSet              
000088bb  UARTFlowControlGet              
000088cd  UARTTxIntModeSet                
000088e9  UARTTxIntModeGet                
000088fb  UARTCharsAvail                  
00008919  UARTSpaceAvail                  
00008937  UARTCharGetNonBlocking          
00008953  UARTCharGet                     
00008969  UARTCharPutNonBlocking          
0000898d  UARTCharPut                     
000089ab  UARTBreakCtl                    
000089d5  UARTBusy                        
000089f3  UARTIntRegister                 
00008a11  UARTIntUnregister               
00008a31  UARTIntEnable                   
00008a49  UARTIntDisable                  
00008a61  UARTIntStatus                   
00008a7f  UARTIntClear                    
00008a91  UARTDMAEnable                   
00008aa9  UARTDMADisable                  
00008ac1  UARTRxErrorGet                  
00008ad3  UARTRxErrorClear                
00008ae3  UARTClockSourceSet              
00008af7  UARTClockSourceGet              
00008b07  UART9BitEnable                  
00008b1d  UART9BitDisable                 
00008b33  UART9BitAddrSet                 
00008b59  UART9BitAddrSend                
00008ba1  UARTLoopbackEnable              
00008bb7  __aeabi_idiv0                   
00008bb7  __aeabi_ldiv0                   
00008c59  mem_init                        
00008cbf  mem_free                        
00008d35  mem_trim                        
00008f21  mem_malloc                      
000090cf  mem_calloc                      
0000911d  ip_route                        
00009195  ip_input                        
000093fd  ip_output_if                    
0000956f  ip_output                       
000095d5  UARTStdioConfig                 
0000961b  UARTwrite                       
00009661  UARTgets                        
0000971b  UARTgetc                        
00009741  UARTvprintf                     
00009a3b  UARTprintf                      
00009b23  inet_chksum_pseudo              
00009c3f  inet_chksum_pseudo_partial      
00009d7d  inet_chksum                     
00009d95  inet_chksum_pbuf                
00009e35  ip4_addr_isbroadcast            
00009ea1  ip4_addr_netmask_valid          
00009eeb  ipaddr_addr                     
00009f03  ipaddr_aton                     
0000a109  ipaddr_ntoa                     
0000a119  ipaddr_ntoa_r                   
0000a1fb  IntMasterEnable                 
0000a20b  IntMasterDisable                
0000a21b  IntRegister                     
0000a26d  IntUnregister                   
0000a281  IntPriorityGroupingSet          
0000a29b  IntPriorityGroupingGet          
0000a2d3  IntPrioritySet                  
0000a323  IntPriorityGet                  
0000a347  IntEnable                       
0000a3b9  IntDisable                      
0000a42b  IntIsEnabled                    
0000a4b1  IntPendSet                      
0000a521  IntPendClear                    
0000a56f  IntPriorityMaskSet              
0000a57b  IntPriorityMaskGet              
0000a583  IntTrigger                      
0000a5b9  netif_init                      
0000a5bb  netif_add                       
0000a61d  netif_set_addr                  
0000a647  netif_remove                    
0000a6bd  netif_find                      
0000a71f  netif_set_ipaddr                
0000a7c7  netif_set_gw                    
0000a7e3  netif_set_netmask               
0000a7ff  netif_set_default               
0000a815  netif_set_up                    
0000a859  netif_set_down                  
0000a887  netif_set_link_up               
0000a8c3  netif_set_link_down             
0000a94f  SSIConfigSetExpClk              
0000a9c9  SSIEnable                       
0000a9df  SSIDisable                      
0000a9f5  SSIIntRegister                  
0000aa13  SSIIntUnregister                
0000aa2d  SSIIntEnable                    
0000aa45  SSIIntDisable                   
0000aa5d  SSIIntStatus                    
0000aa7b  SSIIntClear                     
0000aa8d  SSIDataPut                      
0000aaa7  SSIDataPutNonBlocking           
0000aac7  SSIDataGet                      
0000aae3  SSIDataGetNonBlocking           
0000ab05  SSIDMAEnable                    
0000ab1d  SSIDMADisable                   
0000ab35  SSIBusy                         
0000ab53  SSIClockSourceSet               
0000ab67  SSIClockSourceGet               
0000ab77  SSIAdvModeSet                   
0000aba9  SSIAdvDataPutFrameEnd           
0000abcf  SSIAdvDataPutFrameEndNonBlocking
0000abfb  SSIAdvFrameHoldEnable           
0000ac11  SSIAdvFrameHoldDisable          
0000ac27  stats_init                      
0000ac29  icmp_input                      
0000ae0f  icmp_dest_unreach               
0000aee5  lwIPPrivateInit                 
0000af6f  lwIPServiceTimers               
0000afc1  lwIPTimer                       
0000afd5  ECU_int                         
0000b073  SimpleDelay_2                   
0000b07d  UDP_recv                        
0000b0b1  LWIP_stack_int                  
0000b0d7  InitConsole                     
0000b191  tcp_timer_needed                
0000b1cd  sys_timeouts_init               
0000b1e5  sys_timeout                     
0000b2b3  sys_untimeout                   
0000b331  sys_check_timeouts              
0000b3bb  sys_restart_timeouts            
0000b3e9  raw_input                       
0000b491  raw_bind                        
0000b4af  raw_connect                     
0000b4cd  raw_recv                        
0000b4e7  raw_sendto                      
0000b5a5  raw_send                        
0000b5b9  raw_remove                      
0000b60b  raw_new                         
0000b655  memp_init                       
0000b747  memp_malloc                     
0000b7f5  memp_free                       
0000b865  spi_init                        
0000b8b9  gpio_comm_init                  
0000b923  spi_send                        
0000b96d  main                            
0000b9d1  send                            
0000ba3d  __aeabi_memcpy                  
0000ba3d  __aeabi_memcpy4                 
0000ba3d  __aeabi_memcpy8                 
0000ba3d  memcpy                          
0000bad9  timer_start                     
0000baf5  SysTickIntHandler               
0000bb71  SysTickEnable                   
0000bb7d  SysTickDisable                  
0000bb89  SysTickIntRegister              
0000bba1  SysTickIntUnregister            
0000bbb5  SysTickIntEnable                
0000bbc1  SysTickIntDisable               
0000bbcd  SysTickPeriodSet                
0000bbdf  SysTickPeriodGet                
0000bbe7  SysTickValueGet                 
0000bbf9  __aeabi_memclr                  
0000bbf9  __aeabi_memclr4                 
0000bbf9  __aeabi_memclr8                 
0000bbfb  __aeabi_memset                  
0000bbfb  __aeabi_memset4                 
0000bbfb  __aeabi_memset8                 
0000bc01  memset                          
0000bc75  ButtonsInit                     
0000bcbb  buttons_handler                 
0000bced  lwip_htons                      
0000bd11  lwip_ntohs                      
0000bd21  lwip_htonl                      
0000bd4d  lwip_ntohl                      
0000bd59  __TI_decompress_lzss            
0000bdc1  __TI_auto_init_nobinit_nopinit  
0000be05  __aeabi_uidiv                   
0000be05  __aeabi_uidivmod                
0000be45  CPUcpsid                        
0000be51  CPUprimask                      
0000be5b  CPUcpsie                        
0000be67  CPUwfi                          
0000be6b  CPUbasepriSet                   
0000be79  CPUbasepriGet                   
0000be85  _c_int00_noargs                 
0000beb9  led_on                          
0000becf  led_off                         
0000bee1  sys_now                         
0000bee7  sys_arch_protect                
0000beef  sys_arch_unprotect              
0000bf09  memcmp                          
0000bf2d  lwip_init                       
0000bf4d  strlen                          
0000bf61  __TI_decompress_none            
0000bf6f  __TI_zero_init                  
0000bf7b  ResetISR                        
0000bf87  SysCtlDelay                     
0000bf8d  _system_pre_init                
0000bf91  C$$EXIT                         
0000bf91  abort                           
0000c59c  tcp_state_str                   
0000c6ac  tcp_pcb_lists                   
0000c6bc  tcp_backoff                     
0000c6ec  tcp_persist_backoff             
0000c6f3  mac                             
0000c6f9  ethbroadcast                    
0000c6ff  ethzero                         
0000c740  __TI_Handler_Table_Base         
0000c74c  __TI_Handler_Table_Limit        
0000c760  __TI_CINIT_Base                 
0000c778  __TI_CINIT_Limit                
20000000  g_pfnRAMVectors                 
20003078  ram_heap                        
2000508c  lwip_stats                      
20005240  g_sNetIF                        
200052ec  current_header                  
200052f0  current_iphdr_dest              
200052f4  current_iphdr_src               
200052f8  current_netif                   
200052fc  ip_addr                         
20005300  netif_default                   
20005304  netif_list                      
20005308  tcp_active_pcbs                 
2000530c  tcp_bound_pcbs                  
20005310  tcp_input_pcb                   
20005314  tcp_listen_pcbs                 
20005318  tcp_ticks                       
2000531c  tcp_tmp_pcb                     
20005320  tcp_tw_pcbs                     
20005324  udp_pcbs                        
2000532c  pbuf_free_ooseq_pending         
2000532d  tcp_active_pcbs_changed         
20005330  __stack                         
20005530  __STACK_TOP                     
200066b8  Udp_buffer_RX                   
200066b8  __STACK_END                     
20006dc0  incomming_frame                 
200073aa  buffer                          
20007410  leds_timer                      
20007414  TCp_counter                     
20007418  UDp_counter                     
2000741c  TCP_timer                       
20007420  main_function                   
20007424  g_ui32_APP_Timer                
20007428  g_ui32LocalTimer                
2000743c  global_flag                     
20007440  count                           
20007444  flagg                           
20007448  Udp_ptr                         
2000744c  port_1                          
2000744e  port_remote                     
2000745d  g_ui8ButtonStates               
20007460  Remote_ip_addr                  
20007464  gw_addr                         
20007468  net_mask                        
ffffffff  __TI_pprof_out_hndl             
ffffffff  __TI_prof_data_size             
ffffffff  __TI_prof_data_start            
ffffffff  __binit__                       
ffffffff  __c_args__                      
ffffffff  binit                           
UNDEFED   __mpu_init                      
UNDEFED   _system_post_cinit              

[476 symbols]
