******************************************************************************
                  TI ARM Linker PC v18.12.1                    
******************************************************************************
>> Linked Tue Apr 27 13:23:03 2021

OUTPUT FILE NAME:   <project.out>
ENTRY POINT SYMBOL: "_c_int00_noargs"  address: 0000bda1


MEMORY CONFIGURATION

         name            origin    length      used     unused   attr    fill
----------------------  --------  ---------  --------  --------  ----  --------
  FLASH                 00000000   00040000  0000c6b0  00033950  R  X
  SRAM                  20000000   00008000  000073fa  00000c06  RW X


SEGMENT ALLOCATION MAP

run origin  load origin   length   init length attrs members
----------  ----------- ---------- ----------- ----- -------
00000000    00000000    0000c6b0   0000c6b0    r-x
  00000000    00000000    0000026c   0000026c    r-- .intvecs
  0000026c    0000026c    0000bc74   0000bc74    r-x .text
  0000bee0    0000bee0    00000778   00000778    r-- .const
  0000c658    0000c658    00000058   00000058    r-- .cinit
20000000    20000000    000073fc   00000000    rw-
  20000000    20000000    0000026c   00000000    rw- .vtable
  2000026c    2000026c    000050c2   00000000    rw- .bss
  20005330    20005330    00001388   00000000    rw- .stack
  200066b8    200066b8    00000d44   00000000    rw- .data


SECTION ALLOCATION MAP

 output                                  attributes/
section   page    origin      length       input sections
--------  ----  ----------  ----------   ----------------
.intvecs   0    00000000    0000026c     
                  00000000    0000026c     tm4c123gh6pm_startup_ccs.obj (.intvecs)

.text      0    0000026c    0000bc74     
                  0000026c    00001b14     tcp_in.obj (.text)
                  00001d80    000012e4     tcp.obj (.text)
                  00003064    000010b8     tcp_out.obj (.text)
                  0000411c    00000f80     sysctl.obj (.text)
                  0000509c    00000c8c     etharp.obj (.text)
                  00005d28    00000bc4     enc28j60.obj (.text)
                  000068ec    00000b94     gpio.obj (.text)
                  00007480    00000a7c     pbuf.obj (.text)
                  00007efc    00000680     udp.obj (.text)
                  0000857c    0000062e     uart.obj (.text)
                  00008baa    00000002     rtsv7M4_T_le_v4SPD16_eabi.lib : div0.asm.obj (.text)
                  00008bac    00000564     mem.obj (.text)
                  00009110    000004b8     ip.obj (.text)
                  000095c8    0000049c     uartstdio.obj (.text)
                  00009a64    000003c4     inet_chksum.obj (.text)
                  00009e28    000003c4     ip_addr.obj (.text)
                  0000a1ec    000003c0     interrupt.obj (.text)
                  0000a5ac    00000344     netif.obj (.text)
                  0000a8f0    00000336     ssi.obj (.text)
                  0000ac26    00000002     stats.obj (.text)
                  0000ac28    000002bc     icmp.obj (.text)
                  0000aee4    00000280     interface.obj (.text)
                  0000b164    00000280     timers.obj (.text)
                  0000b3e4    0000026c     raw.obj (.text)
                  0000b650    00000210     memp.obj (.text)
                  0000b860    00000108     spi.obj (.text)
                  0000b968    0000009c     rtsv7M4_T_le_v4SPD16_eabi.lib : memcpy_t2.asm.obj (.text)
                  0000ba04    00000088     systick.obj (.text)
                  0000ba8c    00000088     systick.obj (.text)
                  0000bb14    0000007a     rtsv7M4_T_le_v4SPD16_eabi.lib : memset_t2.asm.obj (.text)
                  0000bb8e    00000002     --HOLE-- [fill = 0]
                  0000bb90    00000078     buttons.obj (.text)
                  0000bc08    0000006c     def.obj (.text)
                  0000bc74    00000068     rtsv7M4_T_le_v4SPD16_eabi.lib : copy_decompress_lzss.c.obj (.text:decompress:lzss:__TI_decompress_lzss)
                  0000bcdc    00000044                                   : autoinit.c.obj (.text:__TI_auto_init_nobinit_nopinit:__TI_auto_init_nobinit_nopinit)
                  0000bd20    00000040                                   : u_divt2.asm.obj (.text)
                  0000bd60    0000003e     cpu.obj (.text)
                  0000bd9e    00000002     --HOLE-- [fill = 0]
                  0000bda0    00000034     rtsv7M4_T_le_v4SPD16_eabi.lib : boot_cortex_m.c.obj (.text:_c_int00_noargs:_c_int00_noargs)
                  0000bdd4    00000030     main.obj (.text)
                  0000be04    00000028     led.obj (.text)
                  0000be2c    00000028     sys_arch.obj (.text)
                  0000be54    00000024     rtsv7M4_T_le_v4SPD16_eabi.lib : memcmp.c.obj (.text:memcmp)
                  0000be78    00000020     init.obj (.text)
                  0000be98    00000014     rtsv7M4_T_le_v4SPD16_eabi.lib : strlen.c.obj (.text:strlen)
                  0000beac    0000000e                                   : copy_decompress_none.c.obj (.text:decompress:none:__TI_decompress_none)
                  0000beba    0000000c                                   : copy_zero_init.c.obj (.text:decompress:ZI:__TI_zero_init)
                  0000bec6    0000000c     tm4c123gh6pm_startup_ccs.obj (.text)
                  0000bed2    00000006     sysctl.obj (.text:SysCtlDelay)
                  0000bed8    00000004     rtsv7M4_T_le_v4SPD16_eabi.lib : pre_init.c.obj (.text:_system_pre_init)
                  0000bedc    00000004                                   : exit.c.obj (.text:abort:abort)

.const     0    0000bee0    00000778     
                  0000bee0    000001b0     sysctl.obj (.const:g_pppui32XTALtoVCO)
                  0000c090    000000d8     gpio.obj (.const:g_ppui32GPIOIntMapSnowflake)
                  0000c168    000000c0     gpio.obj (.const:g_ppui32GPIOIntMapBlizzard)
                  0000c228    0000009c     interrupt.obj (.const:g_pui32Regs)
                  0000c2c4    00000090     gpio.obj (.const:g_pui32GPIOBaseAddrs)
                  0000c354    00000076     tcp.obj (.const:.string)
                  0000c3ca    00000002     --HOLE-- [fill = 0]
                  0000c3cc    0000006c     sysctl.obj (.const:g_pui32Xtals)
                  0000c438    00000040     uart.obj (.const:g_ppui32UARTIntMap)
                  0000c478    00000040     uart.obj (.const:g_ppui32UARTIntMapSnowflake)
                  0000c4b8    00000030     sysctl.obj (.const:g_sXTALtoMEMTIM)
                  0000c4e8    0000002c     tcp.obj (.const:tcp_state_str)
                  0000c514    00000020     ssi.obj (.const:g_ppui32SSIIntMap)
                  0000c534    00000020     ssi.obj (.const:g_ppui32SSIIntMapSnowflake)
                  0000c554    00000020     interrupt.obj (.const:g_pui32Priority)
                  0000c574    00000014     interrupt.obj (.const:g_pui32Dii16Regs)
                  0000c588    00000014     interrupt.obj (.const:g_pui32EnRegs)
                  0000c59c    00000014     interrupt.obj (.const:g_pui32PendRegs)
                  0000c5b0    00000014     interrupt.obj (.const:g_pui32UnpendRegs)
                  0000c5c4    00000012     uartstdio.obj (.const:.string)
                  0000c5d6    00000010     memp.obj (.const:memp_num)
                  0000c5e6    00000010     memp.obj (.const:memp_sizes)
                  0000c5f6    00000002     --HOLE-- [fill = 0]
                  0000c5f8    00000010     tcp.obj (.const:tcp_pcb_lists)
                  0000c608    0000000d     tcp.obj (.const:.string:tcp_backoff)
                  0000c615    00000003     --HOLE-- [fill = 0]
                  0000c618    0000000c     uartstdio.obj (.const:g_ui32UARTBase)
                  0000c624    0000000c     uartstdio.obj (.const:g_ui32UARTPeriph)
                  0000c630    00000008     sysctl.obj (.const:g_pui32VCOFrequencies)
                  0000c638    00000007     tcp.obj (.const:.string:tcp_persist_backoff)
                  0000c63f    00000006     config.obj (.const:.string:mac)
                  0000c645    00000006     etharp.obj (.const:ethbroadcast)
                  0000c64b    00000006     etharp.obj (.const:ethzero)
                  0000c651    00000003     --HOLE-- [fill = 0]
                  0000c654    00000004     uartstdio.obj (.const)

.cinit     0    0000c658    00000058     
                  0000c658    00000024     (.cinit..data.load) [load image, compression = lzss]
                  0000c67c    0000000c     (__TI_handler_table)
                  0000c688    00000008     (.cinit..bss.load) [load image, compression = zero_init]
                  0000c690    00000008     (.cinit..vtable.load) [load image, compression = zero_init]
                  0000c698    00000018     (__TI_cinit_table)

.init_array 
*          0    00000000    00000000     UNINITIALIZED

.vtable    0    20000000    0000026c     UNINITIALIZED
                  20000000    0000026c     interrupt.obj (.vtable)

.bss       0    2000026c    000050c2     UNINITIALIZED
                  2000026c    00002e0c     memp.obj (.bss:memp_memory)
                  20003078    00002014     (.common:ram_heap)
                  2000508c    000000ea     (.common:lwip_stats)
                  20005176    00000002     ip.obj (.bss)
                  20005178    000000c8     etharp.obj (.bss:arp_table)
                  20005240    00000030     (.common:g_sNetIF)
                  20005270    00000020     memp.obj (.bss:memp_tab)
                  20005290    0000001c     tcp_in.obj (.bss)
                  200052ac    00000010     tcp_in.obj (.bss:inseg)
                  200052bc    00000010     ip_addr.obj (.bss:str$1)
                  200052cc    0000000c     mem.obj (.bss)
                  200052d8    0000000c     timers.obj (.bss)
                  200052e4    00000004     enc28j60.obj (.bss)
                  200052e8    00000004     raw.obj (.bss)
                  200052ec    00000004     (.common:current_header)
                  200052f0    00000004     (.common:current_iphdr_dest)
                  200052f4    00000004     (.common:current_iphdr_src)
                  200052f8    00000004     (.common:current_netif)
                  200052fc    00000004     (.common:ip_addr)
                  20005300    00000004     (.common:netif_default)
                  20005304    00000004     (.common:netif_list)
                  20005308    00000004     (.common:tcp_active_pcbs)
                  2000530c    00000004     (.common:tcp_bound_pcbs)
                  20005310    00000004     (.common:tcp_input_pcb)
                  20005314    00000004     (.common:tcp_listen_pcbs)
                  20005318    00000004     (.common:tcp_ticks)
                  2000531c    00000004     (.common:tcp_tmp_pcb)
                  20005320    00000004     (.common:tcp_tw_pcbs)
                  20005324    00000004     (.common:udp_pcbs)
                  20005328    00000002     tcp.obj (.bss)
                  2000532a    00000001     etharp.obj (.bss)
                  2000532b    00000001     netif.obj (.bss)
                  2000532c    00000001     (.common:pbuf_free_ooseq_pending)
                  2000532d    00000001     (.common:tcp_active_pcbs_changed)

.data      0    200066b8    00000d44     UNINITIALIZED
                  200066b8    00000708     interface.obj (.data:Udp_buffer_RX)
                  20006dc0    000005ea     enc28j60.obj (.data:incomming_frame)
                  200073aa    00000002     udp.obj (.data)
                  200073ac    00000018     systick.obj (.data)
                  200073c4    00000014     interface.obj (.data)
                  200073d8    0000000c     enc28j60.obj (.data)
                  200073e4    00000008     tcp.obj (.data)
                  200073ec    00000005     uartstdio.obj (.data)
                  200073f1    00000001     buttons.obj (.data)
                  200073f2    00000002     --HOLE--
                  200073f4    00000004     main.obj (.data:gw_addr)
                  200073f8    00000004     main.obj (.data:net_mask)

.stack     0    20005330    00001388     UNINITIALIZED
                  20005330    00000004     rtsv7M4_T_le_v4SPD16_eabi.lib : boot_cortex_m.c.obj (.stack)
                  20005334    00001384     --HOLE--

MODULE SUMMARY

       Module                         code    ro data   rw data
       ------                         ----    -------   -------
    .\
       tm4c123gh6pm_startup_ccs.obj   12      620       0      
       main.obj                       48      0         12     
    +--+------------------------------+-------+---------+---------+
       Total:                         60      620       12     
                                                               
    .\driverlib\
       sysctl.obj                     3974    596       0      
       gpio.obj                       2964    552       0      
       interrupt.obj                  960     268       620    
       uart.obj                       1582    128       0      
       ssi.obj                        822     64        0      
       systick.obj                    136     0         0      
       cpu.obj                        62      0         0      
    +--+------------------------------+-------+---------+---------+
       Total:                         10500   1608      620    
                                                               
    .\interface\
       interface.obj                  640     0         1868   
    +--+------------------------------+-------+---------+---------+
       Total:                         640     0         1868   
                                                               
    .\ports\
       enc28j60.obj                   3012    0         1530   
       spi.obj                        264     0         0      
       systick.obj                    136     0         24     
       buttons.obj                    120     0         1      
       led.obj                        40      0         0      
       sys_arch.obj                   40      0         0      
       config.obj                     0       6         0      
    +--+------------------------------+-------+---------+---------+
       Total:                         3612    6         1555   
                                                               
    .\src\core\
       memp.obj                       528     32        11820  
       mem.obj                        1380    0         8224   
       tcp_in.obj                     6932    0         48     
       tcp.obj                        4836    198       35     
       tcp_out.obj                    4280    0         0      
       etharp.obj                     3212    12        201    
       pbuf.obj                       2684    0         1      
       udp.obj                        1664    0         6      
       netif.obj                      836     0         9      
       timers.obj                     640     0         12     
       raw.obj                        620     0         4      
       stats.obj                      2       0         234    
       def.obj                        108     0         0      
       init.obj                       32      0         0      
    +--+------------------------------+-------+---------+---------+
       Total:                         27754   242       20594  
                                                               
    .\src\core\ipv4\
       ip.obj                         1208    0         18     
       ip_addr.obj                    964     0         16     
       inet_chksum.obj                964     0         0      
       icmp.obj                       700     0         0      
    +--+------------------------------+-------+---------+---------+
       Total:                         3836    0         34     
                                                               
    .\utils\
       uartstdio.obj                  1180    46        5      
    +--+------------------------------+-------+---------+---------+
       Total:                         1180    46        5      
                                                               
    C:\ti\ccs900\ccs\tools\compiler\ti-cgt-arm_18.12.1.LTS\lib\rtsv7M4_T_le_v4SPD16_eabi.lib
       memcpy_t2.asm.obj              156     0         0      
       memset_t2.asm.obj              122     0         0      
       copy_decompress_lzss.c.obj     104     0         0      
       autoinit.c.obj                 68      0         0      
       u_divt2.asm.obj                64      0         0      
       boot_cortex_m.c.obj            52      0         0      
       memcmp.c.obj                   36      0         0      
       strlen.c.obj                   20      0         0      
       copy_decompress_none.c.obj     14      0         0      
       copy_zero_init.c.obj           12      0         0      
       exit.c.obj                     4       0         0      
       pre_init.c.obj                 4       0         0      
       div0.asm.obj                   2       0         0      
    +--+------------------------------+-------+---------+---------+
       Total:                         658     0         0      
                                                               
       Stack:                         0       0         5000   
       Linker Generated:              0       88        0      
    +--+------------------------------+-------+---------+---------+
       Grand Total:                   48240   2610      29688  


LINKER GENERATED COPY TABLES

__TI_cinit_table @ 0000c698 records: 3, size/record: 8, table size: 24
	.data: load addr=0000c658, load size=00000024 bytes, run addr=200066b8, run size=00000d44 bytes, compression=lzss
	.bss: load addr=0000c688, load size=00000008 bytes, run addr=2000026c, run size=000050c2 bytes, compression=zero_init
	.vtable: load addr=0000c690, load size=00000008 bytes, run addr=20000000, run size=0000026c bytes, compression=zero_init


LINKER GENERATED HANDLER TABLE

__TI_handler_table @ 0000c67c records: 3, size/record: 4, table size: 12
	index: 0, handler: __TI_zero_init
	index: 1, handler: __TI_decompress_lzss
	index: 2, handler: __TI_decompress_none


GLOBAL SYMBOLS: SORTED ALPHABETICALLY BY Name 

address   name                            
-------   ----                            
0000bb91  ButtonsInit                     
0000bedd  C$$EXIT                         
0000bd95  CPUbasepriGet                   
0000bd87  CPUbasepriSet                   
0000bd61  CPUcpsid                        
0000bd77  CPUcpsie                        
0000bd6d  CPUprimask                      
0000bd83  CPUwfi                          
0000afd5  ECU_int                         
0000687f  EthIf_ProvideTxBuffer           
00007459  GPIOADCTriggerDisable           
0000743b  GPIOADCTriggerEnable            
0000741d  GPIODMATriggerDisable           
000073ff  GPIODMATriggerEnable            
000069a7  GPIODirModeGet                  
0000694b  GPIODirModeSet                  
00006f0f  GPIOIntClear                    
00006ed3  GPIOIntDisable                  
00006eb9  GPIOIntEnable                   
00006f23  GPIOIntRegister                 
00006f5b  GPIOIntRegisterPin              
00006eed  GPIOIntStatus                   
00006a97  GPIOIntTypeGet                  
000069f3  GPIOIntTypeSet                  
00006f41  GPIOIntUnregister               
00006f89  GPIOIntUnregisterPin            
00006d67  GPIOPadConfigGet                
00006b2d  GPIOPadConfigSet                
000073a1  GPIOPinConfigure                
00006fad  GPIOPinRead                     
00006fe5  GPIOPinTypeADC                  
00007009  GPIOPinTypeCAN                  
0000702d  GPIOPinTypeComparator           
00007051  GPIOPinTypeComparatorOutput     
00007075  GPIOPinTypeDIVSCLK              
00007099  GPIOPinTypeEPI                  
000070bd  GPIOPinTypeEthernetLED          
000070e1  GPIOPinTypeEthernetMII          
00007105  GPIOPinTypeGPIOInput            
00007129  GPIOPinTypeGPIOOutput           
0000714d  GPIOPinTypeGPIOOutputOD         
00007171  GPIOPinTypeHibernateRTCCLK      
00007195  GPIOPinTypeI2C                  
000071b9  GPIOPinTypeI2CSCL               
000071dd  GPIOPinTypeLCD                  
00007201  GPIOPinTypeOneWire              
00007225  GPIOPinTypePWM                  
00007249  GPIOPinTypeQEI                  
0000726d  GPIOPinTypeSSI                  
00007291  GPIOPinTypeTimer                
000072b5  GPIOPinTypeTrace                
000072d9  GPIOPinTypeUART                 
000072fd  GPIOPinTypeUSBAnalog            
00007321  GPIOPinTypeUSBDigital           
00007345  GPIOPinTypeWakeHigh             
0000736b  GPIOPinTypeWakeLow              
00007391  GPIOPinWakeStatus               
00006fc5  GPIOPinWrite                    
0000b0d3  InitConsole                     
0000a3ad  IntDisable                      
0000a33b  IntEnable                       
0000a41f  IntIsEnabled                    
0000a1ff  IntMasterDisable                
0000a1ef  IntMasterEnable                 
0000a515  IntPendClear                    
0000a4a5  IntPendSet                      
0000a317  IntPriorityGet                  
0000a28f  IntPriorityGroupingGet          
0000a275  IntPriorityGroupingSet          
0000a56f  IntPriorityMaskGet              
0000a563  IntPriorityMaskSet              
0000a2c7  IntPrioritySet                  
0000a20f  IntRegister                     
0000a577  IntTrigger                      
0000a261  IntUnregister                   
0000b0ad  LWIP_stack_int                  
0000bec7  ResetISR                        
0000aba9  SSIAdvDataPutFrameEnd           
0000abcf  SSIAdvDataPutFrameEndNonBlocking
0000ac11  SSIAdvFrameHoldDisable          
0000abfb  SSIAdvFrameHoldEnable           
0000ab77  SSIAdvModeSet                   
0000ab35  SSIBusy                         
0000ab67  SSIClockSourceGet               
0000ab53  SSIClockSourceSet               
0000a94f  SSIConfigSetExpClk              
0000ab1d  SSIDMADisable                   
0000ab05  SSIDMAEnable                    
0000aac7  SSIDataGet                      
0000aae3  SSIDataGetNonBlocking           
0000aa8d  SSIDataPut                      
0000aaa7  SSIDataPutNonBlocking           
0000a9df  SSIDisable                      
0000a9c9  SSIEnable                       
0000aa7b  SSIIntClear                     
0000aa45  SSIIntDisable                   
0000aa2d  SSIIntEnable                    
0000a9f5  SSIIntRegister                  
0000aa5d  SSIIntStatus                    
0000aa13  SSIIntUnregister                
0000b06f  SimpleDelay_2                   
00005059  SysCtlAltClkConfig              
00004781  SysCtlClockFreqSet              
00004c49  SysCtlClockGet                  
0000503d  SysCtlClockOutConfig            
00004a79  SysCtlClockSet                  
00004685  SysCtlDeepSleep                 
00004e0d  SysCtlDeepSleepClockConfigSet   
00004def  SysCtlDeepSleepClockSet         
00004665  SysCtlDeepSleepPowerSet         
0000bed3  SysCtlDelay                     
00004213  SysCtlFlashSectorSizeGet        
000041e7  SysCtlFlashSizeGet              
00004ee3  SysCtlGPIOAHBDisable            
00004ec7  SysCtlGPIOAHBEnable             
000045f9  SysCtlIntClear                  
000045e1  SysCtlIntDisable                
000045cd  SysCtlIntEnable                 
000045a5  SysCtlIntRegister               
00004609  SysCtlIntStatus                 
000045bd  SysCtlIntUnregister             
0000464b  SysCtlLDODeepSleepGet           
0000463b  SysCtlLDODeepSleepSet           
00004635  SysCtlLDOSleepGet               
00004625  SysCtlLDOSleepSet               
000046bb  SysCtlMOSCConfigSet             
00005021  SysCtlNMIClear                  
0000500d  SysCtlNMIStatus                 
000046d1  SysCtlPIOSCCalibrate            
00004eb1  SysCtlPWMClockGet               
00004e97  SysCtlPWMClockSet               
00004551  SysCtlPeripheralClockGating     
00004509  SysCtlPeripheralDeepSleepDisable
000044b9  SysCtlPeripheralDeepSleepEnable 
000043f5  SysCtlPeripheralDisable         
000043b9  SysCtlPeripheralEnable          
000042f5  SysCtlPeripheralPowerOff        
000042b9  SysCtlPeripheralPowerOn         
00004239  SysCtlPeripheralPresent         
00004279  SysCtlPeripheralReady           
00004331  SysCtlPeripheralReset           
0000447d  SysCtlPeripheralSleepDisable    
00004439  SysCtlPeripheralSleepEnable     
00004675  SysCtlReset                     
00004731  SysCtlResetBehaviorGet          
00004721  SysCtlResetBehaviorSet          
000046a7  SysCtlResetCauseClear           
000046a1  SysCtlResetCauseGet             
000041dd  SysCtlSRAMSizeGet               
0000467d  SysCtlSleep                     
00004651  SysCtlSleepPowerSet             
00004f0b  SysCtlUSBPLLDisable             
00004eff  SysCtlUSBPLLEnable              
00004f51  SysCtlVCOGet                    
00004f39  SysCtlVoltageEventClear         
00004f1d  SysCtlVoltageEventConfig        
00004f2d  SysCtlVoltageEventStatus        
0000ba11  SysTickDisable                  
0000ba05  SysTickEnable                   
0000ba55  SysTickIntDisable               
0000ba49  SysTickIntEnable                
0000baa9  SysTickIntHandler               
0000ba1d  SysTickIntRegister              
0000ba35  SysTickIntUnregister            
0000ba73  SysTickPeriodGet                
0000ba61  SysTickPeriodSet                
0000ba7b  SysTickValueGet                 
200073b8  TCP_timer                       
200073b0  TCp_counter                     
000067cf  TcpIp_RxIndication              
00008b4d  UART9BitAddrSend                
00008b27  UART9BitAddrSet                 
00008b11  UART9BitDisable                 
00008afb  UART9BitEnable                  
0000899f  UARTBreakCtl                    
000089c9  UARTBusy                        
00008947  UARTCharGet                     
0000892b  UARTCharGetNonBlocking          
00008981  UARTCharPut                     
0000895d  UARTCharPutNonBlocking          
000088ef  UARTCharsAvail                  
00008aeb  UARTClockSourceGet              
00008ad7  UARTClockSourceSet              
000086bf  UARTConfigGetExpClk             
00008649  UARTConfigSetExpClk             
00008a9d  UARTDMADisable                  
00008a85  UARTDMAEnable                   
0000872f  UARTDisable                     
000087b3  UARTDisableSIR                  
0000870b  UARTEnable                      
00008785  UARTEnableSIR                   
0000876f  UARTFIFODisable                 
00008759  UARTFIFOEnable                  
00008621  UARTFIFOLevelGet                
00008609  UARTFIFOLevelSet                
000088af  UARTFlowControlGet              
00008893  UARTFlowControlSet              
00008a73  UARTIntClear                    
00008a3d  UARTIntDisable                  
00008a25  UARTIntEnable                   
000089e7  UARTIntRegister                 
00008a55  UARTIntStatus                   
00008a05  UARTIntUnregister               
00008b95  UARTLoopbackEnable              
00008849  UARTModemControlClear           
0000886d  UARTModemControlGet             
00008811  UARTModemControlSet             
0000887f  UARTModemStatusGet              
000085f7  UARTParityModeGet               
000085db  UARTParityModeSet               
00008ac7  UARTRxErrorClear                
00008ab5  UARTRxErrorGet                  
000087fb  UARTSmartCardDisable            
000087c9  UARTSmartCardEnable             
0000890d  UARTSpaceAvail                  
000095c9  UARTStdioConfig                 
000088dd  UARTTxIntModeGet                
000088c1  UARTTxIntModeSet                
0000970f  UARTgetc                        
00009655  UARTgets                        
00009a2f  UARTprintf                      
00009735  UARTvprintf                     
0000960f  UARTwrite                       
0000b079  UDP_recv                        
200073b4  UDp_counter                     
200066b8  Udp_buffer_RX                   
200066b8  __STACK_END                     
00001388  __STACK_SIZE                    
20005530  __STACK_TOP                     
0000c698  __TI_CINIT_Base                 
0000c6b0  __TI_CINIT_Limit                
0000c67c  __TI_Handler_Table_Base         
0000c688  __TI_Handler_Table_Limit        
0000bcdd  __TI_auto_init_nobinit_nopinit  
0000bc75  __TI_decompress_lzss            
0000bead  __TI_decompress_none            
ffffffff  __TI_pprof_out_hndl             
ffffffff  __TI_prof_data_size             
ffffffff  __TI_prof_data_start            
00000000  __TI_static_base__              
0000bebb  __TI_zero_init                  
00008bab  __aeabi_idiv0                   
00008bab  __aeabi_ldiv0                   
0000bb15  __aeabi_memclr                  
0000bb15  __aeabi_memclr4                 
0000bb15  __aeabi_memclr8                 
0000b969  __aeabi_memcpy                  
0000b969  __aeabi_memcpy4                 
0000b969  __aeabi_memcpy8                 
0000bb17  __aeabi_memset                  
0000bb17  __aeabi_memset4                 
0000bb17  __aeabi_memset8                 
0000bd21  __aeabi_uidiv                   
0000bd21  __aeabi_uidivmod                
ffffffff  __binit__                       
ffffffff  __c_args__                      
UNDEFED   __mpu_init                      
20005330  __stack                         
0000bda1  _c_int00_noargs                 
UNDEFED   _system_post_cinit              
0000bed9  _system_pre_init                
0000bedd  abort                           
ffffffff  binit                           
0000bbd7  buttons_handler                 
200073dc  count                           
200052ec  current_header                  
200052f0  current_iphdr_dest              
200052f4  current_iphdr_src               
200052f8  current_netif                   
000061d5  enc_get_mac_addr                
00006245  enc_init                        
000060bf  enc_phy_write                   
00005f6b  enc_read_reg                    
00005d29  enc_reset                       
000066bf  enc_send_packet                 
000054e5  etharp_cleanup_netif            
0000553f  etharp_find_addr                
000057bd  etharp_output                   
00005945  etharp_query                    
00005be9  etharp_request                  
000050dd  etharp_tmr                      
0000c645  ethbroadcast                    
00006599  ethernet_handler                
00005c21  ethernet_input                  
0000c64b  ethzero                         
200073e0  flagg                           
20000000  g_pfnRAMVectors                 
00000000  g_pfnVectors                    
20005240  g_sNetIF                        
200073c4  g_ui32LocalTimer                
200073c0  g_ui32_APP_Timer                
200073f1  g_ui8ButtonStates               
200073d8  global_flag                     
0000b8b5  gpio_comm_init                  
200073f4  gw_addr                         
0000ae0f  icmp_dest_unreach               
0000ac29  icmp_input                      
20006dc0  incomming_frame                 
00009d71  inet_chksum                     
00009d89  inet_chksum_pbuf                
00009b17  inet_chksum_pseudo              
00009c33  inet_chksum_pseudo_partial      
00006223  intrupt_enable                  
00009e29  ip4_addr_isbroadcast            
00009e95  ip4_addr_netmask_valid          
200052fc  ip_addr                         
00009189  ip_input                        
00009563  ip_output                       
000093f1  ip_output_if                    
00009111  ip_route                        
00009edf  ipaddr_addr                     
00009ef7  ipaddr_aton                     
0000a0fd  ipaddr_ntoa                     
0000a10d  ipaddr_ntoa_r                   
0000be1b  led_off                         
0000be05  led_on                          
200073ac  leds_timer                      
0000aee5  lwIPPrivateInit                 
0000af6f  lwIPServiceTimers               
0000afc1  lwIPTimer                       
0000bc3d  lwip_htonl                      
0000bc09  lwip_htons                      
0000be79  lwip_init                       
0000bc69  lwip_ntohl                      
0000bc2d  lwip_ntohs                      
2000508c  lwip_stats                      
0000c63f  mac                             
0000bdd5  main                            
200073bc  main_function                   
000090c3  mem_calloc                      
00008cb3  mem_free                        
00008c4d  mem_init                        
00008f15  mem_malloc                      
00008d29  mem_trim                        
0000be55  memcmp                          
0000b969  memcpy                          
0000b7f1  memp_free                       
0000b651  memp_init                       
0000b743  memp_malloc                     
0000bb1d  memset                          
200073f8  net_mask                        
0000a5af  netif_add                       
20005300  netif_default                   
0000a6bd  netif_find                      
0000a5ad  netif_init                      
20005304  netif_list                      
0000a647  netif_remove                    
0000a61d  netif_set_addr                  
0000a7ff  netif_set_default               
0000a859  netif_set_down                  
0000a7c7  netif_set_gw                    
0000a71f  netif_set_ipaddr                
0000a8c3  netif_set_link_down             
0000a887  netif_set_link_up               
0000a7e3  netif_set_netmask               
0000a819  netif_set_up                    
000074e1  pbuf_alloc                      
00007985  pbuf_cat                        
000079cb  pbuf_chain                      
00007935  pbuf_clen                       
00007cdf  pbuf_coalesce                   
00007a2b  pbuf_copy                       
00007b47  pbuf_copy_partial               
000079e1  pbuf_dechain                    
0000788d  pbuf_free                       
00007481  pbuf_free_ooseq                 
2000532c  pbuf_free_ooseq_pending         
00007d1f  pbuf_get_at                     
000077b1  pbuf_header                     
00007d7d  pbuf_memcmp                     
00007e35  pbuf_memfind                    
000076f9  pbuf_realloc                    
00007963  pbuf_ref                        
00007eb3  pbuf_strstr                     
00007c2f  pbuf_take                       
20003078  ram_heap                        
0000b48d  raw_bind                        
0000b4ab  raw_connect                     
0000b3e5  raw_input                       
0000b607  raw_new                         
0000b4c9  raw_recv                        
0000b5b5  raw_remove                      
0000b5a1  raw_send                        
0000b4e3  raw_sendto                      
00006371  recive_packet                   
00006475  recive_packet_error             
00006861  reciving_autosar                
0000b861  spi_init                        
0000b91f  spi_send                        
0000ac27  stats_init                      
0000be99  strlen                          
0000be33  sys_arch_protect                
0000be3b  sys_arch_unprotect              
0000b32d  sys_check_timeouts              
0000be2d  sys_now                         
0000b3b7  sys_restart_timeouts            
0000b1e1  sys_timeout                     
0000b1c9  sys_timeouts_init               
0000b2af  sys_untimeout                   
00002061  tcp_abandon                     
0000211d  tcp_abort                       
00002e91  tcp_accept                      
20005308  tcp_active_pcbs                 
2000532d  tcp_active_pcbs_changed         
00002d29  tcp_alloc                       
00002e45  tcp_arg                         
0000c608  tcp_backoff                     
00002131  tcp_bind                        
2000530c  tcp_bound_pcbs                  
00001fbf  tcp_close                       
00002471  tcp_connect                     
00003031  tcp_debug_state_str             
00002fed  tcp_eff_send_mss                
00003835  tcp_enqueue_flags               
00002e7d  tcp_err                         
00002a55  tcp_fasttmr                     
00001d81  tcp_init                        
0000026d  tcp_input                       
20005310  tcp_input_pcb                   
00003fbd  tcp_keepalive                   
20005314  tcp_listen_pcbs                 
00002217  tcp_listen_with_backlog         
00002e3b  tcp_new                         
00002fd7  tcp_next_iss                    
00003a2d  tcp_output                      
0000c5f8  tcp_pcb_lists                   
00002ec9  tcp_pcb_purge                   
00002f3d  tcp_pcb_remove                  
0000c638  tcp_persist_backoff             
00002ea3  tcp_poll                        
00002ad5  tcp_process_refused_data        
00002e57  tcp_recv                        
00002c19  tcp_recv_null                   
00002387  tcp_recved                      
00003ead  tcp_rexmit                      
00003f29  tcp_rexmit_fast                 
00003e5d  tcp_rexmit_rto                  
00003db3  tcp_rst                         
00002bef  tcp_seg_copy                    
00002bb5  tcp_seg_free                    
00002b95  tcp_segs_free                   
000039a9  tcp_send_empty_ack              
00003111  tcp_send_fin                    
00002e6b  tcp_sent                        
00002bd9  tcp_setprio                     
00001fe5  tcp_shutdown                    
0000261d  tcp_slowtmr                     
0000c4e8  tcp_state_str                   
20005318  tcp_ticks                       
0000b18d  tcp_timer_needed                
2000531c  tcp_tmp_pcb                     
00001d83  tcp_tmr                         
20005320  tcp_tw_pcbs                     
00002311  tcp_update_rcv_ann_wnd          
000033a5  tcp_write                       
0000402d  tcp_zero_window_probe           
0000ba8d  timer_start                     
0000668d  trasmit_process                 
0000837d  udp_bind                        
0000843d  udp_connect                     
000084c5  udp_disconnect                  
00007efd  udp_init                        
00007f69  udp_input                       
00008551  udp_new                         
20005324  udp_pcbs                        
000084e5  udp_recv                        
000084ff  udp_remove                      
000081bd  udp_send                        
000081d9  udp_sendto                      
0000822d  udp_sendto_if                   


GLOBAL SYMBOLS: SORTED BY Symbol Address 

address   name                            
-------   ----                            
00000000  __TI_static_base__              
00000000  g_pfnVectors                    
0000026d  tcp_input                       
00001388  __STACK_SIZE                    
00001d81  tcp_init                        
00001d83  tcp_tmr                         
00001fbf  tcp_close                       
00001fe5  tcp_shutdown                    
00002061  tcp_abandon                     
0000211d  tcp_abort                       
00002131  tcp_bind                        
00002217  tcp_listen_with_backlog         
00002311  tcp_update_rcv_ann_wnd          
00002387  tcp_recved                      
00002471  tcp_connect                     
0000261d  tcp_slowtmr                     
00002a55  tcp_fasttmr                     
00002ad5  tcp_process_refused_data        
00002b95  tcp_segs_free                   
00002bb5  tcp_seg_free                    
00002bd9  tcp_setprio                     
00002bef  tcp_seg_copy                    
00002c19  tcp_recv_null                   
00002d29  tcp_alloc                       
00002e3b  tcp_new                         
00002e45  tcp_arg                         
00002e57  tcp_recv                        
00002e6b  tcp_sent                        
00002e7d  tcp_err                         
00002e91  tcp_accept                      
00002ea3  tcp_poll                        
00002ec9  tcp_pcb_purge                   
00002f3d  tcp_pcb_remove                  
00002fd7  tcp_next_iss                    
00002fed  tcp_eff_send_mss                
00003031  tcp_debug_state_str             
00003111  tcp_send_fin                    
000033a5  tcp_write                       
00003835  tcp_enqueue_flags               
000039a9  tcp_send_empty_ack              
00003a2d  tcp_output                      
00003db3  tcp_rst                         
00003e5d  tcp_rexmit_rto                  
00003ead  tcp_rexmit                      
00003f29  tcp_rexmit_fast                 
00003fbd  tcp_keepalive                   
0000402d  tcp_zero_window_probe           
000041dd  SysCtlSRAMSizeGet               
000041e7  SysCtlFlashSizeGet              
00004213  SysCtlFlashSectorSizeGet        
00004239  SysCtlPeripheralPresent         
00004279  SysCtlPeripheralReady           
000042b9  SysCtlPeripheralPowerOn         
000042f5  SysCtlPeripheralPowerOff        
00004331  SysCtlPeripheralReset           
000043b9  SysCtlPeripheralEnable          
000043f5  SysCtlPeripheralDisable         
00004439  SysCtlPeripheralSleepEnable     
0000447d  SysCtlPeripheralSleepDisable    
000044b9  SysCtlPeripheralDeepSleepEnable 
00004509  SysCtlPeripheralDeepSleepDisable
00004551  SysCtlPeripheralClockGating     
000045a5  SysCtlIntRegister               
000045bd  SysCtlIntUnregister             
000045cd  SysCtlIntEnable                 
000045e1  SysCtlIntDisable                
000045f9  SysCtlIntClear                  
00004609  SysCtlIntStatus                 
00004625  SysCtlLDOSleepSet               
00004635  SysCtlLDOSleepGet               
0000463b  SysCtlLDODeepSleepSet           
0000464b  SysCtlLDODeepSleepGet           
00004651  SysCtlSleepPowerSet             
00004665  SysCtlDeepSleepPowerSet         
00004675  SysCtlReset                     
0000467d  SysCtlSleep                     
00004685  SysCtlDeepSleep                 
000046a1  SysCtlResetCauseGet             
000046a7  SysCtlResetCauseClear           
000046bb  SysCtlMOSCConfigSet             
000046d1  SysCtlPIOSCCalibrate            
00004721  SysCtlResetBehaviorSet          
00004731  SysCtlResetBehaviorGet          
00004781  SysCtlClockFreqSet              
00004a79  SysCtlClockSet                  
00004c49  SysCtlClockGet                  
00004def  SysCtlDeepSleepClockSet         
00004e0d  SysCtlDeepSleepClockConfigSet   
00004e97  SysCtlPWMClockSet               
00004eb1  SysCtlPWMClockGet               
00004ec7  SysCtlGPIOAHBEnable             
00004ee3  SysCtlGPIOAHBDisable            
00004eff  SysCtlUSBPLLEnable              
00004f0b  SysCtlUSBPLLDisable             
00004f1d  SysCtlVoltageEventConfig        
00004f2d  SysCtlVoltageEventStatus        
00004f39  SysCtlVoltageEventClear         
00004f51  SysCtlVCOGet                    
0000500d  SysCtlNMIStatus                 
00005021  SysCtlNMIClear                  
0000503d  SysCtlClockOutConfig            
00005059  SysCtlAltClkConfig              
000050dd  etharp_tmr                      
000054e5  etharp_cleanup_netif            
0000553f  etharp_find_addr                
000057bd  etharp_output                   
00005945  etharp_query                    
00005be9  etharp_request                  
00005c21  ethernet_input                  
00005d29  enc_reset                       
00005f6b  enc_read_reg                    
000060bf  enc_phy_write                   
000061d5  enc_get_mac_addr                
00006223  intrupt_enable                  
00006245  enc_init                        
00006371  recive_packet                   
00006475  recive_packet_error             
00006599  ethernet_handler                
0000668d  trasmit_process                 
000066bf  enc_send_packet                 
000067cf  TcpIp_RxIndication              
00006861  reciving_autosar                
0000687f  EthIf_ProvideTxBuffer           
0000694b  GPIODirModeSet                  
000069a7  GPIODirModeGet                  
000069f3  GPIOIntTypeSet                  
00006a97  GPIOIntTypeGet                  
00006b2d  GPIOPadConfigSet                
00006d67  GPIOPadConfigGet                
00006eb9  GPIOIntEnable                   
00006ed3  GPIOIntDisable                  
00006eed  GPIOIntStatus                   
00006f0f  GPIOIntClear                    
00006f23  GPIOIntRegister                 
00006f41  GPIOIntUnregister               
00006f5b  GPIOIntRegisterPin              
00006f89  GPIOIntUnregisterPin            
00006fad  GPIOPinRead                     
00006fc5  GPIOPinWrite                    
00006fe5  GPIOPinTypeADC                  
00007009  GPIOPinTypeCAN                  
0000702d  GPIOPinTypeComparator           
00007051  GPIOPinTypeComparatorOutput     
00007075  GPIOPinTypeDIVSCLK              
00007099  GPIOPinTypeEPI                  
000070bd  GPIOPinTypeEthernetLED          
000070e1  GPIOPinTypeEthernetMII          
00007105  GPIOPinTypeGPIOInput            
00007129  GPIOPinTypeGPIOOutput           
0000714d  GPIOPinTypeGPIOOutputOD         
00007171  GPIOPinTypeHibernateRTCCLK      
00007195  GPIOPinTypeI2C                  
000071b9  GPIOPinTypeI2CSCL               
000071dd  GPIOPinTypeLCD                  
00007201  GPIOPinTypeOneWire              
00007225  GPIOPinTypePWM                  
00007249  GPIOPinTypeQEI                  
0000726d  GPIOPinTypeSSI                  
00007291  GPIOPinTypeTimer                
000072b5  GPIOPinTypeTrace                
000072d9  GPIOPinTypeUART                 
000072fd  GPIOPinTypeUSBAnalog            
00007321  GPIOPinTypeUSBDigital           
00007345  GPIOPinTypeWakeHigh             
0000736b  GPIOPinTypeWakeLow              
00007391  GPIOPinWakeStatus               
000073a1  GPIOPinConfigure                
000073ff  GPIODMATriggerEnable            
0000741d  GPIODMATriggerDisable           
0000743b  GPIOADCTriggerEnable            
00007459  GPIOADCTriggerDisable           
00007481  pbuf_free_ooseq                 
000074e1  pbuf_alloc                      
000076f9  pbuf_realloc                    
000077b1  pbuf_header                     
0000788d  pbuf_free                       
00007935  pbuf_clen                       
00007963  pbuf_ref                        
00007985  pbuf_cat                        
000079cb  pbuf_chain                      
000079e1  pbuf_dechain                    
00007a2b  pbuf_copy                       
00007b47  pbuf_copy_partial               
00007c2f  pbuf_take                       
00007cdf  pbuf_coalesce                   
00007d1f  pbuf_get_at                     
00007d7d  pbuf_memcmp                     
00007e35  pbuf_memfind                    
00007eb3  pbuf_strstr                     
00007efd  udp_init                        
00007f69  udp_input                       
000081bd  udp_send                        
000081d9  udp_sendto                      
0000822d  udp_sendto_if                   
0000837d  udp_bind                        
0000843d  udp_connect                     
000084c5  udp_disconnect                  
000084e5  udp_recv                        
000084ff  udp_remove                      
00008551  udp_new                         
000085db  UARTParityModeSet               
000085f7  UARTParityModeGet               
00008609  UARTFIFOLevelSet                
00008621  UARTFIFOLevelGet                
00008649  UARTConfigSetExpClk             
000086bf  UARTConfigGetExpClk             
0000870b  UARTEnable                      
0000872f  UARTDisable                     
00008759  UARTFIFOEnable                  
0000876f  UARTFIFODisable                 
00008785  UARTEnableSIR                   
000087b3  UARTDisableSIR                  
000087c9  UARTSmartCardEnable             
000087fb  UARTSmartCardDisable            
00008811  UARTModemControlSet             
00008849  UARTModemControlClear           
0000886d  UARTModemControlGet             
0000887f  UARTModemStatusGet              
00008893  UARTFlowControlSet              
000088af  UARTFlowControlGet              
000088c1  UARTTxIntModeSet                
000088dd  UARTTxIntModeGet                
000088ef  UARTCharsAvail                  
0000890d  UARTSpaceAvail                  
0000892b  UARTCharGetNonBlocking          
00008947  UARTCharGet                     
0000895d  UARTCharPutNonBlocking          
00008981  UARTCharPut                     
0000899f  UARTBreakCtl                    
000089c9  UARTBusy                        
000089e7  UARTIntRegister                 
00008a05  UARTIntUnregister               
00008a25  UARTIntEnable                   
00008a3d  UARTIntDisable                  
00008a55  UARTIntStatus                   
00008a73  UARTIntClear                    
00008a85  UARTDMAEnable                   
00008a9d  UARTDMADisable                  
00008ab5  UARTRxErrorGet                  
00008ac7  UARTRxErrorClear                
00008ad7  UARTClockSourceSet              
00008aeb  UARTClockSourceGet              
00008afb  UART9BitEnable                  
00008b11  UART9BitDisable                 
00008b27  UART9BitAddrSet                 
00008b4d  UART9BitAddrSend                
00008b95  UARTLoopbackEnable              
00008bab  __aeabi_idiv0                   
00008bab  __aeabi_ldiv0                   
00008c4d  mem_init                        
00008cb3  mem_free                        
00008d29  mem_trim                        
00008f15  mem_malloc                      
000090c3  mem_calloc                      
00009111  ip_route                        
00009189  ip_input                        
000093f1  ip_output_if                    
00009563  ip_output                       
000095c9  UARTStdioConfig                 
0000960f  UARTwrite                       
00009655  UARTgets                        
0000970f  UARTgetc                        
00009735  UARTvprintf                     
00009a2f  UARTprintf                      
00009b17  inet_chksum_pseudo              
00009c33  inet_chksum_pseudo_partial      
00009d71  inet_chksum                     
00009d89  inet_chksum_pbuf                
00009e29  ip4_addr_isbroadcast            
00009e95  ip4_addr_netmask_valid          
00009edf  ipaddr_addr                     
00009ef7  ipaddr_aton                     
0000a0fd  ipaddr_ntoa                     
0000a10d  ipaddr_ntoa_r                   
0000a1ef  IntMasterEnable                 
0000a1ff  IntMasterDisable                
0000a20f  IntRegister                     
0000a261  IntUnregister                   
0000a275  IntPriorityGroupingSet          
0000a28f  IntPriorityGroupingGet          
0000a2c7  IntPrioritySet                  
0000a317  IntPriorityGet                  
0000a33b  IntEnable                       
0000a3ad  IntDisable                      
0000a41f  IntIsEnabled                    
0000a4a5  IntPendSet                      
0000a515  IntPendClear                    
0000a563  IntPriorityMaskSet              
0000a56f  IntPriorityMaskGet              
0000a577  IntTrigger                      
0000a5ad  netif_init                      
0000a5af  netif_add                       
0000a61d  netif_set_addr                  
0000a647  netif_remove                    
0000a6bd  netif_find                      
0000a71f  netif_set_ipaddr                
0000a7c7  netif_set_gw                    
0000a7e3  netif_set_netmask               
0000a7ff  netif_set_default               
0000a819  netif_set_up                    
0000a859  netif_set_down                  
0000a887  netif_set_link_up               
0000a8c3  netif_set_link_down             
0000a94f  SSIConfigSetExpClk              
0000a9c9  SSIEnable                       
0000a9df  SSIDisable                      
0000a9f5  SSIIntRegister                  
0000aa13  SSIIntUnregister                
0000aa2d  SSIIntEnable                    
0000aa45  SSIIntDisable                   
0000aa5d  SSIIntStatus                    
0000aa7b  SSIIntClear                     
0000aa8d  SSIDataPut                      
0000aaa7  SSIDataPutNonBlocking           
0000aac7  SSIDataGet                      
0000aae3  SSIDataGetNonBlocking           
0000ab05  SSIDMAEnable                    
0000ab1d  SSIDMADisable                   
0000ab35  SSIBusy                         
0000ab53  SSIClockSourceSet               
0000ab67  SSIClockSourceGet               
0000ab77  SSIAdvModeSet                   
0000aba9  SSIAdvDataPutFrameEnd           
0000abcf  SSIAdvDataPutFrameEndNonBlocking
0000abfb  SSIAdvFrameHoldEnable           
0000ac11  SSIAdvFrameHoldDisable          
0000ac27  stats_init                      
0000ac29  icmp_input                      
0000ae0f  icmp_dest_unreach               
0000aee5  lwIPPrivateInit                 
0000af6f  lwIPServiceTimers               
0000afc1  lwIPTimer                       
0000afd5  ECU_int                         
0000b06f  SimpleDelay_2                   
0000b079  UDP_recv                        
0000b0ad  LWIP_stack_int                  
0000b0d3  InitConsole                     
0000b18d  tcp_timer_needed                
0000b1c9  sys_timeouts_init               
0000b1e1  sys_timeout                     
0000b2af  sys_untimeout                   
0000b32d  sys_check_timeouts              
0000b3b7  sys_restart_timeouts            
0000b3e5  raw_input                       
0000b48d  raw_bind                        
0000b4ab  raw_connect                     
0000b4c9  raw_recv                        
0000b4e3  raw_sendto                      
0000b5a1  raw_send                        
0000b5b5  raw_remove                      
0000b607  raw_new                         
0000b651  memp_init                       
0000b743  memp_malloc                     
0000b7f1  memp_free                       
0000b861  spi_init                        
0000b8b5  gpio_comm_init                  
0000b91f  spi_send                        
0000b969  __aeabi_memcpy                  
0000b969  __aeabi_memcpy4                 
0000b969  __aeabi_memcpy8                 
0000b969  memcpy                          
0000ba05  SysTickEnable                   
0000ba11  SysTickDisable                  
0000ba1d  SysTickIntRegister              
0000ba35  SysTickIntUnregister            
0000ba49  SysTickIntEnable                
0000ba55  SysTickIntDisable               
0000ba61  SysTickPeriodSet                
0000ba73  SysTickPeriodGet                
0000ba7b  SysTickValueGet                 
0000ba8d  timer_start                     
0000baa9  SysTickIntHandler               
0000bb15  __aeabi_memclr                  
0000bb15  __aeabi_memclr4                 
0000bb15  __aeabi_memclr8                 
0000bb17  __aeabi_memset                  
0000bb17  __aeabi_memset4                 
0000bb17  __aeabi_memset8                 
0000bb1d  memset                          
0000bb91  ButtonsInit                     
0000bbd7  buttons_handler                 
0000bc09  lwip_htons                      
0000bc2d  lwip_ntohs                      
0000bc3d  lwip_htonl                      
0000bc69  lwip_ntohl                      
0000bc75  __TI_decompress_lzss            
0000bcdd  __TI_auto_init_nobinit_nopinit  
0000bd21  __aeabi_uidiv                   
0000bd21  __aeabi_uidivmod                
0000bd61  CPUcpsid                        
0000bd6d  CPUprimask                      
0000bd77  CPUcpsie                        
0000bd83  CPUwfi                          
0000bd87  CPUbasepriSet                   
0000bd95  CPUbasepriGet                   
0000bda1  _c_int00_noargs                 
0000bdd5  main                            
0000be05  led_on                          
0000be1b  led_off                         
0000be2d  sys_now                         
0000be33  sys_arch_protect                
0000be3b  sys_arch_unprotect              
0000be55  memcmp                          
0000be79  lwip_init                       
0000be99  strlen                          
0000bead  __TI_decompress_none            
0000bebb  __TI_zero_init                  
0000bec7  ResetISR                        
0000bed3  SysCtlDelay                     
0000bed9  _system_pre_init                
0000bedd  C$$EXIT                         
0000bedd  abort                           
0000c4e8  tcp_state_str                   
0000c5f8  tcp_pcb_lists                   
0000c608  tcp_backoff                     
0000c638  tcp_persist_backoff             
0000c63f  mac                             
0000c645  ethbroadcast                    
0000c64b  ethzero                         
0000c67c  __TI_Handler_Table_Base         
0000c688  __TI_Handler_Table_Limit        
0000c698  __TI_CINIT_Base                 
0000c6b0  __TI_CINIT_Limit                
20000000  g_pfnRAMVectors                 
20003078  ram_heap                        
2000508c  lwip_stats                      
20005240  g_sNetIF                        
200052ec  current_header                  
200052f0  current_iphdr_dest              
200052f4  current_iphdr_src               
200052f8  current_netif                   
200052fc  ip_addr                         
20005300  netif_default                   
20005304  netif_list                      
20005308  tcp_active_pcbs                 
2000530c  tcp_bound_pcbs                  
20005310  tcp_input_pcb                   
20005314  tcp_listen_pcbs                 
20005318  tcp_ticks                       
2000531c  tcp_tmp_pcb                     
20005320  tcp_tw_pcbs                     
20005324  udp_pcbs                        
2000532c  pbuf_free_ooseq_pending         
2000532d  tcp_active_pcbs_changed         
20005330  __stack                         
20005530  __STACK_TOP                     
200066b8  Udp_buffer_RX                   
200066b8  __STACK_END                     
20006dc0  incomming_frame                 
200073ac  leds_timer                      
200073b0  TCp_counter                     
200073b4  UDp_counter                     
200073b8  TCP_timer                       
200073bc  main_function                   
200073c0  g_ui32_APP_Timer                
200073c4  g_ui32LocalTimer                
200073d8  global_flag                     
200073dc  count                           
200073e0  flagg                           
200073f1  g_ui8ButtonStates               
200073f4  gw_addr                         
200073f8  net_mask                        
ffffffff  __TI_pprof_out_hndl             
ffffffff  __TI_prof_data_size             
ffffffff  __TI_prof_data_start            
ffffffff  __binit__                       
ffffffff  __c_args__                      
ffffffff  binit                           
UNDEFED   __mpu_init                      
UNDEFED   _system_post_cinit              

[470 symbols]
