******************************************************************************
                  TI ARM Linker PC v18.12.1                    
******************************************************************************
>> Linked Tue Apr 27 12:50:17 2021

OUTPUT FILE NAME:   <project.out>
ENTRY POINT SYMBOL: "_c_int00_noargs"  address: 000002b1


MEMORY CONFIGURATION

         name            origin    length      used     unused   attr    fill
----------------------  --------  ---------  --------  --------  ----  --------
  FLASH                 00000000   00040000  00000332  0003fcce  R  X
  SRAM                  20000000   00008000  0000138c  00006c74  RW X


SEGMENT ALLOCATION MAP

run origin  load origin   length   init length attrs members
----------  ----------- ---------- ----------- ----- -------
00000000    00000000    00000334   00000334    r-x
  00000000    00000000    0000026c   0000026c    r-- .intvecs
  0000026c    0000026c    000000b2   000000b2    r-x .text
  00000320    00000320    00000014   00000014    r-- .cinit
20000000    20000000    0000138c   00000000    rw-
  20000000    20000000    00001388   00000000    rw- .stack
  20001388    20001388    00000004   00000000    rw- .bss


SECTION ALLOCATION MAP

 output                                  attributes/
section   page    origin      length       input sections
--------  ----  ----------  ----------   ----------------
.intvecs   0    00000000    0000026c     
                  00000000    0000026c     tm4c123gh6pm_startup_ccs.obj (.intvecs)

.text      0    0000026c    000000b2     
                  0000026c    00000044     rtsv7M4_T_le_v4SPD16_eabi.lib : autoinit.c.obj (.text:__TI_auto_init_nobinit_nopinit:__TI_auto_init_nobinit_nopinit)
                  000002b0    00000034                                   : boot_cortex_m.c.obj (.text:_c_int00_noargs:_c_int00_noargs)
                  000002e4    00000014     main.obj (.text)
                  000002f8    00000012     rtsv7M4_T_le_v4SPD16_eabi.lib : copy_zero_init.c.obj (.text:decompress:ZI:__TI_zero_init_nomemset:__TI_zero_init_nomemset)
                  0000030a    0000000c     tm4c123gh6pm_startup_ccs.obj (.text)
                  00000316    00000004     rtsv7M4_T_le_v4SPD16_eabi.lib : pre_init.c.obj (.text:_system_pre_init)
                  0000031a    00000004                                   : exit.c.obj (.text:abort:abort)

.cinit     0    00000320    00000014     
                  00000320    00000008     (.cinit..bss.load) [load image, compression = zero_init]
                  00000328    00000004     (__TI_handler_table)
                  0000032c    00000008     (__TI_cinit_table)

.init_array 
*          0    00000000    00000000     UNINITIALIZED

.bss       0    20001388    00000004     UNINITIALIZED
                  20001388    00000004     (.common:ip_addr)

.stack     0    20000000    00001388     UNINITIALIZED
                  20000000    00000004     rtsv7M4_T_le_v4SPD16_eabi.lib : boot_cortex_m.c.obj (.stack)
                  20000004    00001384     --HOLE--

MODULE SUMMARY

       Module                         code   ro data   rw data
       ------                         ----   -------   -------
    .\
       tm4c123gh6pm_startup_ccs.obj   12     620       0      
       main.obj                       20     0         4      
    +--+------------------------------+------+---------+---------+
       Total:                         32     620       4      
                                                              
    C:\ti\ccs900\ccs\tools\compiler\ti-cgt-arm_18.12.1.LTS\lib\rtsv7M4_T_le_v4SPD16_eabi.lib
       autoinit.c.obj                 68     0         0      
       boot_cortex_m.c.obj            52     0         0      
       copy_zero_init.c.obj           18     0         0      
       exit.c.obj                     4      0         0      
       pre_init.c.obj                 4      0         0      
    +--+------------------------------+------+---------+---------+
       Total:                         146    0         0      
                                                              
       Stack:                         0      0         5000   
       Linker Generated:              0      20        0      
    +--+------------------------------+------+---------+---------+
       Grand Total:                   178    640       5004   


LINKER GENERATED COPY TABLES

__TI_cinit_table @ 0000032c records: 1, size/record: 8, table size: 8
	.bss: load addr=00000320, load size=00000008 bytes, run addr=20001388, run size=00000004 bytes, compression=zero_init


LINKER GENERATED HANDLER TABLE

__TI_handler_table @ 00000328 records: 1, size/record: 4, table size: 4
	index: 0, handler: __TI_zero_init


GLOBAL SYMBOLS: SORTED ALPHABETICALLY BY Name 

address   name                          
-------   ----                          
0000031b  C$$EXIT                       
0000030b  ResetISR                      
20001388  __STACK_END                   
00001388  __STACK_SIZE                  
20000200  __STACK_TOP                   
0000032c  __TI_CINIT_Base               
00000334  __TI_CINIT_Limit              
00000328  __TI_Handler_Table_Base       
0000032c  __TI_Handler_Table_Limit      
0000026d  __TI_auto_init_nobinit_nopinit
ffffffff  __TI_pprof_out_hndl           
ffffffff  __TI_prof_data_size           
ffffffff  __TI_prof_data_start          
00000000  __TI_static_base__            
000002f9  __TI_zero_init_nomemset       
ffffffff  __binit__                     
ffffffff  __c_args__                    
UNDEFED   __mpu_init                    
20000000  __stack                       
000002b1  _c_int00_noargs               
UNDEFED   _system_post_cinit            
00000317  _system_pre_init              
0000031b  abort                         
ffffffff  binit                         
00000000  g_pfnVectors                  
20001388  ip_addr                       
000002e5  main                          


GLOBAL SYMBOLS: SORTED BY Symbol Address 

address   name                          
-------   ----                          
00000000  __TI_static_base__            
00000000  g_pfnVectors                  
0000026d  __TI_auto_init_nobinit_nopinit
000002b1  _c_int00_noargs               
000002e5  main                          
000002f9  __TI_zero_init_nomemset       
0000030b  ResetISR                      
00000317  _system_pre_init              
0000031b  C$$EXIT                       
0000031b  abort                         
00000328  __TI_Handler_Table_Base       
0000032c  __TI_CINIT_Base               
0000032c  __TI_Handler_Table_Limit      
00000334  __TI_CINIT_Limit              
00001388  __STACK_SIZE                  
20000000  __stack                       
20000200  __STACK_TOP                   
20001388  __STACK_END                   
20001388  ip_addr                       
ffffffff  __TI_pprof_out_hndl           
ffffffff  __TI_prof_data_size           
ffffffff  __TI_prof_data_start          
ffffffff  __binit__                     
ffffffff  __c_args__                    
ffffffff  binit                         
UNDEFED   __mpu_init                    
UNDEFED   _system_post_cinit            

[27 symbols]
