<?xml version="1.0" encoding="ISO-8859-1" ?>
<link_info>
   <banner>TI ARM Linker PC v18.12.1.LTS</banner>
   <copyright>Copyright (c) 1996-2018 Texas Instruments Incorporated</copyright>
   <link_time>0x60897ca8</link_time>
   <link_errors>0x0</link_errors>
   <output_file>project.out</output_file>
   <entry_point>
      <name>_c_int00_noargs</name>
      <address>0xdc25</address>
   </entry_point>
   <input_file_list>
      <input_file id="fl-2">
         <path>.\</path>
         <kind>object</kind>
         <file>chatter.obj</file>
         <name>chatter.obj</name>
      </input_file>
      <input_file id="fl-3">
         <path>.\</path>
         <kind>object</kind>
         <file>main.obj</file>
         <name>main.obj</name>
      </input_file>
      <input_file id="fl-4">
         <path>.\</path>
         <kind>object</kind>
         <file>print.obj</file>
         <name>print.obj</name>
      </input_file>
      <input_file id="fl-5">
         <path>.\</path>
         <kind>object</kind>
         <file>roscore.obj</file>
         <name>roscore.obj</name>
      </input_file>
      <input_file id="fl-6">
         <path>.\</path>
         <kind>object</kind>
         <file>tm4c123gh6pm_startup_ccs.obj</file>
         <name>tm4c123gh6pm_startup_ccs.obj</name>
      </input_file>
      <input_file id="fl-7">
         <path>.\driverlib\</path>
         <kind>object</kind>
         <file>adc.obj</file>
         <name>adc.obj</name>
      </input_file>
      <input_file id="fl-8">
         <path>.\driverlib\</path>
         <kind>object</kind>
         <file>aes.obj</file>
         <name>aes.obj</name>
      </input_file>
      <input_file id="fl-9">
         <path>.\driverlib\</path>
         <kind>object</kind>
         <file>can.obj</file>
         <name>can.obj</name>
      </input_file>
      <input_file id="fl-a">
         <path>.\driverlib\</path>
         <kind>object</kind>
         <file>comp.obj</file>
         <name>comp.obj</name>
      </input_file>
      <input_file id="fl-b">
         <path>.\driverlib\</path>
         <kind>object</kind>
         <file>cpu.obj</file>
         <name>cpu.obj</name>
      </input_file>
      <input_file id="fl-c">
         <path>.\driverlib\</path>
         <kind>object</kind>
         <file>crc.obj</file>
         <name>crc.obj</name>
      </input_file>
      <input_file id="fl-d">
         <path>.\driverlib\</path>
         <kind>object</kind>
         <file>des.obj</file>
         <name>des.obj</name>
      </input_file>
      <input_file id="fl-e">
         <path>.\driverlib\</path>
         <kind>object</kind>
         <file>eeprom.obj</file>
         <name>eeprom.obj</name>
      </input_file>
      <input_file id="fl-f">
         <path>.\driverlib\</path>
         <kind>object</kind>
         <file>emac.obj</file>
         <name>emac.obj</name>
      </input_file>
      <input_file id="fl-10">
         <path>.\driverlib\</path>
         <kind>object</kind>
         <file>epi.obj</file>
         <name>epi.obj</name>
      </input_file>
      <input_file id="fl-11">
         <path>.\driverlib\</path>
         <kind>object</kind>
         <file>epi_workaround_ccs.obj</file>
         <name>epi_workaround_ccs.obj</name>
      </input_file>
      <input_file id="fl-12">
         <path>.\driverlib\</path>
         <kind>object</kind>
         <file>flash.obj</file>
         <name>flash.obj</name>
      </input_file>
      <input_file id="fl-13">
         <path>.\driverlib\</path>
         <kind>object</kind>
         <file>fpu.obj</file>
         <name>fpu.obj</name>
      </input_file>
      <input_file id="fl-14">
         <path>.\driverlib\</path>
         <kind>object</kind>
         <file>gpio.obj</file>
         <name>gpio.obj</name>
      </input_file>
      <input_file id="fl-15">
         <path>.\driverlib\</path>
         <kind>object</kind>
         <file>hibernate.obj</file>
         <name>hibernate.obj</name>
      </input_file>
      <input_file id="fl-16">
         <path>.\driverlib\</path>
         <kind>object</kind>
         <file>i2c.obj</file>
         <name>i2c.obj</name>
      </input_file>
      <input_file id="fl-17">
         <path>.\driverlib\</path>
         <kind>object</kind>
         <file>interrupt.obj</file>
         <name>interrupt.obj</name>
      </input_file>
      <input_file id="fl-18">
         <path>.\driverlib\</path>
         <kind>object</kind>
         <file>lcd.obj</file>
         <name>lcd.obj</name>
      </input_file>
      <input_file id="fl-19">
         <path>.\driverlib\</path>
         <kind>object</kind>
         <file>mpu.obj</file>
         <name>mpu.obj</name>
      </input_file>
      <input_file id="fl-1a">
         <path>.\driverlib\</path>
         <kind>object</kind>
         <file>onewire.obj</file>
         <name>onewire.obj</name>
      </input_file>
      <input_file id="fl-1b">
         <path>.\driverlib\</path>
         <kind>object</kind>
         <file>pwm.obj</file>
         <name>pwm.obj</name>
      </input_file>
      <input_file id="fl-1c">
         <path>.\driverlib\</path>
         <kind>object</kind>
         <file>qei.obj</file>
         <name>qei.obj</name>
      </input_file>
      <input_file id="fl-1d">
         <path>.\driverlib\</path>
         <kind>object</kind>
         <file>shamd5.obj</file>
         <name>shamd5.obj</name>
      </input_file>
      <input_file id="fl-1e">
         <path>.\driverlib\</path>
         <kind>object</kind>
         <file>ssi.obj</file>
         <name>ssi.obj</name>
      </input_file>
      <input_file id="fl-1f">
         <path>.\driverlib\</path>
         <kind>object</kind>
         <file>sw_crc.obj</file>
         <name>sw_crc.obj</name>
      </input_file>
      <input_file id="fl-20">
         <path>.\driverlib\</path>
         <kind>object</kind>
         <file>sysctl.obj</file>
         <name>sysctl.obj</name>
      </input_file>
      <input_file id="fl-21">
         <path>.\driverlib\</path>
         <kind>object</kind>
         <file>sysexc.obj</file>
         <name>sysexc.obj</name>
      </input_file>
      <input_file id="fl-22">
         <path>.\driverlib\</path>
         <kind>object</kind>
         <file>systick.obj</file>
         <name>systick.obj</name>
      </input_file>
      <input_file id="fl-23">
         <path>.\driverlib\</path>
         <kind>object</kind>
         <file>timer.obj</file>
         <name>timer.obj</name>
      </input_file>
      <input_file id="fl-24">
         <path>.\driverlib\</path>
         <kind>object</kind>
         <file>uart.obj</file>
         <name>uart.obj</name>
      </input_file>
      <input_file id="fl-25">
         <path>.\driverlib\</path>
         <kind>object</kind>
         <file>udma.obj</file>
         <name>udma.obj</name>
      </input_file>
      <input_file id="fl-26">
         <path>.\driverlib\</path>
         <kind>object</kind>
         <file>usb.obj</file>
         <name>usb.obj</name>
      </input_file>
      <input_file id="fl-27">
         <path>.\driverlib\</path>
         <kind>object</kind>
         <file>watchdog.obj</file>
         <name>watchdog.obj</name>
      </input_file>
      <input_file id="fl-28">
         <path>.\interface\</path>
         <kind>object</kind>
         <file>interface.obj</file>
         <name>interface.obj</name>
      </input_file>
      <input_file id="fl-29">
         <path>.\ports\</path>
         <kind>object</kind>
         <file>buttons.obj</file>
         <name>buttons.obj</name>
      </input_file>
      <input_file id="fl-2a">
         <path>.\ports\</path>
         <kind>object</kind>
         <file>config.obj</file>
         <name>config.obj</name>
      </input_file>
      <input_file id="fl-2b">
         <path>.\ports\</path>
         <kind>object</kind>
         <file>enc28j60.obj</file>
         <name>enc28j60.obj</name>
      </input_file>
      <input_file id="fl-2c">
         <path>.\ports\</path>
         <kind>object</kind>
         <file>led.obj</file>
         <name>led.obj</name>
      </input_file>
      <input_file id="fl-2d">
         <path>.\ports\</path>
         <kind>object</kind>
         <file>perf.obj</file>
         <name>perf.obj</name>
      </input_file>
      <input_file id="fl-2e">
         <path>.\ports\</path>
         <kind>object</kind>
         <file>spi.obj</file>
         <name>spi.obj</name>
      </input_file>
      <input_file id="fl-2f">
         <path>.\ports\</path>
         <kind>object</kind>
         <file>sys_arch.obj</file>
         <name>sys_arch.obj</name>
      </input_file>
      <input_file id="fl-30">
         <path>.\ports\</path>
         <kind>object</kind>
         <file>systick.obj</file>
         <name>systick.obj</name>
      </input_file>
      <input_file id="fl-31">
         <path>.\ros_ethernet\</path>
         <kind>object</kind>
         <file>Ethernet.obj</file>
         <name>Ethernet.obj</name>
      </input_file>
      <input_file id="fl-32">
         <path>.\ros_ethernet\</path>
         <kind>object</kind>
         <file>EthernetClient.obj</file>
         <name>EthernetClient.obj</name>
      </input_file>
      <input_file id="fl-33">
         <path>.\ros_ethernet\</path>
         <kind>object</kind>
         <file>IPAddress.obj</file>
         <name>IPAddress.obj</name>
      </input_file>
      <input_file id="fl-34">
         <path>.\ros_ethernet\</path>
         <kind>object</kind>
         <file>adaptor.obj</file>
         <name>adaptor.obj</name>
      </input_file>
      <input_file id="fl-35">
         <path>.\ros_lib\ros\</path>
         <kind>object</kind>
         <file>duration.obj</file>
         <name>duration.obj</name>
      </input_file>
      <input_file id="fl-36">
         <path>.\ros_lib\ros\</path>
         <kind>object</kind>
         <file>time.obj</file>
         <name>time.obj</name>
      </input_file>
      <input_file id="fl-37">
         <path>.\rosserial\rosserial_tivac\src\ros_lib\</path>
         <kind>object</kind>
         <file>HardwareSerial.obj</file>
         <name>HardwareSerial.obj</name>
      </input_file>
      <input_file id="fl-38">
         <path>.\rosserial\rosserial_tivac\src\ros_lib\</path>
         <kind>object</kind>
         <file>Tivac_port.obj</file>
         <name>Tivac_port.obj</name>
      </input_file>
      <input_file id="fl-39">
         <path>.\rosserial\rosserial_tivac\src\ros_lib\</path>
         <kind>object</kind>
         <file>tivac_hardware.obj</file>
         <name>tivac_hardware.obj</name>
      </input_file>
      <input_file id="fl-3a">
         <path>.\rosserial\rosserial_tivac\src\ros_lib\</path>
         <kind>object</kind>
         <file>usb_serial_structs.obj</file>
         <name>usb_serial_structs.obj</name>
      </input_file>
      <input_file id="fl-3b">
         <path>.\rosserial\rosserial_tivac\src\ros_lib\</path>
         <kind>object</kind>
         <file>wiring.obj</file>
         <name>wiring.obj</name>
      </input_file>
      <input_file id="fl-3c">
         <path>.\src\api\</path>
         <kind>object</kind>
         <file>sockets.obj</file>
         <name>sockets.obj</name>
      </input_file>
      <input_file id="fl-3d">
         <path>.\src\core\</path>
         <kind>object</kind>
         <file>def.obj</file>
         <name>def.obj</name>
      </input_file>
      <input_file id="fl-3e">
         <path>.\src\core\</path>
         <kind>object</kind>
         <file>dhcp.obj</file>
         <name>dhcp.obj</name>
      </input_file>
      <input_file id="fl-3f">
         <path>.\src\core\</path>
         <kind>object</kind>
         <file>dns.obj</file>
         <name>dns.obj</name>
      </input_file>
      <input_file id="fl-40">
         <path>.\src\core\</path>
         <kind>object</kind>
         <file>etharp.obj</file>
         <name>etharp.obj</name>
      </input_file>
      <input_file id="fl-41">
         <path>.\src\core\</path>
         <kind>object</kind>
         <file>ethernetif.obj</file>
         <name>ethernetif.obj</name>
      </input_file>
      <input_file id="fl-42">
         <path>.\src\core\</path>
         <kind>object</kind>
         <file>init.obj</file>
         <name>init.obj</name>
      </input_file>
      <input_file id="fl-43">
         <path>.\src\core\</path>
         <kind>object</kind>
         <file>mem.obj</file>
         <name>mem.obj</name>
      </input_file>
      <input_file id="fl-44">
         <path>.\src\core\</path>
         <kind>object</kind>
         <file>memp.obj</file>
         <name>memp.obj</name>
      </input_file>
      <input_file id="fl-45">
         <path>.\src\core\</path>
         <kind>object</kind>
         <file>netif.obj</file>
         <name>netif.obj</name>
      </input_file>
      <input_file id="fl-46">
         <path>.\src\core\</path>
         <kind>object</kind>
         <file>pbuf.obj</file>
         <name>pbuf.obj</name>
      </input_file>
      <input_file id="fl-47">
         <path>.\src\core\</path>
         <kind>object</kind>
         <file>raw.obj</file>
         <name>raw.obj</name>
      </input_file>
      <input_file id="fl-48">
         <path>.\src\core\</path>
         <kind>object</kind>
         <file>stats.obj</file>
         <name>stats.obj</name>
      </input_file>
      <input_file id="fl-49">
         <path>.\src\core\</path>
         <kind>object</kind>
         <file>sys.obj</file>
         <name>sys.obj</name>
      </input_file>
      <input_file id="fl-4a">
         <path>.\src\core\</path>
         <kind>object</kind>
         <file>tcp.obj</file>
         <name>tcp.obj</name>
      </input_file>
      <input_file id="fl-4b">
         <path>.\src\core\</path>
         <kind>object</kind>
         <file>tcp_in.obj</file>
         <name>tcp_in.obj</name>
      </input_file>
      <input_file id="fl-4c">
         <path>.\src\core\</path>
         <kind>object</kind>
         <file>tcp_out.obj</file>
         <name>tcp_out.obj</name>
      </input_file>
      <input_file id="fl-4d">
         <path>.\src\core\</path>
         <kind>object</kind>
         <file>timers.obj</file>
         <name>timers.obj</name>
      </input_file>
      <input_file id="fl-4e">
         <path>.\src\core\</path>
         <kind>object</kind>
         <file>udp.obj</file>
         <name>udp.obj</name>
      </input_file>
      <input_file id="fl-4f">
         <path>.\src\core\ipv4\</path>
         <kind>object</kind>
         <file>autoip.obj</file>
         <name>autoip.obj</name>
      </input_file>
      <input_file id="fl-50">
         <path>.\src\core\ipv4\</path>
         <kind>object</kind>
         <file>icmp.obj</file>
         <name>icmp.obj</name>
      </input_file>
      <input_file id="fl-51">
         <path>.\src\core\ipv4\</path>
         <kind>object</kind>
         <file>igmp.obj</file>
         <name>igmp.obj</name>
      </input_file>
      <input_file id="fl-52">
         <path>.\src\core\ipv4\</path>
         <kind>object</kind>
         <file>inet.obj</file>
         <name>inet.obj</name>
      </input_file>
      <input_file id="fl-53">
         <path>.\src\core\ipv4\</path>
         <kind>object</kind>
         <file>inet_chksum.obj</file>
         <name>inet_chksum.obj</name>
      </input_file>
      <input_file id="fl-54">
         <path>.\src\core\ipv4\</path>
         <kind>object</kind>
         <file>ip.obj</file>
         <name>ip.obj</name>
      </input_file>
      <input_file id="fl-55">
         <path>.\src\core\ipv4\</path>
         <kind>object</kind>
         <file>ip_addr.obj</file>
         <name>ip_addr.obj</name>
      </input_file>
      <input_file id="fl-56">
         <path>.\src\core\ipv4\</path>
         <kind>object</kind>
         <file>ip_frag.obj</file>
         <name>ip_frag.obj</name>
      </input_file>
      <input_file id="fl-57">
         <path>.\usblib\device\</path>
         <kind>object</kind>
         <file>usbdaudio.obj</file>
         <name>usbdaudio.obj</name>
      </input_file>
      <input_file id="fl-58">
         <path>.\usblib\device\</path>
         <kind>object</kind>
         <file>usbdbulk.obj</file>
         <name>usbdbulk.obj</name>
      </input_file>
      <input_file id="fl-59">
         <path>.\usblib\device\</path>
         <kind>object</kind>
         <file>usbdcdc.obj</file>
         <name>usbdcdc.obj</name>
      </input_file>
      <input_file id="fl-5a">
         <path>.\usblib\device\</path>
         <kind>object</kind>
         <file>usbdcdesc.obj</file>
         <name>usbdcdesc.obj</name>
      </input_file>
      <input_file id="fl-5b">
         <path>.\usblib\device\</path>
         <kind>object</kind>
         <file>usbdcomp.obj</file>
         <name>usbdcomp.obj</name>
      </input_file>
      <input_file id="fl-5c">
         <path>.\usblib\device\</path>
         <kind>object</kind>
         <file>usbdconfig.obj</file>
         <name>usbdconfig.obj</name>
      </input_file>
      <input_file id="fl-5d">
         <path>.\usblib\device\</path>
         <kind>object</kind>
         <file>usbddfu-rt.obj</file>
         <name>usbddfu-rt.obj</name>
      </input_file>
      <input_file id="fl-5e">
         <path>.\usblib\device\</path>
         <kind>object</kind>
         <file>usbdenum.obj</file>
         <name>usbdenum.obj</name>
      </input_file>
      <input_file id="fl-5f">
         <path>.\usblib\device\</path>
         <kind>object</kind>
         <file>usbdhandler.obj</file>
         <name>usbdhandler.obj</name>
      </input_file>
      <input_file id="fl-60">
         <path>.\usblib\device\</path>
         <kind>object</kind>
         <file>usbdhid.obj</file>
         <name>usbdhid.obj</name>
      </input_file>
      <input_file id="fl-61">
         <path>.\usblib\device\</path>
         <kind>object</kind>
         <file>usbdhidgamepad.obj</file>
         <name>usbdhidgamepad.obj</name>
      </input_file>
      <input_file id="fl-62">
         <path>.\usblib\device\</path>
         <kind>object</kind>
         <file>usbdhidkeyb.obj</file>
         <name>usbdhidkeyb.obj</name>
      </input_file>
      <input_file id="fl-63">
         <path>.\usblib\device\</path>
         <kind>object</kind>
         <file>usbdhidmouse.obj</file>
         <name>usbdhidmouse.obj</name>
      </input_file>
      <input_file id="fl-64">
         <path>.\usblib\device\</path>
         <kind>object</kind>
         <file>usbdmsc.obj</file>
         <name>usbdmsc.obj</name>
      </input_file>
      <input_file id="fl-65">
         <path>.\usblib\host\</path>
         <kind>object</kind>
         <file>usbhaudio.obj</file>
         <name>usbhaudio.obj</name>
      </input_file>
      <input_file id="fl-66">
         <path>.\usblib\host\</path>
         <kind>object</kind>
         <file>usbhhid.obj</file>
         <name>usbhhid.obj</name>
      </input_file>
      <input_file id="fl-67">
         <path>.\usblib\host\</path>
         <kind>object</kind>
         <file>usbhhidkeyboard.obj</file>
         <name>usbhhidkeyboard.obj</name>
      </input_file>
      <input_file id="fl-68">
         <path>.\usblib\host\</path>
         <kind>object</kind>
         <file>usbhhidmouse.obj</file>
         <name>usbhhidmouse.obj</name>
      </input_file>
      <input_file id="fl-69">
         <path>.\usblib\host\</path>
         <kind>object</kind>
         <file>usbhhub.obj</file>
         <name>usbhhub.obj</name>
      </input_file>
      <input_file id="fl-6a">
         <path>.\usblib\host\</path>
         <kind>object</kind>
         <file>usbhmsc.obj</file>
         <name>usbhmsc.obj</name>
      </input_file>
      <input_file id="fl-6b">
         <path>.\usblib\host\</path>
         <kind>object</kind>
         <file>usbhostenum.obj</file>
         <name>usbhostenum.obj</name>
      </input_file>
      <input_file id="fl-6c">
         <path>.\usblib\host\</path>
         <kind>object</kind>
         <file>usbhscsi.obj</file>
         <name>usbhscsi.obj</name>
      </input_file>
      <input_file id="fl-6d">
         <path>.\usblib\</path>
         <kind>object</kind>
         <file>usbbuffer.obj</file>
         <name>usbbuffer.obj</name>
      </input_file>
      <input_file id="fl-6e">
         <path>.\usblib\</path>
         <kind>object</kind>
         <file>usbdesc.obj</file>
         <name>usbdesc.obj</name>
      </input_file>
      <input_file id="fl-6f">
         <path>.\usblib\</path>
         <kind>object</kind>
         <file>usbdma.obj</file>
         <name>usbdma.obj</name>
      </input_file>
      <input_file id="fl-70">
         <path>.\usblib\</path>
         <kind>object</kind>
         <file>usbkeyboardmap.obj</file>
         <name>usbkeyboardmap.obj</name>
      </input_file>
      <input_file id="fl-71">
         <path>.\usblib\</path>
         <kind>object</kind>
         <file>usbmode.obj</file>
         <name>usbmode.obj</name>
      </input_file>
      <input_file id="fl-72">
         <path>.\usblib\</path>
         <kind>object</kind>
         <file>usbringbuf.obj</file>
         <name>usbringbuf.obj</name>
      </input_file>
      <input_file id="fl-73">
         <path>.\usblib\</path>
         <kind>object</kind>
         <file>usbtick.obj</file>
         <name>usbtick.obj</name>
      </input_file>
      <input_file id="fl-74">
         <path>.\usblib\</path>
         <kind>object</kind>
         <file>usbulpi.obj</file>
         <name>usbulpi.obj</name>
      </input_file>
      <input_file id="fl-75">
         <path>.\utils\</path>
         <kind>object</kind>
         <file>cmdline.obj</file>
         <name>cmdline.obj</name>
      </input_file>
      <input_file id="fl-76">
         <path>.\utils\</path>
         <kind>object</kind>
         <file>cpu_usage.obj</file>
         <name>cpu_usage.obj</name>
      </input_file>
      <input_file id="fl-77">
         <path>.\utils\</path>
         <kind>object</kind>
         <file>eeprom_pb.obj</file>
         <name>eeprom_pb.obj</name>
      </input_file>
      <input_file id="fl-78">
         <path>.\utils\</path>
         <kind>object</kind>
         <file>flash_pb.obj</file>
         <name>flash_pb.obj</name>
      </input_file>
      <input_file id="fl-79">
         <path>.\utils\</path>
         <kind>object</kind>
         <file>isqrt.obj</file>
         <name>isqrt.obj</name>
      </input_file>
      <input_file id="fl-7a">
         <path>.\utils\</path>
         <kind>object</kind>
         <file>lwiplib.obj</file>
         <name>lwiplib.obj</name>
      </input_file>
      <input_file id="fl-7b">
         <path>.\utils\</path>
         <kind>object</kind>
         <file>random.obj</file>
         <name>random.obj</name>
      </input_file>
      <input_file id="fl-7c">
         <path>.\utils\</path>
         <kind>object</kind>
         <file>ringbuf.obj</file>
         <name>ringbuf.obj</name>
      </input_file>
      <input_file id="fl-7d">
         <path>.\utils\</path>
         <kind>object</kind>
         <file>scheduler.obj</file>
         <name>scheduler.obj</name>
      </input_file>
      <input_file id="fl-7e">
         <path>.\utils\</path>
         <kind>object</kind>
         <file>sine.obj</file>
         <name>sine.obj</name>
      </input_file>
      <input_file id="fl-7f">
         <path>.\utils\</path>
         <kind>object</kind>
         <file>smbus.obj</file>
         <name>smbus.obj</name>
      </input_file>
      <input_file id="fl-80">
         <path>.\utils\</path>
         <kind>object</kind>
         <file>softi2c.obj</file>
         <name>softi2c.obj</name>
      </input_file>
      <input_file id="fl-81">
         <path>.\utils\</path>
         <kind>object</kind>
         <file>softssi.obj</file>
         <name>softssi.obj</name>
      </input_file>
      <input_file id="fl-82">
         <path>.\utils\</path>
         <kind>object</kind>
         <file>softuart.obj</file>
         <name>softuart.obj</name>
      </input_file>
      <input_file id="fl-83">
         <path>.\utils\</path>
         <kind>object</kind>
         <file>spi_flash.obj</file>
         <name>spi_flash.obj</name>
      </input_file>
      <input_file id="fl-84">
         <path>.\utils\</path>
         <kind>object</kind>
         <file>uartstdio.obj</file>
         <name>uartstdio.obj</name>
      </input_file>
      <input_file id="fl-85">
         <path>.\utils\</path>
         <kind>object</kind>
         <file>ustdlib.obj</file>
         <name>ustdlib.obj</name>
      </input_file>
      <input_file id="fl-8d">
         <kind>object</kind>
         <file>&lt;internal&gt;</file>
         <name>&lt;internal&gt;</name>
      </input_file>
      <input_file id="fl-143">
         <path>C:\ti\ccs900\ccs\tools\compiler\ti-cgt-arm_18.12.1.LTS\lib\</path>
         <kind>archive</kind>
         <file>rtsv7M4_T_le_v4SPD16_eabi.lib</file>
         <name>pure_virt.c.obj</name>
      </input_file>
      <input_file id="fl-144">
         <path>C:\ti\ccs900\ccs\tools\compiler\ti-cgt-arm_18.12.1.LTS\lib\</path>
         <kind>archive</kind>
         <file>rtsv7M4_T_le_v4SPD16_eabi.lib</file>
         <name>typeinfo.c.obj</name>
      </input_file>
      <input_file id="fl-145">
         <path>C:\ti\ccs900\ccs\tools\compiler\ti-cgt-arm_18.12.1.LTS\lib\</path>
         <kind>archive</kind>
         <file>rtsv7M4_T_le_v4SPD16_eabi.lib</file>
         <name>new.cpp.obj</name>
      </input_file>
      <input_file id="fl-146">
         <path>C:\ti\ccs900\ccs\tools\compiler\ti-cgt-arm_18.12.1.LTS\lib\</path>
         <kind>archive</kind>
         <file>rtsv7M4_T_le_v4SPD16_eabi.lib</file>
         <name>stdlib_typeinfo.cpp.obj</name>
      </input_file>
      <input_file id="fl-147">
         <path>C:\ti\ccs900\ccs\tools\compiler\ti-cgt-arm_18.12.1.LTS\lib\</path>
         <kind>archive</kind>
         <file>rtsv7M4_T_le_v4SPD16_eabi.lib</file>
         <name>fd_mul_t2.asm.obj</name>
      </input_file>
      <input_file id="fl-148">
         <path>C:\ti\ccs900\ccs\tools\compiler\ti-cgt-arm_18.12.1.LTS\lib\</path>
         <kind>archive</kind>
         <file>rtsv7M4_T_le_v4SPD16_eabi.lib</file>
         <name>fd_toi_t2.asm.obj</name>
      </input_file>
      <input_file id="fl-149">
         <path>C:\ti\ccs900\ccs\tools\compiler\ti-cgt-arm_18.12.1.LTS\lib\</path>
         <kind>archive</kind>
         <file>rtsv7M4_T_le_v4SPD16_eabi.lib</file>
         <name>i_tofd_t2.asm.obj</name>
      </input_file>
      <input_file id="fl-14a">
         <path>C:\ti\ccs900\ccs\tools\compiler\ti-cgt-arm_18.12.1.LTS\lib\</path>
         <kind>archive</kind>
         <file>rtsv7M4_T_le_v4SPD16_eabi.lib</file>
         <name>memcpy_t2.asm.obj</name>
      </input_file>
      <input_file id="fl-14b">
         <path>C:\ti\ccs900\ccs\tools\compiler\ti-cgt-arm_18.12.1.LTS\lib\</path>
         <kind>archive</kind>
         <file>rtsv7M4_T_le_v4SPD16_eabi.lib</file>
         <name>i_divt2.asm.obj</name>
      </input_file>
      <input_file id="fl-14c">
         <path>C:\ti\ccs900\ccs\tools\compiler\ti-cgt-arm_18.12.1.LTS\lib\</path>
         <kind>archive</kind>
         <file>rtsv7M4_T_le_v4SPD16_eabi.lib</file>
         <name>u_divt2.asm.obj</name>
      </input_file>
      <input_file id="fl-14d">
         <path>C:\ti\ccs900\ccs\tools\compiler\ti-cgt-arm_18.12.1.LTS\lib\</path>
         <kind>archive</kind>
         <file>rtsv7M4_T_le_v4SPD16_eabi.lib</file>
         <name>memset_t2.asm.obj</name>
      </input_file>
      <input_file id="fl-14e">
         <path>C:\ti\ccs900\ccs\tools\compiler\ti-cgt-arm_18.12.1.LTS\lib\</path>
         <kind>archive</kind>
         <file>rtsv7M4_T_le_v4SPD16_eabi.lib</file>
         <name>copy_zero_init.c.obj</name>
      </input_file>
      <input_file id="fl-14f">
         <path>C:\ti\ccs900\ccs\tools\compiler\ti-cgt-arm_18.12.1.LTS\lib\</path>
         <kind>archive</kind>
         <file>rtsv7M4_T_le_v4SPD16_eabi.lib</file>
         <name>copy_decompress_none.c.obj</name>
      </input_file>
      <input_file id="fl-150">
         <path>C:\ti\ccs900\ccs\tools\compiler\ti-cgt-arm_18.12.1.LTS\lib\</path>
         <kind>archive</kind>
         <file>rtsv7M4_T_le_v4SPD16_eabi.lib</file>
         <name>copy_decompress_lzss.c.obj</name>
      </input_file>
      <input_file id="fl-151">
         <path>C:\ti\ccs900\ccs\tools\compiler\ti-cgt-arm_18.12.1.LTS\lib\</path>
         <kind>archive</kind>
         <file>rtsv7M4_T_le_v4SPD16_eabi.lib</file>
         <name>exit.c.obj</name>
      </input_file>
      <input_file id="fl-152">
         <path>C:\ti\ccs900\ccs\tools\compiler\ti-cgt-arm_18.12.1.LTS\lib\</path>
         <kind>archive</kind>
         <file>rtsv7M4_T_le_v4SPD16_eabi.lib</file>
         <name>_lock.c.obj</name>
      </input_file>
      <input_file id="fl-153">
         <path>C:\ti\ccs900\ccs\tools\compiler\ti-cgt-arm_18.12.1.LTS\lib\</path>
         <kind>archive</kind>
         <file>rtsv7M4_T_le_v4SPD16_eabi.lib</file>
         <name>memcmp.c.obj</name>
      </input_file>
      <input_file id="fl-154">
         <path>C:\ti\ccs900\ccs\tools\compiler\ti-cgt-arm_18.12.1.LTS\lib\</path>
         <kind>archive</kind>
         <file>rtsv7M4_T_le_v4SPD16_eabi.lib</file>
         <name>memory.c.obj</name>
      </input_file>
      <input_file id="fl-155">
         <path>C:\ti\ccs900\ccs\tools\compiler\ti-cgt-arm_18.12.1.LTS\lib\</path>
         <kind>archive</kind>
         <file>rtsv7M4_T_le_v4SPD16_eabi.lib</file>
         <name>strcmp.c.obj</name>
      </input_file>
      <input_file id="fl-156">
         <path>C:\ti\ccs900\ccs\tools\compiler\ti-cgt-arm_18.12.1.LTS\lib\</path>
         <kind>archive</kind>
         <file>rtsv7M4_T_le_v4SPD16_eabi.lib</file>
         <name>strlen.c.obj</name>
      </input_file>
      <input_file id="fl-157">
         <path>C:\ti\ccs900\ccs\tools\compiler\ti-cgt-arm_18.12.1.LTS\lib\</path>
         <kind>archive</kind>
         <file>rtsv7M4_T_le_v4SPD16_eabi.lib</file>
         <name>boot_cortex_m.c.obj</name>
      </input_file>
      <input_file id="fl-158">
         <path>C:\ti\ccs900\ccs\tools\compiler\ti-cgt-arm_18.12.1.LTS\lib\</path>
         <kind>archive</kind>
         <file>rtsv7M4_T_le_v4SPD16_eabi.lib</file>
         <name>error.c.obj</name>
      </input_file>
      <input_file id="fl-159">
         <path>C:\ti\ccs900\ccs\tools\compiler\ti-cgt-arm_18.12.1.LTS\lib\</path>
         <kind>archive</kind>
         <file>rtsv7M4_T_le_v4SPD16_eabi.lib</file>
         <name>stdlib_exception.cpp.obj</name>
      </input_file>
      <input_file id="fl-15a">
         <path>C:\ti\ccs900\ccs\tools\compiler\ti-cgt-arm_18.12.1.LTS\lib\</path>
         <kind>archive</kind>
         <file>rtsv7M4_T_le_v4SPD16_eabi.lib</file>
         <name>div0.asm.obj</name>
      </input_file>
      <input_file id="fl-15b">
         <path>C:\ti\ccs900\ccs\tools\compiler\ti-cgt-arm_18.12.1.LTS\lib\</path>
         <kind>archive</kind>
         <file>rtsv7M4_T_le_v4SPD16_eabi.lib</file>
         <name>autoinit.c.obj</name>
      </input_file>
      <input_file id="fl-15c">
         <path>C:\ti\ccs900\ccs\tools\compiler\ti-cgt-arm_18.12.1.LTS\lib\</path>
         <kind>archive</kind>
         <file>rtsv7M4_T_le_v4SPD16_eabi.lib</file>
         <name>pre_init.c.obj</name>
      </input_file>
      <input_file id="fl-15d">
         <path>C:\ti\ccs900\ccs\tools\compiler\ti-cgt-arm_18.12.1.LTS\lib\</path>
         <kind>archive</kind>
         <file>rtsv7M4_T_le_v4SPD16_eabi.lib</file>
         <name>cpy_tbl.c.obj</name>
      </input_file>
      <input_file id="fl-15e">
         <path>C:\ti\ccs900\ccs\tools\compiler\ti-cgt-arm_18.12.1.LTS\lib\</path>
         <kind>archive</kind>
         <file>rtsv7M4_T_le_v4SPD16_eabi.lib</file>
         <name>args_main.c.obj</name>
      </input_file>
   </input_file_list>
   <object_component_list>
      <object_component id="oc-f">
         <name>.intvecs</name>
         <load_address>0x0</load_address>
         <run_address>0x0</run_address>
         <size>0x26c</size>
         <input_file_ref idref="fl-6"/>
      </object_component>
      <object_component id="oc-3e5">
         <name>.text</name>
         <load_address>0x26c</load_address>
         <run_address>0x26c</run_address>
         <size>0x1b14</size>
         <input_file_ref idref="fl-4b"/>
      </object_component>
      <object_component id="oc-1b1">
         <name>.text</name>
         <load_address>0x1d80</load_address>
         <run_address>0x1d80</run_address>
         <size>0x12e4</size>
         <input_file_ref idref="fl-4a"/>
      </object_component>
      <object_component id="oc-388">
         <name>.text</name>
         <load_address>0x3064</load_address>
         <run_address>0x3064</run_address>
         <size>0x10b8</size>
         <input_file_ref idref="fl-4c"/>
      </object_component>
      <object_component id="oc-9e">
         <name>.text</name>
         <load_address>0x411c</load_address>
         <run_address>0x411c</run_address>
         <size>0xf80</size>
         <input_file_ref idref="fl-20"/>
      </object_component>
      <object_component id="oc-d7">
         <name>.text</name>
         <load_address>0x509c</load_address>
         <run_address>0x509c</run_address>
         <size>0xc8c</size>
         <input_file_ref idref="fl-40"/>
      </object_component>
      <object_component id="oc-35">
         <name>.text</name>
         <load_address>0x5d28</load_address>
         <run_address>0x5d28</run_address>
         <size>0xbc4</size>
         <input_file_ref idref="fl-2b"/>
      </object_component>
      <object_component id="oc-bc">
         <name>.text</name>
         <load_address>0x68ec</load_address>
         <run_address>0x68ec</run_address>
         <size>0xb94</size>
         <input_file_ref idref="fl-14"/>
      </object_component>
      <object_component id="oc-d1">
         <name>.text</name>
         <load_address>0x7480</load_address>
         <run_address>0x7480</run_address>
         <size>0xa88</size>
         <input_file_ref idref="fl-46"/>
      </object_component>
      <object_component id="oc-1c3">
         <name>.text</name>
         <load_address>0x7f08</load_address>
         <run_address>0x7f08</run_address>
         <size>0x680</size>
         <input_file_ref idref="fl-4e"/>
      </object_component>
      <object_component id="oc-1bd">
         <name>.text</name>
         <load_address>0x8588</load_address>
         <run_address>0x8588</run_address>
         <size>0x62e</size>
         <input_file_ref idref="fl-24"/>
      </object_component>
      <object_component id="oc-788">
         <name>.text:_ZNSt9type_infoD1Ev</name>
         <load_address>0x8bb6</load_address>
         <run_address>0x8bb6</run_address>
         <size>0x2</size>
         <input_file_ref idref="fl-146"/>
      </object_component>
      <object_component id="oc-200">
         <name>.text</name>
         <load_address>0x8bb8</load_address>
         <run_address>0x8bb8</run_address>
         <size>0x564</size>
         <input_file_ref idref="fl-43"/>
      </object_component>
      <object_component id="oc-1cc">
         <name>.text</name>
         <load_address>0x911c</load_address>
         <run_address>0x911c</run_address>
         <size>0x4b8</size>
         <input_file_ref idref="fl-54"/>
      </object_component>
      <object_component id="oc-1b7">
         <name>.text</name>
         <load_address>0x95d4</load_address>
         <run_address>0x95d4</run_address>
         <size>0x49c</size>
         <input_file_ref idref="fl-84"/>
      </object_component>
      <object_component id="oc-3c9">
         <name>.text</name>
         <load_address>0x9a70</load_address>
         <run_address>0x9a70</run_address>
         <size>0x3c4</size>
         <input_file_ref idref="fl-53"/>
      </object_component>
      <object_component id="oc-225">
         <name>.text</name>
         <load_address>0x9e34</load_address>
         <run_address>0x9e34</run_address>
         <size>0x3c4</size>
         <input_file_ref idref="fl-55"/>
      </object_component>
      <object_component id="oc-98">
         <name>.text</name>
         <load_address>0xa1f8</load_address>
         <run_address>0xa1f8</run_address>
         <size>0x3c0</size>
         <input_file_ref idref="fl-17"/>
      </object_component>
      <object_component id="oc-486">
         <name>.text:_ZN3ros11NodeHandle_I13TivaCHardwareLi25ELi25ELi512ELi512EE8spinOnceEv</name>
         <load_address>0xa5b8</load_address>
         <run_address>0xa5b8</run_address>
         <size>0x356</size>
         <input_file_ref idref="fl-3"/>
      </object_component>
      <object_component id="oc-588">
         <name>.text:_nop</name>
         <load_address>0xa90e</load_address>
         <run_address>0xa90e</run_address>
         <size>0x2</size>
         <input_file_ref idref="fl-152"/>
      </object_component>
      <object_component id="oc-1ab">
         <name>.text</name>
         <load_address>0xa910</load_address>
         <run_address>0xa910</run_address>
         <size>0x338</size>
         <input_file_ref idref="fl-45"/>
      </object_component>
      <object_component id="oc-1ea">
         <name>.text</name>
         <load_address>0xac48</load_address>
         <run_address>0xac48</run_address>
         <size>0x336</size>
         <input_file_ref idref="fl-1e"/>
      </object_component>
      <object_component id="oc-6a8">
         <name>.text</name>
         <load_address>0xaf7e</load_address>
         <run_address>0xaf7e</run_address>
         <size>0x30c</size>
         <input_file_ref idref="fl-7c"/>
      </object_component>
      <object_component id="oc-528">
         <name>.text</name>
         <load_address>0xb28a</load_address>
         <run_address>0xb28a</run_address>
         <size>0x2</size>
         <input_file_ref idref="fl-15a"/>
      </object_component>
      <object_component id="oc-a4">
         <name>.text</name>
         <load_address>0xb28c</load_address>
         <run_address>0xb28c</run_address>
         <size>0x2c4</size>
         <input_file_ref idref="fl-28"/>
      </object_component>
      <object_component id="oc-3d2">
         <name>.text</name>
         <load_address>0xb550</load_address>
         <run_address>0xb550</run_address>
         <size>0x2bc</size>
         <input_file_ref idref="fl-50"/>
      </object_component>
      <object_component id="oc-5b8">
         <name>.text:_ZN14rosserial_msgs20RequestParamResponse11deserializeEPh</name>
         <load_address>0xb80c</load_address>
         <run_address>0xb80c</run_address>
         <size>0x298</size>
         <input_file_ref idref="fl-3"/>
      </object_component>
      <object_component id="oc-377">
         <name>.text</name>
         <load_address>0xbaa4</load_address>
         <run_address>0xbaa4</run_address>
         <size>0x280</size>
         <input_file_ref idref="fl-4d"/>
      </object_component>
      <object_component id="oc-3df">
         <name>.text</name>
         <load_address>0xbd24</load_address>
         <run_address>0xbd24</run_address>
         <size>0x26c</size>
         <input_file_ref idref="fl-47"/>
      </object_component>
      <object_component id="oc-1fa">
         <name>.text</name>
         <load_address>0xbf90</load_address>
         <run_address>0xbf90</run_address>
         <size>0x210</size>
         <input_file_ref idref="fl-44"/>
      </object_component>
      <object_component id="oc-5b1">
         <name>.text:_ZNK14rosserial_msgs20RequestParamResponse9serializeEPh</name>
         <load_address>0xc1a0</load_address>
         <run_address>0xc1a0</run_address>
         <size>0x1f2</size>
         <input_file_ref idref="fl-3"/>
      </object_component>
      <object_component id="oc-604">
         <name>.text:_ZN3ros11NodeHandle_I13TivaCHardwareLi25ELi25ELi512ELi512EE15negotiateTopicsEv</name>
         <load_address>0xc392</load_address>
         <run_address>0xc392</run_address>
         <size>0x196</size>
         <input_file_ref idref="fl-3"/>
      </object_component>
      <object_component id="oc-7d0">
         <name>.text:_ZN14rosserial_msgs9TopicInfo11deserializeEPh</name>
         <load_address>0xc528</load_address>
         <run_address>0xc528</run_address>
         <size>0x190</size>
         <input_file_ref idref="fl-3"/>
      </object_component>
      <object_component id="oc-85">
         <name>.text</name>
         <load_address>0xc6b8</load_address>
         <run_address>0xc6b8</run_address>
         <size>0x140</size>
         <input_file_ref idref="fl-37"/>
      </object_component>
      <object_component id="oc-762">
         <name>.text</name>
         <load_address>0xc7f8</load_address>
         <run_address>0xc7f8</run_address>
         <size>0x140</size>
         <input_file_ref idref="fl-36"/>
      </object_component>
      <object_component id="oc-47f">
         <name>.text:_ZN3ros11NodeHandle_I13TivaCHardwareLi25ELi25ELi512ELi512EE7publishEiPKNS_3MsgE</name>
         <load_address>0xc938</load_address>
         <run_address>0xc938</run_address>
         <size>0x11c</size>
         <input_file_ref idref="fl-3"/>
      </object_component>
      <object_component id="oc-7c9">
         <name>.text:_ZNK14rosserial_msgs9TopicInfo9serializeEPh</name>
         <load_address>0xca54</load_address>
         <run_address>0xca54</run_address>
         <size>0x116</size>
         <input_file_ref idref="fl-3"/>
      </object_component>
      <object_component id="oc-371">
         <name>.text</name>
         <load_address>0xcb6a</load_address>
         <run_address>0xcb6a</run_address>
         <size>0x2</size>
         <input_file_ref idref="fl-48"/>
      </object_component>
      <object_component id="oc-c2">
         <name>.text</name>
         <load_address>0xcb6c</load_address>
         <run_address>0xcb6c</run_address>
         <size>0x108</size>
         <input_file_ref idref="fl-2e"/>
      </object_component>
      <object_component id="oc-7f1">
         <name>.text</name>
         <load_address>0xcc74</load_address>
         <run_address>0xcc74</run_address>
         <size>0x100</size>
         <input_file_ref idref="fl-35"/>
      </object_component>
      <object_component id="oc-858">
         <name>.text</name>
         <load_address>0xcd74</load_address>
         <run_address>0xcd74</run_address>
         <size>0xfc</size>
         <input_file_ref idref="fl-147"/>
      </object_component>
      <object_component id="oc-76b">
         <name>.text:aligned_alloc</name>
         <load_address>0xce70</load_address>
         <run_address>0xce70</run_address>
         <size>0xf4</size>
         <input_file_ref idref="fl-154"/>
      </object_component>
      <object_component id="oc-6fa">
         <name>.text:free</name>
         <load_address>0xcf64</load_address>
         <run_address>0xcf64</run_address>
         <size>0xe8</size>
         <input_file_ref idref="fl-154"/>
      </object_component>
      <object_component id="oc-67d">
         <name>.text:realloc</name>
         <load_address>0xd04c</load_address>
         <run_address>0xd04c</run_address>
         <size>0xd8</size>
         <input_file_ref idref="fl-154"/>
      </object_component>
      <object_component id="oc-6d2">
         <name>.text:_ZN8std_msgs4Time11deserializeEPh</name>
         <load_address>0xd124</load_address>
         <run_address>0xd124</run_address>
         <size>0x9e</size>
         <input_file_ref idref="fl-3"/>
      </object_component>
      <object_component id="oc-4f">
         <name>.text</name>
         <load_address>0xd1c2</load_address>
         <run_address>0xd1c2</run_address>
         <size>0x9c</size>
         <input_file_ref idref="fl-14a"/>
      </object_component>
      <object_component id="oc-7af">
         <name>.text:_ZNK8std_msgs4Time9serializeEPh</name>
         <load_address>0xd25e</load_address>
         <run_address>0xd25e</run_address>
         <size>0x9a</size>
         <input_file_ref idref="fl-3"/>
      </object_component>
      <object_component id="oc-2f">
         <name>.text</name>
         <load_address>0xd2f8</load_address>
         <run_address>0xd2f8</run_address>
         <size>0x98</size>
         <input_file_ref idref="fl-30"/>
      </object_component>
      <object_component id="oc-92">
         <name>.text</name>
         <load_address>0xd390</load_address>
         <run_address>0xd390</run_address>
         <size>0x88</size>
         <input_file_ref idref="fl-22"/>
      </object_component>
      <object_component id="oc-81f">
         <name>.text:_ZN14rosserial_msgs3Log11deserializeEPh</name>
         <load_address>0xd418</load_address>
         <run_address>0xd418</run_address>
         <size>0x7e</size>
         <input_file_ref idref="fl-3"/>
      </object_component>
      <object_component id="oc-706">
         <name>.text:split</name>
         <load_address>0xd498</load_address>
         <run_address>0xd498</run_address>
         <size>0x7c</size>
         <input_file_ref idref="fl-154"/>
      </object_component>
      <object_component id="oc-cc">
         <name>.text</name>
         <load_address>0xd514</load_address>
         <run_address>0xd514</run_address>
         <size>0x7a</size>
         <input_file_ref idref="fl-14d"/>
      </object_component>
      <object_component id="oc-3b">
         <name>.text</name>
         <load_address>0xd590</load_address>
         <run_address>0xd590</run_address>
         <size>0x78</size>
         <input_file_ref idref="fl-29"/>
      </object_component>
      <object_component id="oc-60b">
         <name>.text:_ZN3ros11NodeHandle_I13TivaCHardwareLi25ELi25ELi512ELi512EE8syncTimeEPh</name>
         <load_address>0xd608</load_address>
         <run_address>0xd608</run_address>
         <size>0x70</size>
         <input_file_ref idref="fl-3"/>
      </object_component>
      <object_component id="oc-4e5">
         <name>.text:_ZN8std_msgs6String11deserializeEPh</name>
         <load_address>0xd678</load_address>
         <run_address>0xd678</run_address>
         <size>0x6e</size>
         <input_file_ref idref="fl-3"/>
      </object_component>
      <object_component id="oc-1a5">
         <name>.text</name>
         <load_address>0xd6e6</load_address>
         <run_address>0xd6e6</run_address>
         <size>0x6c</size>
         <input_file_ref idref="fl-3d"/>
      </object_component>
      <object_component id="oc-6d9">
         <name>.text:_ZN3ros11NodeHandle_I13TivaCHardwareLi25ELi25ELi512ELi512EE6setNowERKNS_4TimeE</name>
         <load_address>0xd754</load_address>
         <run_address>0xd754</run_address>
         <size>0x68</size>
         <input_file_ref idref="fl-3"/>
      </object_component>
      <object_component id="oc-12">
         <name>.text:decompress:lzss:__TI_decompress_lzss</name>
         <load_address>0xd7bc</load_address>
         <run_address>0xd7bc</run_address>
         <size>0x68</size>
         <input_file_ref idref="fl-150"/>
      </object_component>
      <object_component id="oc-292">
         <name>.text:__TI_auto_init_nobinit:__TI_auto_init_nobinit</name>
         <load_address>0xd824</load_address>
         <run_address>0xd824</run_address>
         <size>0x60</size>
         <input_file_ref idref="fl-15b"/>
      </object_component>
      <object_component id="oc-7e5">
         <name>.text</name>
         <load_address>0xd884</load_address>
         <run_address>0xd884</run_address>
         <size>0x5e</size>
         <input_file_ref idref="fl-14b"/>
      </object_component>
      <object_component id="oc-818">
         <name>.text:_ZNK14rosserial_msgs3Log9serializeEPh</name>
         <load_address>0xd8e2</load_address>
         <run_address>0xd8e2</run_address>
         <size>0x5c</size>
         <input_file_ref idref="fl-3"/>
      </object_component>
      <object_component id="oc-2cc">
         <name>.text:_ZN14rosserial_msgs20RequestParamResponseC1Ev</name>
         <load_address>0xd940</load_address>
         <run_address>0xd940</run_address>
         <size>0x54</size>
         <input_file_ref idref="fl-3"/>
      </object_component>
      <object_component id="oc-144">
         <name>.text:_ZN14HardwareSerialC1EP11ring_bufferS1_htthh</name>
         <load_address>0xd994</load_address>
         <run_address>0xd994</run_address>
         <size>0x50</size>
         <input_file_ref idref="fl-37"/>
      </object_component>
      <object_component id="oc-4de">
         <name>.text:_ZNK8std_msgs6String9serializeEPh</name>
         <load_address>0xd9e4</load_address>
         <run_address>0xd9e4</run_address>
         <size>0x48</size>
         <input_file_ref idref="fl-3"/>
      </object_component>
      <object_component id="oc-85d">
         <name>.text</name>
         <load_address>0xda2c</load_address>
         <run_address>0xda2c</run_address>
         <size>0x48</size>
         <input_file_ref idref="fl-148"/>
      </object_component>
      <object_component id="oc-7f">
         <name>.text</name>
         <load_address>0xda74</load_address>
         <run_address>0xda74</run_address>
         <size>0x44</size>
         <input_file_ref idref="fl-3"/>
      </object_component>
      <object_component id="oc-5dc">
         <name>.text:_ZN13TivaCHardware5writeEPhi</name>
         <load_address>0xdab8</load_address>
         <run_address>0xdab8</run_address>
         <size>0x40</size>
         <input_file_ref idref="fl-3"/>
      </object_component>
      <object_component id="oc-3af">
         <name>.text</name>
         <load_address>0xdaf8</load_address>
         <run_address>0xdaf8</run_address>
         <size>0x40</size>
         <input_file_ref idref="fl-14c"/>
      </object_component>
      <object_component id="oc-16f">
         <name>.text</name>
         <load_address>0xdb38</load_address>
         <run_address>0xdb38</run_address>
         <size>0x3e</size>
         <input_file_ref idref="fl-b"/>
      </object_component>
      <object_component id="oc-6c4">
         <name>.text:_ZN14rosserial_msgs9TopicInfoC1Ev</name>
         <load_address>0xdb78</load_address>
         <run_address>0xdb78</run_address>
         <size>0x3c</size>
         <input_file_ref idref="fl-3"/>
      </object_component>
      <object_component id="oc-628">
         <name>.text:_ZN3ros3Msg8arrToVarIjPhEEvRT_T0_</name>
         <load_address>0xdbb4</load_address>
         <run_address>0xdbb4</run_address>
         <size>0x3c</size>
         <input_file_ref idref="fl-3"/>
      </object_component>
      <object_component id="oc-6b2">
         <name>.text:_ZN3ros11NodeHandle_I13TivaCHardwareLi25ELi25ELi512ELi512EE3logEcPKc</name>
         <load_address>0xdbf0</load_address>
         <run_address>0xdbf0</run_address>
         <size>0x34</size>
         <input_file_ref idref="fl-3"/>
      </object_component>
      <object_component id="oc-6d">
         <name>.text:_c_int00_noargs:_c_int00_noargs</name>
         <load_address>0xdc24</load_address>
         <run_address>0xdc24</run_address>
         <size>0x34</size>
         <input_file_ref idref="fl-157"/>
      </object_component>
      <object_component id="oc-5fd">
         <name>.text:_ZN3ros11NodeHandle_I13TivaCHardwareLi25ELi25ELi512ELi512EE15requestSyncTimeEv</name>
         <load_address>0xdc58</load_address>
         <run_address>0xdc58</run_address>
         <size>0x30</size>
         <input_file_ref idref="fl-3"/>
      </object_component>
      <object_component id="oc-621">
         <name>.text:_ZN3ros3Msg8varToArrIPhjEEvT_T0_</name>
         <load_address>0xdc88</load_address>
         <run_address>0xdc88</run_address>
         <size>0x30</size>
         <input_file_ref idref="fl-3"/>
      </object_component>
      <object_component id="oc-853">
         <name>.text</name>
         <load_address>0xdcb8</load_address>
         <run_address>0xdcb8</run_address>
         <size>0x2e</size>
         <input_file_ref idref="fl-149"/>
      </object_component>
      <object_component id="oc-125">
         <name>.text:_ZN3ros11NodeHandle_I13TivaCHardwareLi25ELi25ELi512ELi512EEC1Ev</name>
         <load_address>0xdce8</load_address>
         <run_address>0xdce8</run_address>
         <size>0x2c</size>
         <input_file_ref idref="fl-3"/>
      </object_component>
      <object_component id="oc-743">
         <name>.text:_ZN14rosserial_msgs3LogC1Ev</name>
         <load_address>0xdd14</load_address>
         <run_address>0xdd14</run_address>
         <size>0x28</size>
         <input_file_ref idref="fl-3"/>
      </object_component>
      <object_component id="oc-772">
         <name>.text:free_list_insert</name>
         <load_address>0xdd3c</load_address>
         <run_address>0xdd3c</run_address>
         <size>0x28</size>
         <input_file_ref idref="fl-154"/>
      </object_component>
      <object_component id="oc-aa">
         <name>.text</name>
         <load_address>0xdd64</load_address>
         <run_address>0xdd64</run_address>
         <size>0x28</size>
         <input_file_ref idref="fl-2c"/>
      </object_component>
      <object_component id="oc-1f4">
         <name>.text</name>
         <load_address>0xdd8c</load_address>
         <run_address>0xdd8c</run_address>
         <size>0x28</size>
         <input_file_ref idref="fl-2f"/>
      </object_component>
      <object_component id="oc-133">
         <name>.text:_ZN3ros9PublisherC1EPKcPNS_3MsgEi</name>
         <load_address>0xddb4</load_address>
         <run_address>0xddb4</run_address>
         <size>0x24</size>
         <input_file_ref idref="fl-3"/>
      </object_component>
      <object_component id="oc-12c">
         <name>.text:_ZN8std_msgs6StringC1Ev</name>
         <load_address>0xddd8</load_address>
         <run_address>0xddd8</run_address>
         <size>0x24</size>
         <input_file_ref idref="fl-3"/>
      </object_component>
      <object_component id="oc-234">
         <name>.text:memcmp</name>
         <load_address>0xddfc</load_address>
         <run_address>0xddfc</run_address>
         <size>0x24</size>
         <input_file_ref idref="fl-153"/>
      </object_component>
      <object_component id="oc-5f6">
         <name>.text:_ZN13TivaCHardware4readEv</name>
         <load_address>0xde20</load_address>
         <run_address>0xde20</run_address>
         <size>0x20</size>
         <input_file_ref idref="fl-3"/>
      </object_component>
      <object_component id="oc-4fa">
         <name>.text:_ZN6StreamC1Ev</name>
         <load_address>0xde40</load_address>
         <run_address>0xde40</run_address>
         <size>0x20</size>
         <input_file_ref idref="fl-37"/>
      </object_component>
      <object_component id="oc-6bd">
         <name>.text:_ZN8std_msgs4TimeC1Ev</name>
         <load_address>0xde60</load_address>
         <run_address>0xde60</run_address>
         <size>0x20</size>
         <input_file_ref idref="fl-3"/>
      </object_component>
      <object_component id="oc-19f">
         <name>.text</name>
         <load_address>0xde80</load_address>
         <run_address>0xde80</run_address>
         <size>0x20</size>
         <input_file_ref idref="fl-42"/>
      </object_component>
      <object_component id="oc-700">
         <name>.text:free_list_remove</name>
         <load_address>0xdea0</load_address>
         <run_address>0xdea0</run_address>
         <size>0x1c</size>
         <input_file_ref idref="fl-154"/>
      </object_component>
      <object_component id="oc-48d">
         <name>.text:_ZN3ros11NodeHandle_I13TivaCHardwareLi25ELi25ELi512ELi512EE9connectedEv</name>
         <load_address>0xdebc</load_address>
         <run_address>0xdebc</run_address>
         <size>0x18</size>
         <input_file_ref idref="fl-3"/>
      </object_component>
      <object_component id="oc-464">
         <name>.text:_ZN3ros15NodeHandleBase_C1Ev</name>
         <load_address>0xded4</load_address>
         <run_address>0xded4</run_address>
         <size>0x18</size>
         <input_file_ref idref="fl-3"/>
      </object_component>
      <object_component id="oc-4d2">
         <name>.text:_ZN3ros3MsgC1Ev</name>
         <load_address>0xdeec</load_address>
         <run_address>0xdeec</run_address>
         <size>0x18</size>
         <input_file_ref idref="fl-3"/>
      </object_component>
      <object_component id="oc-74c">
         <name>.text:_ZN3ros4TimeC1Ev</name>
         <load_address>0xdf04</load_address>
         <run_address>0xdf04</run_address>
         <size>0x18</size>
         <input_file_ref idref="fl-3"/>
      </object_component>
      <object_component id="oc-7ea">
         <name>.text:_ZN3ros8DurationC1Ev</name>
         <load_address>0xdf1c</load_address>
         <run_address>0xdf1c</run_address>
         <size>0x18</size>
         <input_file_ref idref="fl-36"/>
      </object_component>
      <object_component id="oc-5ef">
         <name>.text:_ZN13TivaCHardware4timeEv</name>
         <load_address>0xdf34</load_address>
         <run_address>0xdf34</run_address>
         <size>0x14</size>
         <input_file_ref idref="fl-3"/>
      </object_component>
      <object_component id="oc-20c">
         <name>.text:strlen</name>
         <load_address>0xdf48</load_address>
         <run_address>0xdf48</run_address>
         <size>0x14</size>
         <input_file_ref idref="fl-156"/>
      </object_component>
      <object_component id="oc-5e3">
         <name>.text:_ZN3ros11NodeHandle_I13TivaCHardwareLi25ELi25ELi512ELi512EE8logerrorEPKc</name>
         <load_address>0xdf5c</load_address>
         <run_address>0xdf5c</run_address>
         <size>0x12</size>
         <input_file_ref idref="fl-3"/>
      </object_component>
      <object_component id="oc-5c6">
         <name>.text:_ZN14rosserial_msgs20RequestParamResponse6getMD5Ev</name>
         <load_address>0xdf70</load_address>
         <run_address>0xdf70</run_address>
         <size>0x10</size>
         <input_file_ref idref="fl-3"/>
      </object_component>
      <object_component id="oc-5bf">
         <name>.text:_ZN14rosserial_msgs20RequestParamResponse7getTypeEv</name>
         <load_address>0xdf80</load_address>
         <run_address>0xdf80</run_address>
         <size>0x10</size>
         <input_file_ref idref="fl-3"/>
      </object_component>
      <object_component id="oc-82d">
         <name>.text:_ZN14rosserial_msgs3Log6getMD5Ev</name>
         <load_address>0xdf90</load_address>
         <run_address>0xdf90</run_address>
         <size>0x10</size>
         <input_file_ref idref="fl-3"/>
      </object_component>
      <object_component id="oc-826">
         <name>.text:_ZN14rosserial_msgs3Log7getTypeEv</name>
         <load_address>0xdfa0</load_address>
         <run_address>0xdfa0</run_address>
         <size>0x10</size>
         <input_file_ref idref="fl-3"/>
      </object_component>
      <object_component id="oc-7de">
         <name>.text:_ZN14rosserial_msgs9TopicInfo6getMD5Ev</name>
         <load_address>0xdfb0</load_address>
         <run_address>0xdfb0</run_address>
         <size>0x10</size>
         <input_file_ref idref="fl-3"/>
      </object_component>
      <object_component id="oc-7d7">
         <name>.text:_ZN14rosserial_msgs9TopicInfo7getTypeEv</name>
         <load_address>0xdfc0</load_address>
         <run_address>0xdfc0</run_address>
         <size>0x10</size>
         <input_file_ref idref="fl-3"/>
      </object_component>
      <object_component id="oc-7bd">
         <name>.text:_ZN8std_msgs4Time6getMD5Ev</name>
         <load_address>0xdfd0</load_address>
         <run_address>0xdfd0</run_address>
         <size>0x10</size>
         <input_file_ref idref="fl-3"/>
      </object_component>
      <object_component id="oc-7b6">
         <name>.text:_ZN8std_msgs4Time7getTypeEv</name>
         <load_address>0xdfe0</load_address>
         <run_address>0xdfe0</run_address>
         <size>0x10</size>
         <input_file_ref idref="fl-3"/>
      </object_component>
      <object_component id="oc-4f3">
         <name>.text:_ZN8std_msgs6String6getMD5Ev</name>
         <load_address>0xdff0</load_address>
         <run_address>0xdff0</run_address>
         <size>0x10</size>
         <input_file_ref idref="fl-3"/>
      </object_component>
      <object_component id="oc-4ec">
         <name>.text:_ZN8std_msgs6String7getTypeEv</name>
         <load_address>0xe000</load_address>
         <run_address>0xe000</run_address>
         <size>0x10</size>
         <input_file_ref idref="fl-3"/>
      </object_component>
      <object_component id="oc-739">
         <name>.text:_ZN10__cxxabiv117__class_type_infoD0Ev</name>
         <load_address>0xe010</load_address>
         <run_address>0xe010</run_address>
         <size>0xe</size>
         <input_file_ref idref="fl-144"/>
      </object_component>
      <object_component id="oc-696">
         <name>.text:_ZN10__cxxabiv120__si_class_type_infoD0Ev</name>
         <load_address>0xe01e</load_address>
         <run_address>0xe01e</run_address>
         <size>0xe</size>
         <input_file_ref idref="fl-144"/>
      </object_component>
      <object_component id="oc-6cb">
         <name>.text:_ZN3ros9Publisher15getEndpointTypeEv</name>
         <load_address>0xe02c</load_address>
         <run_address>0xe02c</run_address>
         <size>0xe</size>
         <input_file_ref idref="fl-3"/>
      </object_component>
      <object_component id="oc-18">
         <name>.text:decompress:none:__TI_decompress_none</name>
         <load_address>0xe03a</load_address>
         <run_address>0xe03a</run_address>
         <size>0xe</size>
         <input_file_ref idref="fl-14f"/>
      </object_component>
      <object_component id="oc-2c5">
         <name>.text:_ZN13TivaCHardwareC1Ev</name>
         <load_address>0xe048</load_address>
         <run_address>0xe048</run_address>
         <size>0xc</size>
         <input_file_ref idref="fl-3"/>
      </object_component>
      <object_component id="oc-2be">
         <name>.text:_ZN3ros15NodeHandleBase_C2Ev</name>
         <load_address>0xe054</load_address>
         <run_address>0xe054</run_address>
         <size>0xc</size>
         <input_file_ref idref="fl-3"/>
      </object_component>
      <object_component id="oc-2df">
         <name>.text:_ZN3ros3MsgC2Ev</name>
         <load_address>0xe060</load_address>
         <run_address>0xe060</run_address>
         <size>0xc</size>
         <input_file_ref idref="fl-3"/>
      </object_component>
      <object_component id="oc-305">
         <name>.text:_ZN6StreamC2Ev</name>
         <load_address>0xe06c</load_address>
         <run_address>0xe06c</run_address>
         <size>0xc</size>
         <input_file_ref idref="fl-37"/>
      </object_component>
      <object_component id="oc-61">
         <name>.text:decompress:ZI:__TI_zero_init</name>
         <load_address>0xe078</load_address>
         <run_address>0xe078</run_address>
         <size>0xc</size>
         <input_file_ref idref="fl-14e"/>
      </object_component>
      <object_component id="oc-29">
         <name>.text</name>
         <load_address>0xe084</load_address>
         <run_address>0xe084</run_address>
         <size>0xc</size>
         <input_file_ref idref="fl-6"/>
      </object_component>
      <object_component id="oc-78f">
         <name>.text:_ZdlPv</name>
         <load_address>0xe090</load_address>
         <run_address>0xe090</run_address>
         <size>0x8</size>
         <input_file_ref idref="fl-145"/>
      </object_component>
      <object_component id="oc-6f4">
         <name>.text:malloc</name>
         <load_address>0xe098</load_address>
         <run_address>0xe098</run_address>
         <size>0x8</size>
         <input_file_ref idref="fl-154"/>
      </object_component>
      <object_component id="oc-c8">
         <name>.text:SysCtlDelay</name>
         <load_address>0xe0a0</load_address>
         <run_address>0xe0a0</run_address>
         <size>0x6</size>
         <input_file_ref idref="fl-20"/>
      </object_component>
      <object_component id="oc-672">
         <name>.text:__cxa_pure_virtual</name>
         <load_address>0xe0a6</load_address>
         <run_address>0xe0a6</run_address>
         <size>0x6</size>
         <input_file_ref idref="fl-143"/>
      </object_component>
      <object_component id="oc-719">
         <name>.text:_ZN10__cxxabiv117__class_type_infoD1Ev</name>
         <load_address>0xe0ac</load_address>
         <run_address>0xe0ac</run_address>
         <size>0x4</size>
         <input_file_ref idref="fl-144"/>
      </object_component>
      <object_component id="oc-690">
         <name>.text:_ZN10__cxxabiv120__si_class_type_infoD1Ev</name>
         <load_address>0xe0b0</load_address>
         <run_address>0xe0b0</run_address>
         <size>0x4</size>
         <input_file_ref idref="fl-144"/>
      </object_component>
      <object_component id="oc-725">
         <name>.text:_ZdlPvj</name>
         <load_address>0xe0b4</load_address>
         <run_address>0xe0b4</run_address>
         <size>0x4</size>
         <input_file_ref idref="fl-145"/>
      </object_component>
      <object_component id="oc-6ed">
         <name>.text:__abort_execution</name>
         <load_address>0xe0b8</load_address>
         <run_address>0xe0b8</run_address>
         <size>0x4</size>
         <input_file_ref idref="fl-158"/>
      </object_component>
      <object_component id="oc-113">
         <name>.text:_system_pre_init</name>
         <load_address>0xe0bc</load_address>
         <run_address>0xe0bc</run_address>
         <size>0x4</size>
         <input_file_ref idref="fl-15c"/>
      </object_component>
      <object_component id="oc-280">
         <name>.text:abort:abort</name>
         <load_address>0xe0c0</load_address>
         <run_address>0xe0c0</run_address>
         <size>0x4</size>
         <input_file_ref idref="fl-151"/>
      </object_component>
      <object_component id="oc-195">
         <name>.const:g_pppui32XTALtoVCO</name>
         <load_address>0xe0c4</load_address>
         <run_address>0xe0c4</run_address>
         <size>0x1b0</size>
         <input_file_ref idref="fl-20"/>
      </object_component>
      <object_component id="oc-1e2">
         <name>.const:g_ppui32GPIOIntMapSnowflake</name>
         <load_address>0xe274</load_address>
         <run_address>0xe274</run_address>
         <size>0xd8</size>
         <input_file_ref idref="fl-14"/>
      </object_component>
      <object_component id="oc-1df">
         <name>.const:g_ppui32GPIOIntMapBlizzard</name>
         <load_address>0xe34c</load_address>
         <run_address>0xe34c</run_address>
         <size>0xc0</size>
         <input_file_ref idref="fl-14"/>
      </object_component>
      <object_component id="oc-17b">
         <name>.const:g_pui32Regs</name>
         <load_address>0xe40c</load_address>
         <run_address>0xe40c</run_address>
         <size>0x9c</size>
         <input_file_ref idref="fl-17"/>
      </object_component>
      <object_component id="oc-1e5">
         <name>.const:g_pui32GPIOBaseAddrs</name>
         <load_address>0xe4a8</load_address>
         <run_address>0xe4a8</run_address>
         <size>0x90</size>
         <input_file_ref idref="fl-14"/>
      </object_component>
      <object_component id="oc-51f">
         <name>.const:.string</name>
         <load_address>0xe538</load_address>
         <run_address>0xe538</run_address>
         <size>0x76</size>
         <input_file_ref idref="fl-4a"/>
      </object_component>
      <object_component id="oc-7a5">
         <name>.const:.string:_ZZN14rosserial_msgs3LogC1EvEs</name>
         <load_address>0xe5ae</load_address>
         <run_address>0xe5ae</run_address>
         <size>0x1</size>
         <input_file_ref idref="fl-3"/>
      </object_component>
      <object_component id="oc-75d">
         <name>.const:.string:_ZZN14rosserial_msgs9TopicInfoC1EvEs</name>
         <load_address>0xe5af</load_address>
         <run_address>0xe5af</run_address>
         <size>0x1</size>
         <input_file_ref idref="fl-3"/>
      </object_component>
      <object_component id="oc-18f">
         <name>.const:g_pui32Xtals</name>
         <load_address>0xe5b0</load_address>
         <run_address>0xe5b0</run_address>
         <size>0x6c</size>
         <input_file_ref idref="fl-20"/>
      </object_component>
      <object_component id="oc-3be">
         <name>.const:g_ppui32UARTIntMap</name>
         <load_address>0xe61c</load_address>
         <run_address>0xe61c</run_address>
         <size>0x40</size>
         <input_file_ref idref="fl-24"/>
      </object_component>
      <object_component id="oc-3c1">
         <name>.const:g_ppui32UARTIntMapSnowflake</name>
         <load_address>0xe65c</load_address>
         <run_address>0xe65c</run_address>
         <size>0x40</size>
         <input_file_ref idref="fl-24"/>
      </object_component>
      <object_component id="oc-5d2">
         <name>.const:.typeinfo:_ZTSN3ros11NodeHandle_I13TivaCHardwareLi25ELi25ELi512ELi512EEE</name>
         <load_address>0xe69c</load_address>
         <run_address>0xe69c</run_address>
         <size>0x3b</size>
         <input_file_ref idref="fl-3"/>
      </object_component>
      <object_component id="oc-5ea">
         <name>.const:.string:_ZZN3ros11NodeHandle_I13TivaCHardwareLi25ELi25ELi512ELi512EE7publishEiPKNS_3MsgEEs</name>
         <load_address>0xe6d7</load_address>
         <run_address>0xe6d7</run_address>
         <size>0x39</size>
         <input_file_ref idref="fl-3"/>
      </object_component>
      <object_component id="oc-18c">
         <name>.const:g_sXTALtoMEMTIM</name>
         <load_address>0xe710</load_address>
         <run_address>0xe710</run_address>
         <size>0x30</size>
         <input_file_ref idref="fl-20"/>
      </object_component>
      <object_component id="oc-3a2">
         <name>.const:tcp_state_str</name>
         <load_address>0xe740</load_address>
         <run_address>0xe740</run_address>
         <size>0x2c</size>
         <input_file_ref idref="fl-4a"/>
      </object_component>
      <object_component id="oc-678">
         <name>.const:.typeinfo:_ZTSN14rosserial_msgs20RequestParamResponseE</name>
         <load_address>0xe76c</load_address>
         <run_address>0xe76c</run_address>
         <size>0x29</size>
         <input_file_ref idref="fl-3"/>
      </object_component>
      <object_component id="oc-70f">
         <name>.const:.typeinfo:_ZTSN10__cxxabiv120__si_class_type_infoE</name>
         <load_address>0xe795</load_address>
         <run_address>0xe795</run_address>
         <size>0x25</size>
         <input_file_ref idref="fl-144"/>
      </object_component>
      <object_component id="oc-77e">
         <name>.const:.typeinfo:_ZTSN10__cxxabiv117__class_type_infoE</name>
         <load_address>0xe7ba</load_address>
         <run_address>0xe7ba</run_address>
         <size>0x22</size>
         <input_file_ref idref="fl-144"/>
      </object_component>
      <object_component id="oc-686">
         <name>.const:.string:_ZZN14rosserial_msgs20RequestParamResponse6getMD5EvEs</name>
         <load_address>0xe7dc</load_address>
         <run_address>0xe7dc</run_address>
         <size>0x21</size>
         <input_file_ref idref="fl-3"/>
      </object_component>
      <object_component id="oc-87d">
         <name>.const:.string:_ZZN14rosserial_msgs3Log6getMD5EvEs</name>
         <load_address>0xe7fd</load_address>
         <run_address>0xe7fd</run_address>
         <size>0x21</size>
         <input_file_ref idref="fl-3"/>
      </object_component>
      <object_component id="oc-84d">
         <name>.const:.string:_ZZN14rosserial_msgs9TopicInfo6getMD5EvEs</name>
         <load_address>0xe81e</load_address>
         <run_address>0xe81e</run_address>
         <size>0x21</size>
         <input_file_ref idref="fl-3"/>
      </object_component>
      <object_component id="oc-83e">
         <name>.const:.string:_ZZN8std_msgs4Time6getMD5EvEs</name>
         <load_address>0xe83f</load_address>
         <run_address>0xe83f</run_address>
         <size>0x21</size>
         <input_file_ref idref="fl-3"/>
      </object_component>
      <object_component id="oc-634">
         <name>.const:.string:_ZZN8std_msgs6String6getMD5EvEs</name>
         <load_address>0xe860</load_address>
         <run_address>0xe860</run_address>
         <size>0x21</size>
         <input_file_ref idref="fl-3"/>
      </object_component>
      <object_component id="oc-2eb">
         <name>.const:.string:_ZZN8std_msgs6StringC1EvEs</name>
         <load_address>0xe881</load_address>
         <run_address>0xe881</run_address>
         <size>0x1</size>
         <input_file_ref idref="fl-3"/>
      </object_component>
      <object_component id="oc-400">
         <name>.const:g_ppui32SSIIntMap</name>
         <load_address>0xe884</load_address>
         <run_address>0xe884</run_address>
         <size>0x20</size>
         <input_file_ref idref="fl-1e"/>
      </object_component>
      <object_component id="oc-403">
         <name>.const:g_ppui32SSIIntMapSnowflake</name>
         <load_address>0xe8a4</load_address>
         <run_address>0xe8a4</run_address>
         <size>0x20</size>
         <input_file_ref idref="fl-1e"/>
      </object_component>
      <object_component id="oc-178">
         <name>.const:g_pui32Priority</name>
         <load_address>0xe8c4</load_address>
         <run_address>0xe8c4</run_address>
         <size>0x20</size>
         <input_file_ref idref="fl-17"/>
      </object_component>
      <object_component id="oc-843">
         <name>.const:.typeinfo:_ZTSN14rosserial_msgs9TopicInfoE</name>
         <load_address>0xe8e4</load_address>
         <run_address>0xe8e4</run_address>
         <size>0x1d</size>
         <input_file_ref idref="fl-3"/>
      </object_component>
      <object_component id="oc-683">
         <name>.const:.string:_ZN29_INTERNAL_8_main_cpp_1d918b7214rosserial_msgs12REQUESTPARAME</name>
         <load_address>0xe901</load_address>
         <run_address>0xe901</run_address>
         <size>0x1c</size>
         <input_file_ref idref="fl-3"/>
      </object_component>
      <object_component id="oc-30c">
         <name>.const:_ZTV14HardwareSerial</name>
         <load_address>0xe920</load_address>
         <run_address>0xe920</run_address>
         <size>0x1c</size>
         <input_file_ref idref="fl-37"/>
      </object_component>
      <object_component id="oc-848">
         <name>.const:.string:_ZZN14rosserial_msgs9TopicInfo7getTypeEvEs</name>
         <load_address>0xe93c</load_address>
         <run_address>0xe93c</run_address>
         <size>0x19</size>
         <input_file_ref idref="fl-3"/>
      </object_component>
      <object_component id="oc-6a3">
         <name>.const:.typeinfo:_ZTSN3ros15NodeHandleBase_E</name>
         <load_address>0xe955</load_address>
         <run_address>0xe955</run_address>
         <size>0x18</size>
         <input_file_ref idref="fl-3"/>
      </object_component>
      <object_component id="oc-639">
         <name>.const:_ZTV6Stream</name>
         <load_address>0xe970</load_address>
         <run_address>0xe970</run_address>
         <size>0x18</size>
         <input_file_ref idref="fl-37"/>
      </object_component>
      <object_component id="oc-470">
         <name>.const:_ZTVN14rosserial_msgs20RequestParamResponseE</name>
         <load_address>0xe988</load_address>
         <run_address>0xe988</run_address>
         <size>0x18</size>
         <input_file_ref idref="fl-3"/>
      </object_component>
      <object_component id="oc-7a0">
         <name>.const:_ZTVN14rosserial_msgs3LogE</name>
         <load_address>0xe9a0</load_address>
         <run_address>0xe9a0</run_address>
         <size>0x18</size>
         <input_file_ref idref="fl-3"/>
      </object_component>
      <object_component id="oc-758">
         <name>.const:_ZTVN14rosserial_msgs9TopicInfoE</name>
         <load_address>0xe9b8</load_address>
         <run_address>0xe9b8</run_address>
         <size>0x18</size>
         <input_file_ref idref="fl-3"/>
      </object_component>
      <object_component id="oc-612">
         <name>.const:_ZTVN3ros3MsgE</name>
         <load_address>0xe9d0</load_address>
         <run_address>0xe9d0</run_address>
         <size>0x18</size>
         <input_file_ref idref="fl-3"/>
      </object_component>
      <object_component id="oc-753">
         <name>.const:_ZTVN8std_msgs4TimeE</name>
         <load_address>0xe9e8</load_address>
         <run_address>0xe9e8</run_address>
         <size>0x18</size>
         <input_file_ref idref="fl-3"/>
      </object_component>
      <object_component id="oc-2e6">
         <name>.const:_ZTVN8std_msgs6StringE</name>
         <load_address>0xea00</load_address>
         <run_address>0xea00</run_address>
         <size>0x18</size>
         <input_file_ref idref="fl-3"/>
      </object_component>
      <object_component id="oc-873">
         <name>.const:.typeinfo:_ZTSN14rosserial_msgs3LogE</name>
         <load_address>0xea18</load_address>
         <run_address>0xea18</run_address>
         <size>0x17</size>
         <input_file_ref idref="fl-3"/>
      </object_component>
      <object_component id="oc-2d3">
         <name>.const:_ZTVN3ros11NodeHandle_I13TivaCHardwareLi25ELi25ELi512ELi512EEE</name>
         <load_address>0xea30</load_address>
         <run_address>0xea30</run_address>
         <size>0x14</size>
         <input_file_ref idref="fl-3"/>
      </object_component>
      <object_component id="oc-5a7">
         <name>.const:_ZTVN3ros15NodeHandleBase_E</name>
         <load_address>0xea44</load_address>
         <run_address>0xea44</run_address>
         <size>0x14</size>
         <input_file_ref idref="fl-3"/>
      </object_component>
      <object_component id="oc-181">
         <name>.const:g_pui32Dii16Regs</name>
         <load_address>0xea58</load_address>
         <run_address>0xea58</run_address>
         <size>0x14</size>
         <input_file_ref idref="fl-17"/>
      </object_component>
      <object_component id="oc-17e">
         <name>.const:g_pui32EnRegs</name>
         <load_address>0xea6c</load_address>
         <run_address>0xea6c</run_address>
         <size>0x14</size>
         <input_file_ref idref="fl-17"/>
      </object_component>
      <object_component id="oc-184">
         <name>.const:g_pui32PendRegs</name>
         <load_address>0xea80</load_address>
         <run_address>0xea80</run_address>
         <size>0x14</size>
         <input_file_ref idref="fl-17"/>
      </object_component>
      <object_component id="oc-187">
         <name>.const:g_pui32UnpendRegs</name>
         <load_address>0xea94</load_address>
         <run_address>0xea94</run_address>
         <size>0x14</size>
         <input_file_ref idref="fl-17"/>
      </object_component>
      <object_component id="oc-878">
         <name>.const:.string:_ZZN14rosserial_msgs3Log7getTypeEvEs</name>
         <load_address>0xeaa8</load_address>
         <run_address>0xeaa8</run_address>
         <size>0x13</size>
         <input_file_ref idref="fl-3"/>
      </object_component>
      <object_component id="oc-617">
         <name>.const:.typeinfo:_ZTSN8std_msgs6StringE</name>
         <load_address>0xeabb</load_address>
         <run_address>0xeabb</run_address>
         <size>0x13</size>
         <input_file_ref idref="fl-3"/>
      </object_component>
      <object_component id="oc-52e">
         <name>.const:.string</name>
         <load_address>0xead0</load_address>
         <run_address>0xead0</run_address>
         <size>0x12</size>
         <input_file_ref idref="fl-84"/>
      </object_component>
      <object_component id="oc-63e">
         <name>.const:.typeinfo:_ZTS14HardwareSerial</name>
         <load_address>0xeae2</load_address>
         <run_address>0xeae2</run_address>
         <size>0x11</size>
         <input_file_ref idref="fl-37"/>
      </object_component>
      <object_component id="oc-834">
         <name>.const:.typeinfo:_ZTSN8std_msgs4TimeE</name>
         <load_address>0xeaf3</load_address>
         <run_address>0xeaf3</run_address>
[...]
      </symbol>
      <symbol id="sm-11fe">
         <name>tcp_enqueue_flags</name>
         <value>0x3835</value>
         <object_component_ref idref="oc-388"/>
      </symbol>
      <symbol id="sm-11ff">
         <name>tcp_send_fin</name>
         <value>0x3111</value>
         <object_component_ref idref="oc-388"/>
      </symbol>
      <symbol id="sm-1200">
         <name>tcp_zero_window_probe</name>
         <value>0x402d</value>
         <object_component_ref idref="oc-388"/>
      </symbol>
      <symbol id="sm-123e">
         <name>sys_restart_timeouts</name>
         <value>0xbcf7</value>
         <object_component_ref idref="oc-377"/>
      </symbol>
      <symbol id="sm-123f">
         <name>tcp_timer_needed</name>
         <value>0xbacd</value>
         <object_component_ref idref="oc-377"/>
      </symbol>
      <symbol id="sm-1240">
         <name>sys_timeouts_init</name>
         <value>0xbb09</value>
         <object_component_ref idref="oc-377"/>
      </symbol>
      <symbol id="sm-1241">
         <name>sys_untimeout</name>
         <value>0xbbef</value>
         <object_component_ref idref="oc-377"/>
      </symbol>
      <symbol id="sm-1242">
         <name>sys_check_timeouts</name>
         <value>0xbc6d</value>
         <object_component_ref idref="oc-377"/>
      </symbol>
      <symbol id="sm-1243">
         <name>sys_timeout</name>
         <value>0xbb21</value>
         <object_component_ref idref="oc-377"/>
      </symbol>
      <symbol id="sm-12b9">
         <name>udp_pcbs</name>
         <value>0x20005a3c</value>
      </symbol>
      <symbol id="sm-12ba">
         <name>udp_disconnect</name>
         <value>0x84d1</value>
         <object_component_ref idref="oc-1c3"/>
      </symbol>
      <symbol id="sm-12bb">
         <name>udp_sendto_if</name>
         <value>0x8239</value>
         <object_component_ref idref="oc-1c3"/>
      </symbol>
      <symbol id="sm-12bc">
         <name>udp_bind</name>
         <value>0x8389</value>
         <object_component_ref idref="oc-1c3"/>
      </symbol>
      <symbol id="sm-12bd">
         <name>udp_sendto</name>
         <value>0x81e5</value>
         <object_component_ref idref="oc-1c3"/>
      </symbol>
      <symbol id="sm-12be">
         <name>udp_input</name>
         <value>0x7f75</value>
         <object_component_ref idref="oc-1c3"/>
      </symbol>
      <symbol id="sm-12bf">
         <name>udp_new</name>
         <value>0x855d</value>
         <object_component_ref idref="oc-1c3"/>
      </symbol>
      <symbol id="sm-12c0">
         <name>udp_recv</name>
         <value>0x84f1</value>
         <object_component_ref idref="oc-1c3"/>
      </symbol>
      <symbol id="sm-12c1">
         <name>udp_init</name>
         <value>0x7f09</value>
         <object_component_ref idref="oc-1c3"/>
      </symbol>
      <symbol id="sm-12c2">
         <name>udp_send</name>
         <value>0x81c9</value>
         <object_component_ref idref="oc-1c3"/>
      </symbol>
      <symbol id="sm-12c3">
         <name>udp_remove</name>
         <value>0x850b</value>
         <object_component_ref idref="oc-1c3"/>
      </symbol>
      <symbol id="sm-12c4">
         <name>udp_connect</name>
         <value>0x8449</value>
         <object_component_ref idref="oc-1c3"/>
      </symbol>
      <symbol id="sm-12ef">
         <name>icmp_dest_unreach</name>
         <value>0xb737</value>
         <object_component_ref idref="oc-3d2"/>
      </symbol>
      <symbol id="sm-12f0">
         <name>icmp_input</name>
         <value>0xb551</value>
         <object_component_ref idref="oc-3d2"/>
      </symbol>
      <symbol id="sm-131f">
         <name>inet_chksum_pseudo_partial</name>
         <value>0x9c3f</value>
         <object_component_ref idref="oc-3c9"/>
      </symbol>
      <symbol id="sm-1320">
         <name>inet_chksum</name>
         <value>0x9d7d</value>
         <object_component_ref idref="oc-3c9"/>
      </symbol>
      <symbol id="sm-1321">
         <name>inet_chksum_pbuf</name>
         <value>0x9d95</value>
         <object_component_ref idref="oc-3c9"/>
      </symbol>
      <symbol id="sm-1322">
         <name>inet_chksum_pseudo</name>
         <value>0x9b23</value>
         <object_component_ref idref="oc-3c9"/>
      </symbol>
      <symbol id="sm-137b">
         <name>current_netif</name>
         <value>0x20005a14</value>
      </symbol>
      <symbol id="sm-137c">
         <name>current_header</name>
         <value>0x20005a08</value>
      </symbol>
      <symbol id="sm-137d">
         <name>current_iphdr_src</name>
         <value>0x20005a10</value>
      </symbol>
      <symbol id="sm-137e">
         <name>current_iphdr_dest</name>
         <value>0x20005a0c</value>
      </symbol>
      <symbol id="sm-137f">
         <name>ip_output_if</name>
         <value>0x93fd</value>
         <object_component_ref idref="oc-1cc"/>
      </symbol>
      <symbol id="sm-1380">
         <name>ip_input</name>
         <value>0x9195</value>
         <object_component_ref idref="oc-1cc"/>
      </symbol>
      <symbol id="sm-1381">
         <name>ip_output</name>
         <value>0x956f</value>
         <object_component_ref idref="oc-1cc"/>
      </symbol>
      <symbol id="sm-1382">
         <name>ip_route</name>
         <value>0x911d</value>
         <object_component_ref idref="oc-1cc"/>
      </symbol>
      <symbol id="sm-13c8">
         <name>ipaddr_addr</name>
         <value>0x9eeb</value>
         <object_component_ref idref="oc-225"/>
      </symbol>
      <symbol id="sm-13c9">
         <name>ipaddr_ntoa</name>
         <value>0xa109</value>
         <object_component_ref idref="oc-225"/>
      </symbol>
      <symbol id="sm-13ca">
         <name>ip4_addr_isbroadcast</name>
         <value>0x9e35</value>
         <object_component_ref idref="oc-225"/>
      </symbol>
      <symbol id="sm-13cb">
         <name>ipaddr_ntoa_r</name>
         <value>0xa119</value>
         <object_component_ref idref="oc-225"/>
      </symbol>
      <symbol id="sm-13cc">
         <name>ipaddr_aton</name>
         <value>0x9f03</value>
         <object_component_ref idref="oc-225"/>
      </symbol>
      <symbol id="sm-13cd">
         <name>ip4_addr_netmask_valid</name>
         <value>0x9ea1</value>
         <object_component_ref idref="oc-225"/>
      </symbol>
      <symbol id="sm-1430">
         <name>RingBufAdvanceRead</name>
         <value>0xb169</value>
         <object_component_ref idref="oc-6a8"/>
      </symbol>
      <symbol id="sm-1431">
         <name>RingBufInit</name>
         <value>0xb267</value>
         <object_component_ref idref="oc-6a8"/>
      </symbol>
      <symbol id="sm-1432">
         <name>RingBufFull</name>
         <value>0xafc9</value>
         <object_component_ref idref="oc-6a8"/>
      </symbol>
      <symbol id="sm-1433">
         <name>RingBufSize</name>
         <value>0xb0ff</value>
         <object_component_ref idref="oc-6a8"/>
      </symbol>
      <symbol id="sm-1434">
         <name>RingBufContigFree</name>
         <value>0xb0c3</value>
         <object_component_ref idref="oc-6a8"/>
      </symbol>
      <symbol id="sm-1435">
         <name>RingBufWriteOne</name>
         <value>0xb20b</value>
         <object_component_ref idref="oc-6a8"/>
      </symbol>
      <symbol id="sm-1436">
         <name>RingBufFlush</name>
         <value>0xb02d</value>
         <object_component_ref idref="oc-6a8"/>
      </symbol>
      <symbol id="sm-1437">
         <name>RingBufContigUsed</name>
         <value>0xb095</value>
         <object_component_ref idref="oc-6a8"/>
      </symbol>
      <symbol id="sm-1438">
         <name>RingBufWrite</name>
         <value>0xb231</value>
         <object_component_ref idref="oc-6a8"/>
      </symbol>
      <symbol id="sm-1439">
         <name>RingBufFree</name>
         <value>0xb07f</value>
         <object_component_ref idref="oc-6a8"/>
      </symbol>
      <symbol id="sm-143a">
         <name>RingBufRead</name>
         <value>0xb133</value>
         <object_component_ref idref="oc-6a8"/>
      </symbol>
      <symbol id="sm-143b">
         <name>RingBufReadOne</name>
         <value>0xb10d</value>
         <object_component_ref idref="oc-6a8"/>
      </symbol>
      <symbol id="sm-143c">
         <name>RingBufUsed</name>
         <value>0xb04d</value>
         <object_component_ref idref="oc-6a8"/>
      </symbol>
      <symbol id="sm-143d">
         <name>RingBufEmpty</name>
         <value>0xb003</value>
         <object_component_ref idref="oc-6a8"/>
      </symbol>
      <symbol id="sm-143e">
         <name>RingBufAdvanceWrite</name>
         <value>0xb197</value>
         <object_component_ref idref="oc-6a8"/>
      </symbol>
      <symbol id="sm-14b4">
         <name>UARTgetc</name>
         <value>0x971b</value>
         <object_component_ref idref="oc-1b7"/>
      </symbol>
      <symbol id="sm-14b5">
         <name>UARTgets</name>
         <value>0x9661</value>
         <object_component_ref idref="oc-1b7"/>
      </symbol>
      <symbol id="sm-14b6">
         <name>UARTStdioConfig</name>
         <value>0x95d5</value>
         <object_component_ref idref="oc-1b7"/>
      </symbol>
      <symbol id="sm-14b7">
         <name>UARTwrite</name>
         <value>0x961b</value>
         <object_component_ref idref="oc-1b7"/>
      </symbol>
      <symbol id="sm-14b8">
         <name>UARTprintf</name>
         <value>0x9a3b</value>
         <object_component_ref idref="oc-1b7"/>
      </symbol>
      <symbol id="sm-14b9">
         <name>UARTvprintf</name>
         <value>0x9741</value>
         <object_component_ref idref="oc-1b7"/>
      </symbol>
      <symbol id="sm-14c4">
         <name>__cxa_pure_virtual</name>
         <value>0xe0a7</value>
         <object_component_ref idref="oc-672"/>
      </symbol>
      <symbol id="sm-151e">
         <name>_ZN10__cxxabiv117__class_type_infoD1Ev</name>
         <value>0xe0ad</value>
         <object_component_ref idref="oc-719"/>
      </symbol>
      <symbol id="sm-151f">
         <name>_ZTSN10__cxxabiv120__si_class_type_infoE</name>
         <value>0xe795</value>
         <object_component_ref idref="oc-70f"/>
      </symbol>
      <symbol id="sm-1520">
         <name>_ZTSN10__cxxabiv117__class_type_infoE</name>
         <value>0xe7ba</value>
         <object_component_ref idref="oc-77e"/>
      </symbol>
      <symbol id="sm-1521">
         <name>_ZN10__cxxabiv117__class_type_infoD2Ev</name>
         <value>0xe0ad</value>
         <object_component_ref idref="oc-719"/>
      </symbol>
      <symbol id="sm-1522">
         <name>_ZN10__cxxabiv120__si_class_type_infoD2Ev</name>
         <value>0xe0b1</value>
         <object_component_ref idref="oc-690"/>
      </symbol>
      <symbol id="sm-1523">
         <name>_ZTVN10__cxxabiv117__class_type_infoE</name>
         <value>0xeb14</value>
         <object_component_ref idref="oc-69e"/>
      </symbol>
      <symbol id="sm-1524">
         <name>_ZTIN10__cxxabiv117__class_type_infoE</name>
         <value>0xeb98</value>
         <object_component_ref idref="oc-714"/>
      </symbol>
      <symbol id="sm-1525">
         <name>_ZN10__cxxabiv120__si_class_type_infoD1Ev</name>
         <value>0xe0b1</value>
         <object_component_ref idref="oc-690"/>
      </symbol>
      <symbol id="sm-1526">
         <name>_ZTIN10__cxxabiv120__si_class_type_infoE</name>
         <value>0xeba4</value>
         <object_component_ref idref="oc-68b"/>
      </symbol>
      <symbol id="sm-1527">
         <name>_ZN10__cxxabiv117__class_type_infoD0Ev</name>
         <value>0xe011</value>
         <object_component_ref idref="oc-739"/>
      </symbol>
      <symbol id="sm-1528">
         <name>_ZTVN10__cxxabiv120__si_class_type_infoE</name>
         <value>0xeb24</value>
         <object_component_ref idref="oc-5cd"/>
      </symbol>
      <symbol id="sm-1529">
         <name>_ZN10__cxxabiv120__si_class_type_infoD0Ev</name>
         <value>0xe01f</value>
         <object_component_ref idref="oc-696"/>
      </symbol>
      <symbol id="sm-1545">
         <name>_ZdlPv</name>
         <value>0xe091</value>
         <object_component_ref idref="oc-78f"/>
      </symbol>
      <symbol id="sm-1546">
         <name>_ZdlPvj</name>
         <value>0xe0b5</value>
         <object_component_ref idref="oc-725"/>
      </symbol>
      <symbol id="sm-156f">
         <name>_ZTSSt9type_info</name>
         <value>0xeb7f</value>
         <object_component_ref idref="oc-7fe"/>
      </symbol>
      <symbol id="sm-1570">
         <name>_ZNSt9type_infoD2Ev</name>
         <value>0x8bb7</value>
         <object_component_ref idref="oc-788"/>
      </symbol>
      <symbol id="sm-1571">
         <name>_ZNSt9type_infoD1Ev</name>
         <value>0x8bb7</value>
         <object_component_ref idref="oc-788"/>
      </symbol>
      <symbol id="sm-1572">
         <name>_ZTISt9type_info</name>
         <value>0xec34</value>
         <object_component_ref idref="oc-783"/>
      </symbol>
      <symbol id="sm-157d">
         <name>__aeabi_dmul</name>
         <value>0xcd75</value>
         <object_component_ref idref="oc-858"/>
      </symbol>
      <symbol id="sm-1587">
         <name>__aeabi_d2iz</name>
         <value>0xda2d</value>
         <object_component_ref idref="oc-85d"/>
      </symbol>
      <symbol id="sm-1591">
         <name>__aeabi_i2d</name>
         <value>0xdcb9</value>
         <object_component_ref idref="oc-853"/>
      </symbol>
      <symbol id="sm-15ac">
         <name>memcpy</name>
         <value>0xd1c3</value>
         <object_component_ref idref="oc-4f"/>
      </symbol>
      <symbol id="sm-15ad">
         <name>__aeabi_memcpy</name>
         <value>0xd1c3</value>
         <object_component_ref idref="oc-4f"/>
      </symbol>
      <symbol id="sm-15ae">
         <name>__aeabi_memcpy8</name>
         <value>0xd1c3</value>
         <object_component_ref idref="oc-4f"/>
      </symbol>
      <symbol id="sm-15af">
         <name>__aeabi_memcpy4</name>
         <value>0xd1c3</value>
         <object_component_ref idref="oc-4f"/>
      </symbol>
      <symbol id="sm-15be">
         <name>__aeabi_idivmod</name>
         <value>0xd885</value>
         <object_component_ref idref="oc-7e5"/>
      </symbol>
      <symbol id="sm-15bf">
         <name>__aeabi_idiv</name>
         <value>0xd885</value>
         <object_component_ref idref="oc-7e5"/>
      </symbol>
      <symbol id="sm-15ce">
         <name>__aeabi_uidivmod</name>
         <value>0xdaf9</value>
         <object_component_ref idref="oc-3af"/>
      </symbol>
      <symbol id="sm-15cf">
         <name>__aeabi_uidiv</name>
         <value>0xdaf9</value>
         <object_component_ref idref="oc-3af"/>
      </symbol>
      <symbol id="sm-15de">
         <name>__aeabi_memset</name>
         <value>0xd517</value>
         <object_component_ref idref="oc-cc"/>
      </symbol>
      <symbol id="sm-15df">
         <name>memset</name>
         <value>0xd51d</value>
         <object_component_ref idref="oc-cc"/>
      </symbol>
      <symbol id="sm-15e0">
         <name>__aeabi_memset8</name>
         <value>0xd517</value>
         <object_component_ref idref="oc-cc"/>
      </symbol>
      <symbol id="sm-15e1">
         <name>__aeabi_memset4</name>
         <value>0xd517</value>
         <object_component_ref idref="oc-cc"/>
      </symbol>
      <symbol id="sm-15e2">
         <name>__aeabi_memclr8</name>
         <value>0xd515</value>
         <object_component_ref idref="oc-cc"/>
      </symbol>
      <symbol id="sm-15e3">
         <name>__aeabi_memclr4</name>
         <value>0xd515</value>
         <object_component_ref idref="oc-cc"/>
      </symbol>
      <symbol id="sm-15e4">
         <name>__aeabi_memclr</name>
         <value>0xd515</value>
         <object_component_ref idref="oc-cc"/>
      </symbol>
      <symbol id="sm-15f6">
         <name>__TI_zero_init</name>
         <value>0xe079</value>
         <object_component_ref idref="oc-61"/>
      </symbol>
      <symbol id="sm-160d">
         <name>__TI_decompress_none</name>
         <value>0xe03b</value>
         <object_component_ref idref="oc-18"/>
      </symbol>
      <symbol id="sm-1630">
         <name>__TI_decompress_lzss</name>
         <value>0xd7bd</value>
         <object_component_ref idref="oc-12"/>
      </symbol>
      <symbol id="sm-163b">
         <name>C$$EXIT</name>
         <value>0xe0c1</value>
         <object_component_ref idref="oc-280"/>
      </symbol>
      <symbol id="sm-163c">
         <name>abort</name>
         <value>0xe0c1</value>
         <object_component_ref idref="oc-280"/>
      </symbol>
      <symbol id="sm-1651">
         <name>_nop</name>
         <value>0xa90f</value>
         <object_component_ref idref="oc-588"/>
      </symbol>
      <symbol id="sm-1652">
         <name>_lock</name>
         <value>0x20007b94</value>
         <object_component_ref idref="oc-448"/>
      </symbol>
      <symbol id="sm-1653">
         <name>_unlock</name>
         <value>0x20007b98</value>
         <object_component_ref idref="oc-448"/>
      </symbol>
      <symbol id="sm-1663">
         <name>memcmp</name>
         <value>0xddfd</value>
         <object_component_ref idref="oc-234"/>
      </symbol>
      <symbol id="sm-1700">
         <name>_sys_memory</name>
         <value>0x20007bc0</value>
         <object_component_ref idref="oc-23"/>
      </symbol>
      <symbol id="sm-1701">
         <name>free</name>
         <value>0xcf65</value>
         <object_component_ref idref="oc-6fa"/>
      </symbol>
      <symbol id="sm-1702">
         <name>realloc</name>
         <value>0xd04d</value>
         <object_component_ref idref="oc-67d"/>
      </symbol>
      <symbol id="sm-1703">
         <name>memalign</name>
         <value>0xce71</value>
         <object_component_ref idref="oc-76b"/>
      </symbol>
      <symbol id="sm-1704">
         <name>malloc</name>
         <value>0xe099</value>
         <object_component_ref idref="oc-6f4"/>
      </symbol>
      <symbol id="sm-1705">
         <name>aligned_alloc</name>
         <value>0xce71</value>
         <object_component_ref idref="oc-76b"/>
      </symbol>
      <symbol id="sm-1714">
         <name>strlen</name>
         <value>0xdf49</value>
         <object_component_ref idref="oc-20c"/>
      </symbol>
      <symbol id="sm-1727">
         <name>__stack</name>
         <value>0x20005a48</value>
         <object_component_ref idref="oc-26"/>
      </symbol>
      <symbol id="sm-1728">
         <name>_c_int00_noargs</name>
         <value>0xdc25</value>
         <object_component_ref idref="oc-6d"/>
      </symbol>
      <symbol id="sm-1732">
         <name>__abort_execution</name>
         <value>0xe0b9</value>
         <object_component_ref idref="oc-6ed"/>
      </symbol>
      <symbol id="sm-173d">
         <name>__aeabi_idiv0</name>
         <value>0xb28b</value>
         <object_component_ref idref="oc-528"/>
      </symbol>
      <symbol id="sm-173e">
         <name>__aeabi_ldiv0</name>
         <value>0xb28b</value>
         <object_component_ref idref="oc-528"/>
      </symbol>
      <symbol id="sm-176b">
         <name>__TI_auto_init_nobinit</name>
         <value>0xd825</value>
         <object_component_ref idref="oc-292"/>
      </symbol>
      <symbol id="sm-1775">
         <name>_system_pre_init</name>
         <value>0xe0bd</value>
         <object_component_ref idref="oc-113"/>
      </symbol>
      <symbol id="sm-1778">
         <name>__TI_static_base__</name>
         <value>0x0</value>
      </symbol>
      <symbol id="sm-177b">
         <name>__mpu_init</name>
         <value>0x0</value>
      </symbol>
      <symbol id="sm-177c">
         <name>_system_post_cinit</name>
         <value>0x0</value>
      </symbol>
      <symbol id="sm-177d">
         <name>_ZSt17__throw_bad_allocv</name>
         <value>0xe0c1</value>
      </symbol>
   </symbol_table>
   <title>Link successful</title>
</link_info>
