******************************************************************************
                  TI ARM Linker PC v18.12.1                    
******************************************************************************
>> Linked Wed Apr 28 15:09:43 2021

OUTPUT FILE NAME:   <project.out>
ENTRY POINT SYMBOL: "_c_int00_noargs"  address: 0000dc25


MEMORY CONFIGURATION

         name            origin    length      used     unused   attr    fill
----------------------  --------  ---------  --------  --------  ----  --------
  FLASH                 00000000   00040000  0000eccc  00031334  R  X
  SRAM                  20000000   00008000  00007bc8  00000438  RW X


SEGMENT ALLOCATION MAP

run origin  load origin   length   init length attrs members
----------  ----------- ---------- ----------- ----- -------
00000000    00000000    0000ecd0   0000ecd0    r-x
  00000000    00000000    0000026c   0000026c    r-- .intvecs
  0000026c    0000026c    0000de58   0000de58    r-x .text
  0000e0c4    0000e0c4    00000ba8   00000ba8    r-- .const
  0000ec6c    0000ec6c    00000008   00000008    r-- .init_array
  0000ec78    0000ec78    00000058   00000058    r-- .cinit
20000000    20000000    00007bd0   00000000    rw-
  20000000    20000000    0000026c   00000000    rw- .vtable
  2000026c    2000026c    000057da   00000000    rw- .bss
  20005a48    20005a48    00001388   00000000    rw- .stack
  20006dd0    20006dd0    00000dea   00000000    rw- .data
  20007bc0    20007bc0    00000010   00000000    rw- .sysmem


SECTION ALLOCATION MAP

 output                                  attributes/
section   page    origin      length       input sections
--------  ----  ----------  ----------   ----------------
.intvecs   0    00000000    0000026c     
                  00000000    0000026c     tm4c123gh6pm_startup_ccs.obj (.intvecs)

.text      0    0000026c    0000de58     
                  0000026c    00001b14     tcp_in.obj (.text)
                  00001d80    000012e4     tcp.obj (.text)
                  00003064    000010b8     tcp_out.obj (.text)
                  0000411c    00000f80     sysctl.obj (.text)
                  0000509c    00000c8c     etharp.obj (.text)
                  00005d28    00000bc4     enc28j60.obj (.text)
                  000068ec    00000b94     gpio.obj (.text)
                  00007480    00000a88     pbuf.obj (.text)
                  00007f08    00000680     udp.obj (.text)
                  00008588    0000062e     uart.obj (.text)
                  00008bb6    00000002     rtsv7M4_T_le_v4SPD16_eabi.lib : stdlib_typeinfo.cpp.obj (.text:_ZNSt9type_infoD1Ev)
                  00008bb8    00000564     mem.obj (.text)
                  0000911c    000004b8     ip.obj (.text)
                  000095d4    0000049c     uartstdio.obj (.text)
                  00009a70    000003c4     inet_chksum.obj (.text)
                  00009e34    000003c4     ip_addr.obj (.text)
                  0000a1f8    000003c0     interrupt.obj (.text)
                  0000a5b8    00000356     main.obj (.text:_ZN3ros11NodeHandle_I13TivaCHardwareLi25ELi25ELi512ELi512EE8spinOnceEv)
                  0000a90e    00000002     rtsv7M4_T_le_v4SPD16_eabi.lib : _lock.c.obj (.text:_nop)
                  0000a910    00000338     netif.obj (.text)
                  0000ac48    00000336     ssi.obj (.text)
                  0000af7e    0000030c     ringbuf.obj (.text)
                  0000b28a    00000002     rtsv7M4_T_le_v4SPD16_eabi.lib : div0.asm.obj (.text)
                  0000b28c    000002c4     interface.obj (.text)
                  0000b550    000002bc     icmp.obj (.text)
                  0000b80c    00000298     main.obj (.text:_ZN14rosserial_msgs20RequestParamResponse11deserializeEPh)
                  0000baa4    00000280     timers.obj (.text)
                  0000bd24    0000026c     raw.obj (.text)
                  0000bf90    00000210     memp.obj (.text)
                  0000c1a0    000001f2     main.obj (.text:_ZNK14rosserial_msgs20RequestParamResponse9serializeEPh)
                  0000c392    00000196     main.obj (.text:_ZN3ros11NodeHandle_I13TivaCHardwareLi25ELi25ELi512ELi512EE15negotiateTopicsEv)
                  0000c528    00000190     main.obj (.text:_ZN14rosserial_msgs9TopicInfo11deserializeEPh)
                  0000c6b8    00000140     HardwareSerial.obj (.text)
                  0000c7f8    00000140     time.obj (.text)
                  0000c938    0000011c     main.obj (.text:_ZN3ros11NodeHandle_I13TivaCHardwareLi25ELi25ELi512ELi512EE7publishEiPKNS_3MsgE)
                  0000ca54    00000116     main.obj (.text:_ZNK14rosserial_msgs9TopicInfo9serializeEPh)
                  0000cb6a    00000002     stats.obj (.text)
                  0000cb6c    00000108     spi.obj (.text)
                  0000cc74    00000100     duration.obj (.text)
                  0000cd74    000000fc     rtsv7M4_T_le_v4SPD16_eabi.lib : fd_mul_t2.asm.obj (.text)
                  0000ce70    000000f4                                   : memory.c.obj (.text:aligned_alloc)
                  0000cf64    000000e8                                   : memory.c.obj (.text:free)
                  0000d04c    000000d8                                   : memory.c.obj (.text:realloc)
                  0000d124    0000009e     main.obj (.text:_ZN8std_msgs4Time11deserializeEPh)
                  0000d1c2    0000009c     rtsv7M4_T_le_v4SPD16_eabi.lib : memcpy_t2.asm.obj (.text)
                  0000d25e    0000009a     main.obj (.text:_ZNK8std_msgs4Time9serializeEPh)
                  0000d2f8    00000098     systick.obj (.text)
                  0000d390    00000088     systick.obj (.text)
                  0000d418    0000007e     main.obj (.text:_ZN14rosserial_msgs3Log11deserializeEPh)
                  0000d496    00000002     --HOLE-- [fill = 0]
                  0000d498    0000007c     rtsv7M4_T_le_v4SPD16_eabi.lib : memory.c.obj (.text:split)
                  0000d514    0000007a                                   : memset_t2.asm.obj (.text)
                  0000d58e    00000002     --HOLE-- [fill = 0]
                  0000d590    00000078     buttons.obj (.text)
                  0000d608    00000070     main.obj (.text:_ZN3ros11NodeHandle_I13TivaCHardwareLi25ELi25ELi512ELi512EE8syncTimeEPh)
                  0000d678    0000006e     main.obj (.text:_ZN8std_msgs6String11deserializeEPh)
                  0000d6e6    0000006c     def.obj (.text)
                  0000d752    00000002     --HOLE-- [fill = 0]
                  0000d754    00000068     main.obj (.text:_ZN3ros11NodeHandle_I13TivaCHardwareLi25ELi25ELi512ELi512EE6setNowERKNS_4TimeE)
                  0000d7bc    00000068     rtsv7M4_T_le_v4SPD16_eabi.lib : copy_decompress_lzss.c.obj (.text:decompress:lzss:__TI_decompress_lzss)
                  0000d824    00000060                                   : autoinit.c.obj (.text:__TI_auto_init_nobinit:__TI_auto_init_nobinit)
                  0000d884    0000005e                                   : i_divt2.asm.obj (.text)
                  0000d8e2    0000005c     main.obj (.text:_ZNK14rosserial_msgs3Log9serializeEPh)
                  0000d93e    00000002     --HOLE-- [fill = 0]
                  0000d940    00000054     main.obj (.text:_ZN14rosserial_msgs20RequestParamResponseC1Ev)
                  0000d994    00000050     HardwareSerial.obj (.text:_ZN14HardwareSerialC1EP11ring_bufferS1_htthh)
                  0000d9e4    00000048     main.obj (.text:_ZNK8std_msgs6String9serializeEPh)
                  0000da2c    00000048     rtsv7M4_T_le_v4SPD16_eabi.lib : fd_toi_t2.asm.obj (.text)
                  0000da74    00000044     main.obj (.text)
                  0000dab8    00000040     main.obj (.text:_ZN13TivaCHardware5writeEPhi)
                  0000daf8    00000040     rtsv7M4_T_le_v4SPD16_eabi.lib : u_divt2.asm.obj (.text)
                  0000db38    0000003e     cpu.obj (.text)
                  0000db76    00000002     --HOLE-- [fill = 0]
                  0000db78    0000003c     main.obj (.text:_ZN14rosserial_msgs9TopicInfoC1Ev)
                  0000dbb4    0000003c     main.obj (.text:_ZN3ros3Msg8arrToVarIjPhEEvRT_T0_)
                  0000dbf0    00000034     main.obj (.text:_ZN3ros11NodeHandle_I13TivaCHardwareLi25ELi25ELi512ELi512EE3logEcPKc)
                  0000dc24    00000034     rtsv7M4_T_le_v4SPD16_eabi.lib : boot_cortex_m.c.obj (.text:_c_int00_noargs:_c_int00_noargs)
                  0000dc58    00000030     main.obj (.text:_ZN3ros11NodeHandle_I13TivaCHardwareLi25ELi25ELi512ELi512EE15requestSyncTimeEv)
                  0000dc88    00000030     main.obj (.text:_ZN3ros3Msg8varToArrIPhjEEvT_T0_)
                  0000dcb8    0000002e     rtsv7M4_T_le_v4SPD16_eabi.lib : i_tofd_t2.asm.obj (.text)
                  0000dce6    00000002     --HOLE-- [fill = 0]
                  0000dce8    0000002c     main.obj (.text:_ZN3ros11NodeHandle_I13TivaCHardwareLi25ELi25ELi512ELi512EEC1Ev)
                  0000dd14    00000028     main.obj (.text:_ZN14rosserial_msgs3LogC1Ev)
                  0000dd3c    00000028     rtsv7M4_T_le_v4SPD16_eabi.lib : memory.c.obj (.text:free_list_insert)
                  0000dd64    00000028     led.obj (.text)
                  0000dd8c    00000028     sys_arch.obj (.text)
                  0000ddb4    00000024     main.obj (.text:_ZN3ros9PublisherC1EPKcPNS_3MsgEi)
                  0000ddd8    00000024     main.obj (.text:_ZN8std_msgs6StringC1Ev)
                  0000ddfc    00000024     rtsv7M4_T_le_v4SPD16_eabi.lib : memcmp.c.obj (.text:memcmp)
                  0000de20    00000020     main.obj (.text:_ZN13TivaCHardware4readEv)
                  0000de40    00000020     HardwareSerial.obj (.text:_ZN6StreamC1Ev)
                  0000de60    00000020     main.obj (.text:_ZN8std_msgs4TimeC1Ev)
                  0000de80    00000020     init.obj (.text)
                  0000dea0    0000001c     rtsv7M4_T_le_v4SPD16_eabi.lib : memory.c.obj (.text:free_list_remove)
                  0000debc    00000018     main.obj (.text:_ZN3ros11NodeHandle_I13TivaCHardwareLi25ELi25ELi512ELi512EE9connectedEv)
                  0000ded4    00000018     main.obj (.text:_ZN3ros15NodeHandleBase_C1Ev)
                  0000deec    00000018     main.obj (.text:_ZN3ros3MsgC1Ev)
                  0000df04    00000018     main.obj (.text:_ZN3ros4TimeC1Ev)
                  0000df1c    00000018     time.obj (.text:_ZN3ros8DurationC1Ev)
                  0000df34    00000014     main.obj (.text:_ZN13TivaCHardware4timeEv)
                  0000df48    00000014     rtsv7M4_T_le_v4SPD16_eabi.lib : strlen.c.obj (.text:strlen)
                  0000df5c    00000012     main.obj (.text:_ZN3ros11NodeHandle_I13TivaCHardwareLi25ELi25ELi512ELi512EE8logerrorEPKc)
                  0000df6e    00000002     --HOLE-- [fill = 0]
                  0000df70    00000010     main.obj (.text:_ZN14rosserial_msgs20RequestParamResponse6getMD5Ev)
                  0000df80    00000010     main.obj (.text:_ZN14rosserial_msgs20RequestParamResponse7getTypeEv)
                  0000df90    00000010     main.obj (.text:_ZN14rosserial_msgs3Log6getMD5Ev)
                  0000dfa0    00000010     main.obj (.text:_ZN14rosserial_msgs3Log7getTypeEv)
                  0000dfb0    00000010     main.obj (.text:_ZN14rosserial_msgs9TopicInfo6getMD5Ev)
                  0000dfc0    00000010     main.obj (.text:_ZN14rosserial_msgs9TopicInfo7getTypeEv)
                  0000dfd0    00000010     main.obj (.text:_ZN8std_msgs4Time6getMD5Ev)
                  0000dfe0    00000010     main.obj (.text:_ZN8std_msgs4Time7getTypeEv)
                  0000dff0    00000010     main.obj (.text:_ZN8std_msgs6String6getMD5Ev)
                  0000e000    00000010     main.obj (.text:_ZN8std_msgs6String7getTypeEv)
                  0000e010    0000000e     rtsv7M4_T_le_v4SPD16_eabi.lib : typeinfo.c.obj (.text:_ZN10__cxxabiv117__class_type_infoD0Ev)
                  0000e01e    0000000e                                   : typeinfo.c.obj (.text:_ZN10__cxxabiv120__si_class_type_infoD0Ev)
                  0000e02c    0000000e     main.obj (.text:_ZN3ros9Publisher15getEndpointTypeEv)
                  0000e03a    0000000e     rtsv7M4_T_le_v4SPD16_eabi.lib : copy_decompress_none.c.obj (.text:decompress:none:__TI_decompress_none)
                  0000e048    0000000c     main.obj (.text:_ZN13TivaCHardwareC1Ev)
                  0000e054    0000000c     main.obj (.text:_ZN3ros15NodeHandleBase_C2Ev)
                  0000e060    0000000c     main.obj (.text:_ZN3ros3MsgC2Ev)
                  0000e06c    0000000c     HardwareSerial.obj (.text:_ZN6StreamC2Ev)
                  0000e078    0000000c     rtsv7M4_T_le_v4SPD16_eabi.lib : copy_zero_init.c.obj (.text:decompress:ZI:__TI_zero_init)
                  0000e084    0000000c     tm4c123gh6pm_startup_ccs.obj (.text)
                  0000e090    00000008     rtsv7M4_T_le_v4SPD16_eabi.lib : new.cpp.obj (.text:_ZdlPv)
                  0000e098    00000008                                   : memory.c.obj (.text:malloc)
                  0000e0a0    00000006     sysctl.obj (.text:SysCtlDelay)
                  0000e0a6    00000006     rtsv7M4_T_le_v4SPD16_eabi.lib : pure_virt.c.obj (.text:__cxa_pure_virtual)
                  0000e0ac    00000004                                   : typeinfo.c.obj (.text:_ZN10__cxxabiv117__class_type_infoD1Ev)
                  0000e0b0    00000004                                   : typeinfo.c.obj (.text:_ZN10__cxxabiv120__si_class_type_infoD1Ev)
                  0000e0b4    00000004                                   : new.cpp.obj (.text:_ZdlPvj)
                  0000e0b8    00000004                                   : error.c.obj (.text:__abort_execution)
                  0000e0bc    00000004                                   : pre_init.c.obj (.text:_system_pre_init)
                  0000e0c0    00000004                                   : exit.c.obj (.text:abort:abort)

.const     0    0000e0c4    00000ba8     
                  0000e0c4    000001b0     sysctl.obj (.const:g_pppui32XTALtoVCO)
                  0000e274    000000d8     gpio.obj (.const:g_ppui32GPIOIntMapSnowflake)
                  0000e34c    000000c0     gpio.obj (.const:g_ppui32GPIOIntMapBlizzard)
                  0000e40c    0000009c     interrupt.obj (.const:g_pui32Regs)
                  0000e4a8    00000090     gpio.obj (.const:g_pui32GPIOBaseAddrs)
                  0000e538    00000076     tcp.obj (.const:.string)
                  0000e5ae    00000001     main.obj (.const:.string:_ZZN14rosserial_msgs3LogC1EvEs)
                  0000e5af    00000001     main.obj (.const:.string:_ZZN14rosserial_msgs9TopicInfoC1EvEs)
                  0000e5b0    0000006c     sysctl.obj (.const:g_pui32Xtals)
                  0000e61c    00000040     uart.obj (.const:g_ppui32UARTIntMap)
                  0000e65c    00000040     uart.obj (.const:g_ppui32UARTIntMapSnowflake)
                  0000e69c    0000003b     main.obj (.const:.typeinfo:_ZTSN3ros11NodeHandle_I13TivaCHardwareLi25ELi25ELi512ELi512EEE)
                  0000e6d7    00000039     main.obj (.const:.string:_ZZN3ros11NodeHandle_I13TivaCHardwareLi25ELi25ELi512ELi512EE7publishEiPKNS_3MsgEEs)
                  0000e710    00000030     sysctl.obj (.const:g_sXTALtoMEMTIM)
                  0000e740    0000002c     tcp.obj (.const:tcp_state_str)
                  0000e76c    00000029     main.obj (.const:.typeinfo:_ZTSN14rosserial_msgs20RequestParamResponseE)
                  0000e795    00000025     rtsv7M4_T_le_v4SPD16_eabi.lib : typeinfo.c.obj (.const:.typeinfo:_ZTSN10__cxxabiv120__si_class_type_infoE)
                  0000e7ba    00000022                                   : typeinfo.c.obj (.const:.typeinfo:_ZTSN10__cxxabiv117__class_type_infoE)
                  0000e7dc    00000021     main.obj (.const:.string:_ZZN14rosserial_msgs20RequestParamResponse6getMD5EvEs)
                  0000e7fd    00000021     main.obj (.const:.string:_ZZN14rosserial_msgs3Log6getMD5EvEs)
                  0000e81e    00000021     main.obj (.const:.string:_ZZN14rosserial_msgs9TopicInfo6getMD5EvEs)
                  0000e83f    00000021     main.obj (.const:.string:_ZZN8std_msgs4Time6getMD5EvEs)
                  0000e860    00000021     main.obj (.const:.string:_ZZN8std_msgs6String6getMD5EvEs)
                  0000e881    00000001     main.obj (.const:.string:_ZZN8std_msgs6StringC1EvEs)
                  0000e882    00000002     --HOLE-- [fill = 0]
                  0000e884    00000020     ssi.obj (.const:g_ppui32SSIIntMap)
                  0000e8a4    00000020     ssi.obj (.const:g_ppui32SSIIntMapSnowflake)
                  0000e8c4    00000020     interrupt.obj (.const:g_pui32Priority)
                  0000e8e4    0000001d     main.obj (.const:.typeinfo:_ZTSN14rosserial_msgs9TopicInfoE)
                  0000e901    0000001c     main.obj (.const:.string:_ZN29_INTERNAL_8_main_cpp_1d918b7214rosserial_msgs12REQUESTPARAME)
                  0000e91d    00000003     --HOLE-- [fill = 0]
                  0000e920    0000001c     HardwareSerial.obj (.const:_ZTV14HardwareSerial)
                  0000e93c    00000019     main.obj (.const:.string:_ZZN14rosserial_msgs9TopicInfo7getTypeEvEs)
                  0000e955    00000018     main.obj (.const:.typeinfo:_ZTSN3ros15NodeHandleBase_E)
                  0000e96d    00000003     --HOLE-- [fill = 0]
                  0000e970    00000018     HardwareSerial.obj (.const:_ZTV6Stream)
                  0000e988    00000018     main.obj (.const:_ZTVN14rosserial_msgs20RequestParamResponseE)
                  0000e9a0    00000018     main.obj (.const:_ZTVN14rosserial_msgs3LogE)
                  0000e9b8    00000018     main.obj (.const:_ZTVN14rosserial_msgs9TopicInfoE)
                  0000e9d0    00000018     main.obj (.const:_ZTVN3ros3MsgE)
                  0000e9e8    00000018     main.obj (.const:_ZTVN8std_msgs4TimeE)
                  0000ea00    00000018     main.obj (.const:_ZTVN8std_msgs6StringE)
                  0000ea18    00000017     main.obj (.const:.typeinfo:_ZTSN14rosserial_msgs3LogE)
                  0000ea2f    00000001     --HOLE-- [fill = 0]
                  0000ea30    00000014     main.obj (.const:_ZTVN3ros11NodeHandle_I13TivaCHardwareLi25ELi25ELi512ELi512EEE)
                  0000ea44    00000014     main.obj (.const:_ZTVN3ros15NodeHandleBase_E)
                  0000ea58    00000014     interrupt.obj (.const:g_pui32Dii16Regs)
                  0000ea6c    00000014     interrupt.obj (.const:g_pui32EnRegs)
                  0000ea80    00000014     interrupt.obj (.const:g_pui32PendRegs)
                  0000ea94    00000014     interrupt.obj (.const:g_pui32UnpendRegs)
                  0000eaa8    00000013     main.obj (.const:.string:_ZZN14rosserial_msgs3Log7getTypeEvEs)
                  0000eabb    00000013     main.obj (.const:.typeinfo:_ZTSN8std_msgs6StringE)
                  0000eace    00000002     --HOLE-- [fill = 0]
                  0000ead0    00000012     uartstdio.obj (.const:.string)
                  0000eae2    00000011     HardwareSerial.obj (.const:.typeinfo:_ZTS14HardwareSerial)
                  0000eaf3    00000011     main.obj (.const:.typeinfo:_ZTSN8std_msgs4TimeE)
                  0000eb04    00000010     main.obj (.const:.string:_ZZN8std_msgs6String7getTypeEvEs)
                  0000eb14    00000010     rtsv7M4_T_le_v4SPD16_eabi.lib : typeinfo.c.obj (.const:_ZTVN10__cxxabiv117__class_type_infoE)
                  0000eb24    00000010                                   : typeinfo.c.obj (.const:_ZTVN10__cxxabiv120__si_class_type_infoE)
                  0000eb34    00000010     memp.obj (.const:memp_num)
                  0000eb44    00000010     memp.obj (.const:memp_sizes)
                  0000eb54    00000010     tcp.obj (.const:tcp_pcb_lists)
                  0000eb64    0000000e     main.obj (.const:.string:_ZZN8std_msgs4Time7getTypeEvEs)
                  0000eb72    0000000d     tcp.obj (.const:.string:tcp_backoff)
                  0000eb7f    0000000d     rtsv7M4_T_le_v4SPD16_eabi.lib : stdlib_typeinfo.cpp.obj (.const:.typeinfo:_ZTSSt9type_info)
                  0000eb8c    0000000c     HardwareSerial.obj (.const:.typeinfo:_ZTI14HardwareSerial)
                  0000eb98    0000000c     rtsv7M4_T_le_v4SPD16_eabi.lib : typeinfo.c.obj (.const:.typeinfo:_ZTIN10__cxxabiv117__class_type_infoE)
                  0000eba4    0000000c                                   : typeinfo.c.obj (.const:.typeinfo:_ZTIN10__cxxabiv120__si_class_type_infoE)
                  0000ebb0    0000000c     main.obj (.const:.typeinfo:_ZTIN14rosserial_msgs20RequestParamResponseE)
                  0000ebbc    0000000c     main.obj (.const:.typeinfo:_ZTIN14rosserial_msgs3LogE)
                  0000ebc8    0000000c     main.obj (.const:.typeinfo:_ZTIN14rosserial_msgs9TopicInfoE)
                  0000ebd4    0000000c     main.obj (.const:.typeinfo:_ZTIN3ros11NodeHandle_I13TivaCHardwareLi25ELi25ELi512ELi512EEE)
                  0000ebe0    0000000c     main.obj (.const:.typeinfo:_ZTIN8std_msgs4TimeE)
                  0000ebec    0000000c     main.obj (.const:.typeinfo:_ZTIN8std_msgs6StringE)
                  0000ebf8    0000000c     uartstdio.obj (.const:g_ui32UARTBase)
                  0000ec04    0000000c     uartstdio.obj (.const:g_ui32UARTPeriph)
                  0000ec10    0000000b     main.obj (.const:.typeinfo:_ZTSN3ros3MsgE)
                  0000ec1b    00000001     --HOLE-- [fill = 0]
                  0000ec1c    00000008     HardwareSerial.obj (.const:.typeinfo:_ZTI6Stream)
                  0000ec24    00000008     main.obj (.const:.typeinfo:_ZTIN3ros15NodeHandleBase_E)
                  0000ec2c    00000008     main.obj (.const:.typeinfo:_ZTIN3ros3MsgE)
                  0000ec34    00000008     rtsv7M4_T_le_v4SPD16_eabi.lib : stdlib_typeinfo.cpp.obj (.const:.typeinfo:_ZTISt9type_info)
                  0000ec3c    00000008     HardwareSerial.obj (.const:.typeinfo:_ZTS6Stream)
                  0000ec44    00000008     sysctl.obj (.const:g_pui32VCOFrequencies)
                  0000ec4c    00000007     tcp.obj (.const:.string:tcp_persist_backoff)
                  0000ec53    00000006     config.obj (.const:.string:mac)
                  0000ec59    00000006     etharp.obj (.const:ethbroadcast)
                  0000ec5f    00000006     etharp.obj (.const:ethzero)
                  0000ec65    00000003     --HOLE-- [fill = 0]
                  0000ec68    00000004     uartstdio.obj (.const)

.cinit     0    0000ec78    00000058     
                  0000ec78    0000001f     (.cinit..data.load) [load image, compression = lzss]
                  0000ec97    00000001     --HOLE-- [fill = 0]
                  0000ec98    0000000c     (__TI_handler_table)
                  0000eca4    00000004     --HOLE-- [fill = 0]
                  0000eca8    00000008     (.cinit..bss.load) [load image, compression = zero_init]
                  0000ecb0    00000008     (.cinit..vtable.load) [load image, compression = zero_init]
                  0000ecb8    00000018     (__TI_cinit_table)

.init_array 
*          0    0000ec6c    00000008     
                  0000ec6c    00000004     HardwareSerial.obj (.init_array)
                  0000ec70    00000004     main.obj (.init_array)

.vtable    0    20000000    0000026c     UNINITIALIZED
                  20000000    0000026c     interrupt.obj (.vtable)

.bss       0    2000026c    000057da     UNINITIALIZED
                  2000026c    00002e0c     memp.obj (.bss:memp_memory)
                  20003078    00002014     (.common:ram_heap)
                  2000508c    000006c0     main.obj (.bss:nh)
                  2000574c    000000ea     (.common:lwip_stats)
                  20005836    00000002     ip.obj (.bss)
                  20005838    000000c8     etharp.obj (.bss:arp_table)
                  20005900    00000030     (.common:g_sNetIF)
                  20005930    00000020     HardwareSerial.obj (.bss:Serial)
                  20005950    00000020     memp.obj (.bss:memp_tab)
                  20005970    0000001c     tcp_in.obj (.bss)
                  2000598c    00000014     main.obj (.bss:chatter)
                  200059a0    00000010     tcp_in.obj (.bss:inseg)
                  200059b0    00000010     ip_addr.obj (.bss:str$1)
                  200059c0    00000010     (.common:rxBuffer)
                  200059d0    00000010     (.common:txBuffer)
                  200059e0    0000000c     mem.obj (.bss)
                  200059ec    0000000c     timers.obj (.bss)
                  200059f8    00000008     main.obj (.bss:str_msg)
                  20005a00    00000004     enc28j60.obj (.bss)
                  20005a04    00000004     raw.obj (.bss)
                  20005a08    00000004     (.common:current_header)
                  20005a0c    00000004     (.common:current_iphdr_dest)
                  20005a10    00000004     (.common:current_iphdr_src)
                  20005a14    00000004     (.common:current_netif)
                  20005a18    00000004     (.common:netif_default)
                  20005a1c    00000004     (.common:netif_list)
                  20005a20    00000004     (.common:tcp_active_pcbs)
                  20005a24    00000004     (.common:tcp_bound_pcbs)
                  20005a28    00000004     (.common:tcp_input_pcb)
                  20005a2c    00000004     (.common:tcp_listen_pcbs)
                  20005a30    00000004     (.common:tcp_ticks)
                  20005a34    00000004     (.common:tcp_tmp_pcb)
                  20005a38    00000004     (.common:tcp_tw_pcbs)
                  20005a3c    00000004     (.common:udp_pcbs)
                  20005a40    00000002     tcp.obj (.bss)
                  20005a42    00000001     etharp.obj (.bss)
                  20005a43    00000001     netif.obj (.bss)
                  20005a44    00000001     (.common:pbuf_free_ooseq_pending)
                  20005a45    00000001     (.common:tcp_active_pcbs_changed)

.stack     0    20005a48    00001388     UNINITIALIZED
                  20005a48    00000004     rtsv7M4_T_le_v4SPD16_eabi.lib : boot_cortex_m.c.obj (.stack)
                  20005a4c    00001384     --HOLE--

.data      0    20006dd0    00000dea     UNINITIALIZED
                  20006dd0    00000708     interface.obj (.data:Udp_buffer_RX)
                  200074d8    000005ea     enc28j60.obj (.data:incomming_frame)
                  20007ac2    00000064     interface.obj (.data:buffer)
                  20007b26    00000002     udp.obj (.data)
                  20007b28    00000018     systick.obj (.data)
                  20007b40    00000018     interface.obj (.data)
                  20007b58    00000018     HardwareSerial.obj (.data:rx_buffer)
                  20007b70    00000018     HardwareSerial.obj (.data:tx_buffer)
                  20007b88    0000000c     enc28j60.obj (.data)
                  20007b94    00000008     rtsv7M4_T_le_v4SPD16_eabi.lib : _lock.c.obj (.data:$O1$$)
                  20007b9c    00000008                                   : memory.c.obj (.data:$O1$$)
                  20007ba4    00000008     tcp.obj (.data)
                  20007bac    00000008     tivac_hardware.obj (.data)
                  20007bb4    00000005     uartstdio.obj (.data)
                  20007bb9    00000001     buttons.obj (.data)

.sysmem    0    20007bc0    00000010     UNINITIALIZED
                  20007bc0    00000010     rtsv7M4_T_le_v4SPD16_eabi.lib : memory.c.obj (.sysmem)

MODULE SUMMARY

       Module                         code    ro data   rw data
       ------                         ----    -------   -------
    .\
       main.obj                       5360    826       1756   
       tm4c123gh6pm_startup_ccs.obj   12      620       0      
    +--+------------------------------+-------+---------+---------+
       Total:                         5372    1446      1756   
                                                               
    .\driverlib\
       sysctl.obj                     3974    596       0      
       gpio.obj                       2964    552       0      
       interrupt.obj                  960     268       620    
       uart.obj                       1582    128       0      
       ssi.obj                        822     64        0      
       systick.obj                    136     0         0      
       cpu.obj                        62      0         0      
    +--+------------------------------+-------+---------+---------+
       Total:                         10500   1608      620    
                                                               
    .\interface\
       interface.obj                  708     0         1972   
    +--+------------------------------+-------+---------+---------+
       Total:                         708     0         1972   
                                                               
    .\ports\
       enc28j60.obj                   3012    0         1530   
       spi.obj                        264     0         0      
       systick.obj                    152     0         24     
       buttons.obj                    120     0         1      
       led.obj                        40      0         0      
       sys_arch.obj                   40      0         0      
       config.obj                     0       6         0      
    +--+------------------------------+-------+---------+---------+
       Total:                         3628    6         1555   
                                                               
    .\ros_lib\ros\
       time.obj                       344     0         0      
       duration.obj                   256     0         0      
    +--+------------------------------+-------+---------+---------+
       Total:                         600     0         0      
                                                               
    .\rosserial\rosserial_tivac\src\ros_lib\
       HardwareSerial.obj             444     101       80     
       tivac_hardware.obj             0       0         40     
    +--+------------------------------+-------+---------+---------+
       Total:                         444     101       120    
                                                               
    .\src\core\
       memp.obj                       528     32        11820  
       mem.obj                        1380    0         8224   
       tcp_in.obj                     6932    0         48     
       tcp.obj                        4836    198       35     
       tcp_out.obj                    4280    0         0      
       etharp.obj                     3212    12        201    
       pbuf.obj                       2696    0         1      
       udp.obj                        1664    0         6      
       netif.obj                      824     0         9      
       timers.obj                     640     0         12     
       raw.obj                        620     0         4      
       stats.obj                      2       0         234    
       def.obj                        108     0         0      
       init.obj                       32      0         0      
    +--+------------------------------+-------+---------+---------+
       Total:                         27754   242       20594  
                                                               
    .\src\core\ipv4\
       ip.obj                         1208    0         18     
       ip_addr.obj                    964     0         16     
       inet_chksum.obj                964     0         0      
       icmp.obj                       700     0         0      
    +--+------------------------------+-------+---------+---------+
       Total:                         3836    0         34     
                                                               
    .\utils\
       uartstdio.obj                  1180    46        5      
       ringbuf.obj                    780     0         0      
    +--+------------------------------+-------+---------+---------+
       Total:                         1960    46        5      
                                                               
    C:\ti\ccs900\ccs\tools\compiler\ti-cgt-arm_18.12.1.LTS\lib\rtsv7M4_T_le_v4SPD16_eabi.lib
       memory.c.obj                   892     0         8      
       fd_mul_t2.asm.obj              252     0         0      
       typeinfo.c.obj                 36      127       0      
       memcpy_t2.asm.obj              156     0         0      
       memset_t2.asm.obj              122     0         0      
       copy_decompress_lzss.c.obj     104     0         0      
       autoinit.c.obj                 96      0         0      
       i_divt2.asm.obj                94      0         0      
       fd_toi_t2.asm.obj              72      0         0      
       u_divt2.asm.obj                64      0         0      
       boot_cortex_m.c.obj            52      0         0      
       i_tofd_t2.asm.obj              46      0         0      
       memcmp.c.obj                   36      0         0      
       stdlib_typeinfo.cpp.obj        2       21        0      
       strlen.c.obj                   20      0         0      
       copy_decompress_none.c.obj     14      0         0      
       copy_zero_init.c.obj           12      0         0      
       new.cpp.obj                    12      0         0      
       _lock.c.obj                    2       0         8      
       pure_virt.c.obj                6       0         0      
       error.c.obj                    4       0         0      
       exit.c.obj                     4       0         0      
       pre_init.c.obj                 4       0         0      
       div0.asm.obj                   2       0         0      
    +--+------------------------------+-------+---------+---------+
       Total:                         2104    148       16     
                                                               
       Heap:                          0       0         16     
       Stack:                         0       0         5000   
       Linker Generated:              0       83        0      
    +--+------------------------------+-------+---------+---------+
       Grand Total:                   56906   3680      31688  


LINKER GENERATED COPY TABLES

__TI_cinit_table @ 0000ecb8 records: 3, size/record: 8, table size: 24
	.data: load addr=0000ec78, load size=0000001f bytes, run addr=20006dd0, run size=00000dea bytes, compression=lzss
	.bss: load addr=0000eca8, load size=00000008 bytes, run addr=2000026c, run size=000057da bytes, compression=zero_init
	.vtable: load addr=0000ecb0, load size=00000008 bytes, run addr=20000000, run size=0000026c bytes, compression=zero_init


LINKER GENERATED HANDLER TABLE

__TI_handler_table @ 0000ec98 records: 3, size/record: 4, table size: 12
	index: 0, handler: __TI_zero_init
	index: 1, handler: __TI_decompress_lzss
	index: 2, handler: __TI_decompress_none


GLOBAL SYMBOLS: SORTED ALPHABETICALLY BY Name 

address   name                                                                              
-------   ----                                                                              
0000d591  ButtonsInit                                                                       
0000e0c1  C$$EXIT                                                                           
0000db6d  CPUbasepriGet                                                                     
0000db5f  CPUbasepriSet                                                                     
0000db39  CPUcpsid                                                                          
0000db4f  CPUcpsie                                                                          
0000db45  CPUprimask                                                                        
0000db5b  CPUwfi                                                                            
0000b37d  ECU_int                                                                           
0000687f  EthIf_ProvideTxBuffer                                                             
00007459  GPIOADCTriggerDisable                                                             
0000743b  GPIOADCTriggerEnable                                                              
0000741d  GPIODMATriggerDisable                                                             
000073ff  GPIODMATriggerEnable                                                              
000069a7  GPIODirModeGet                                                                    
0000694b  GPIODirModeSet                                                                    
00006f0f  GPIOIntClear                                                                      
00006ed3  GPIOIntDisable                                                                    
00006eb9  GPIOIntEnable                                                                     
00006f23  GPIOIntRegister                                                                   
00006f5b  GPIOIntRegisterPin                                                                
00006eed  GPIOIntStatus                                                                     
00006a97  GPIOIntTypeGet                                                                    
000069f3  GPIOIntTypeSet                                                                    
00006f41  GPIOIntUnregister                                                                 
00006f89  GPIOIntUnregisterPin                                                              
00006d67  GPIOPadConfigGet                                                                  
00006b2d  GPIOPadConfigSet                                                                  
000073a1  GPIOPinConfigure                                                                  
00006fad  GPIOPinRead                                                                       
00006fe5  GPIOPinTypeADC                                                                    
00007009  GPIOPinTypeCAN                                                                    
0000702d  GPIOPinTypeComparator                                                             
00007051  GPIOPinTypeComparatorOutput                                                       
00007075  GPIOPinTypeDIVSCLK                                                                
00007099  GPIOPinTypeEPI                                                                    
000070bd  GPIOPinTypeEthernetLED                                                            
000070e1  GPIOPinTypeEthernetMII                                                            
00007105  GPIOPinTypeGPIOInput                                                              
00007129  GPIOPinTypeGPIOOutput                                                             
0000714d  GPIOPinTypeGPIOOutputOD                                                           
00007171  GPIOPinTypeHibernateRTCCLK                                                        
00007195  GPIOPinTypeI2C                                                                    
000071b9  GPIOPinTypeI2CSCL                                                                 
000071dd  GPIOPinTypeLCD                                                                    
00007201  GPIOPinTypeOneWire                                                                
00007225  GPIOPinTypePWM                                                                    
00007249  GPIOPinTypeQEI                                                                    
0000726d  GPIOPinTypeSSI                                                                    
00007291  GPIOPinTypeTimer                                                                  
000072b5  GPIOPinTypeTrace                                                                  
000072d9  GPIOPinTypeUART                                                                   
000072fd  GPIOPinTypeUSBAnalog                                                              
00007321  GPIOPinTypeUSBDigital                                                             
00007345  GPIOPinTypeWakeHigh                                                               
0000736b  GPIOPinTypeWakeLow                                                                
00007391  GPIOPinWakeStatus                                                                 
00006fc5  GPIOPinWrite                                                                      
0000b47f  InitConsole                                                                       
0000a3b9  IntDisable                                                                        
0000a347  IntEnable                                                                         
0000a42b  IntIsEnabled                                                                      
0000a20b  IntMasterDisable                                                                  
0000a1fb  IntMasterEnable                                                                   
0000a521  IntPendClear                                                                      
0000a4b1  IntPendSet                                                                        
0000a323  IntPriorityGet                                                                    
0000a29b  IntPriorityGroupingGet                                                            
0000a281  IntPriorityGroupingSet                                                            
0000a57b  IntPriorityMaskGet                                                                
0000a56f  IntPriorityMaskSet                                                                
0000a2d3  IntPrioritySet                                                                    
0000a21b  IntRegister                                                                       
0000a583  IntTrigger                                                                        
0000a26d  IntUnregister                                                                     
0000b459  LWIP_stack_int                                                                    
0000e085  ResetISR                                                                          
0000b169  RingBufAdvanceRead                                                                
0000b197  RingBufAdvanceWrite                                                               
0000b0c3  RingBufContigFree                                                                 
0000b095  RingBufContigUsed                                                                 
0000b003  RingBufEmpty                                                                      
0000b02d  RingBufFlush                                                                      
0000b07f  RingBufFree                                                                       
0000afc9  RingBufFull                                                                       
0000b267  RingBufInit                                                                       
0000b133  RingBufRead                                                                       
0000b10d  RingBufReadOne                                                                    
0000b0ff  RingBufSize                                                                       
0000b04d  RingBufUsed                                                                       
0000b231  RingBufWrite                                                                      
0000b20b  RingBufWriteOne                                                                   
0000ec6c  SHT$$INIT_ARRAY$$Base                                                             
0000ec74  SHT$$INIT_ARRAY$$Limit                                                            
0000af01  SSIAdvDataPutFrameEnd                                                             
0000af27  SSIAdvDataPutFrameEndNonBlocking                                                  
0000af69  SSIAdvFrameHoldDisable                                                            
0000af53  SSIAdvFrameHoldEnable                                                             
0000aecf  SSIAdvModeSet                                                                     
0000ae8d  SSIBusy                                                                           
0000aebf  SSIClockSourceGet                                                                 
0000aeab  SSIClockSourceSet                                                                 
0000aca7  SSIConfigSetExpClk                                                                
0000ae75  SSIDMADisable                                                                     
0000ae5d  SSIDMAEnable                                                                      
0000ae1f  SSIDataGet                                                                        
0000ae3b  SSIDataGetNonBlocking                                                             
0000ade5  SSIDataPut                                                                        
0000adff  SSIDataPutNonBlocking                                                             
0000ad37  SSIDisable                                                                        
0000ad21  SSIEnable                                                                         
0000add3  SSIIntClear                                                                       
0000ad9d  SSIIntDisable                                                                     
0000ad85  SSIIntEnable                                                                      
0000ad4d  SSIIntRegister                                                                    
0000adb5  SSIIntStatus                                                                      
0000ad6b  SSIIntUnregister                                                                  
20005930  Serial                                                                            
0000b41b  SimpleDelay_2                                                                     
00005059  SysCtlAltClkConfig                                                                
00004781  SysCtlClockFreqSet                                                                
00004c49  SysCtlClockGet                                                                    
0000503d  SysCtlClockOutConfig                                                              
00004a79  SysCtlClockSet                                                                    
00004685  SysCtlDeepSleep                                                                   
00004e0d  SysCtlDeepSleepClockConfigSet                                                     
00004def  SysCtlDeepSleepClockSet                                                           
00004665  SysCtlDeepSleepPowerSet                                                           
0000e0a1  SysCtlDelay                                                                       
00004213  SysCtlFlashSectorSizeGet                                                          
000041e7  SysCtlFlashSizeGet                                                                
00004ee3  SysCtlGPIOAHBDisable                                                              
00004ec7  SysCtlGPIOAHBEnable                                                               
000045f9  SysCtlIntClear                                                                    
000045e1  SysCtlIntDisable                                                                  
000045cd  SysCtlIntEnable                                                                   
000045a5  SysCtlIntRegister                                                                 
00004609  SysCtlIntStatus                                                                   
000045bd  SysCtlIntUnregister                                                               
0000464b  SysCtlLDODeepSleepGet                                                             
0000463b  SysCtlLDODeepSleepSet                                                             
00004635  SysCtlLDOSleepGet                                                                 
00004625  SysCtlLDOSleepSet                                                                 
000046bb  SysCtlMOSCConfigSet                                                               
00005021  SysCtlNMIClear                                                                    
0000500d  SysCtlNMIStatus                                                                   
000046d1  SysCtlPIOSCCalibrate                                                              
00004eb1  SysCtlPWMClockGet                                                                 
00004e97  SysCtlPWMClockSet                                                                 
00004551  SysCtlPeripheralClockGating                                                       
00004509  SysCtlPeripheralDeepSleepDisable                                                  
000044b9  SysCtlPeripheralDeepSleepEnable                                                   
000043f5  SysCtlPeripheralDisable                                                           
000043b9  SysCtlPeripheralEnable                                                            
000042f5  SysCtlPeripheralPowerOff                                                          
000042b9  SysCtlPeripheralPowerOn                                                           
00004239  SysCtlPeripheralPresent                                                           
00004279  SysCtlPeripheralReady                                                             
00004331  SysCtlPeripheralReset                                                             
0000447d  SysCtlPeripheralSleepDisable                                                      
00004439  SysCtlPeripheralSleepEnable                                                       
00004675  SysCtlReset                                                                       
00004731  SysCtlResetBehaviorGet                                                            
00004721  SysCtlResetBehaviorSet                                                            
000046a7  SysCtlResetCauseClear                                                             
000046a1  SysCtlResetCauseGet                                                               
000041dd  SysCtlSRAMSizeGet                                                                 
0000467d  SysCtlSleep                                                                       
00004651  SysCtlSleepPowerSet                                                               
00004f0b  SysCtlUSBPLLDisable                                                               
00004eff  SysCtlUSBPLLEnable                                                                
00004f51  SysCtlVCOGet                                                                      
00004f39  SysCtlVoltageEventClear                                                           
00004f1d  SysCtlVoltageEventConfig                                                          
00004f2d  SysCtlVoltageEventStatus                                                          
0000d39d  SysTickDisable                                                                    
0000d391  SysTickEnable                                                                     
0000d3e1  SysTickIntDisable                                                                 
0000d3d5  SysTickIntEnable                                                                  
0000d315  SysTickIntHandler                                                                 
0000d3a9  SysTickIntRegister                                                                
0000d3c1  SysTickIntUnregister                                                              
0000d3ff  SysTickPeriodGet                                                                  
0000d3ed  SysTickPeriodSet                                                                  
0000d407  SysTickValueGet                                                                   
20007b34  TCP_timer                                                                         
20007b2c  TCp_counter                                                                       
000067cf  TcpIp_RxIndication                                                                
00008b59  UART9BitAddrSend                                                                  
00008b33  UART9BitAddrSet                                                                   
00008b1d  UART9BitDisable                                                                   
00008b07  UART9BitEnable                                                                    
000089ab  UARTBreakCtl                                                                      
000089d5  UARTBusy                                                                          
00008953  UARTCharGet                                                                       
00008937  UARTCharGetNonBlocking                                                            
0000898d  UARTCharPut                                                                       
00008969  UARTCharPutNonBlocking                                                            
000088fb  UARTCharsAvail                                                                    
00008af7  UARTClockSourceGet                                                                
00008ae3  UARTClockSourceSet                                                                
000086cb  UARTConfigGetExpClk                                                               
00008655  UARTConfigSetExpClk                                                               
00008aa9  UARTDMADisable                                                                    
00008a91  UARTDMAEnable                                                                     
0000873b  UARTDisable                                                                       
000087bf  UARTDisableSIR                                                                    
00008717  UARTEnable                                                                        
00008791  UARTEnableSIR                                                                     
0000877b  UARTFIFODisable                                                                   
00008765  UARTFIFOEnable                                                                    
0000862d  UARTFIFOLevelGet                                                                  
00008615  UARTFIFOLevelSet                                                                  
000088bb  UARTFlowControlGet                                                                
0000889f  UARTFlowControlSet                                                                
00008a7f  UARTIntClear                                                                      
00008a49  UARTIntDisable                                                                    
00008a31  UARTIntEnable                                                                     
000089f3  UARTIntRegister                                                                   
00008a61  UARTIntStatus                                                                     
00008a11  UARTIntUnregister                                                                 
00008ba1  UARTLoopbackEnable                                                                
00008855  UARTModemControlClear                                                             
00008879  UARTModemControlGet                                                               
0000881d  UARTModemControlSet                                                               
0000888b  UARTModemStatusGet                                                                
00008603  UARTParityModeGet                                                                 
000085e7  UARTParityModeSet                                                                 
00008ad3  UARTRxErrorClear                                                                  
00008ac1  UARTRxErrorGet                                                                    
00008807  UARTSmartCardDisable                                                              
000087d5  UARTSmartCardEnable                                                               
00008919  UARTSpaceAvail                                                                    
000095d5  UARTStdioConfig                                                                   
000088e9  UARTTxIntModeGet                                                                  
000088cd  UARTTxIntModeSet                                                                  
0000971b  UARTgetc                                                                          
00009661  UARTgets                                                                          
00009a3b  UARTprintf                                                                        
00009741  UARTvprintf                                                                       
0000961b  UARTwrite                                                                         
0000b425  UDP_recv                                                                          
20007b30  UDp_counter                                                                       
20006dd0  Udp_buffer_RX                                                                     
20007b40  Udp_ptr                                                                           
0000c6b9  _Z11serialEventv                                                                  
0000c6cb  _Z11uart_tx_isrt                                                                  
0000c6bb  _Z14serialEventRunv                                                               
0000da75  _Z6millisv                                                                        
0000e011  _ZN10__cxxabiv117__class_type_infoD0Ev                                            
0000e0ad  _ZN10__cxxabiv117__class_type_infoD1Ev                                            
0000e0ad  _ZN10__cxxabiv117__class_type_infoD2Ev                                            
0000e01f  _ZN10__cxxabiv120__si_class_type_infoD0Ev                                         
0000e0b1  _ZN10__cxxabiv120__si_class_type_infoD1Ev                                         
0000e0b1  _ZN10__cxxabiv120__si_class_type_infoD2Ev                                         
0000de21  _ZN13TivaCHardware4readEv                                                         
0000df35  _ZN13TivaCHardware4timeEv                                                         
0000dab9  _ZN13TivaCHardware5writeEPhi                                                      
0000e049  _ZN13TivaCHardwareC1Ev                                                            
0000c6e7  _ZN14HardwareSerial3endEv                                                         
0000c72b  _ZN14HardwareSerial4peekEv                                                        
0000c757  _ZN14HardwareSerial4readEv                                                        
0000c6d7  _ZN14HardwareSerial5beginEmh                                                      
0000c79f  _ZN14HardwareSerial5flushEv                                                       
0000c7b9  _ZN14HardwareSerial5writeEh                                                       
0000c70d  _ZN14HardwareSerial9availableEv                                                   
0000d995  _ZN14HardwareSerialC1EP11ring_bufferS1_htthh                                      
0000b80d  _ZN14rosserial_msgs20RequestParamResponse11deserializeEPh                         
0000df71  _ZN14rosserial_msgs20RequestParamResponse6getMD5Ev                                
0000df81  _ZN14rosserial_msgs20RequestParamResponse7getTypeEv                               
0000d941  _ZN14rosserial_msgs20RequestParamResponseC1Ev                                     
0000d419  _ZN14rosserial_msgs3Log11deserializeEPh                                           
0000df91  _ZN14rosserial_msgs3Log6getMD5Ev                                                  
0000dfa1  _ZN14rosserial_msgs3Log7getTypeEv                                                 
0000dd15  _ZN14rosserial_msgs3LogC1Ev                                                       
0000c529  _ZN14rosserial_msgs9TopicInfo11deserializeEPh                                     
0000dfb1  _ZN14rosserial_msgs9TopicInfo6getMD5Ev                                            
0000dfc1  _ZN14rosserial_msgs9TopicInfo7getTypeEv                                           
0000db79  _ZN14rosserial_msgs9TopicInfoC1Ev                                                 
0000c393  _ZN3ros11NodeHandle_I13TivaCHardwareLi25ELi25ELi512ELi512EE15negotiateTopicsEv    
0000dc59  _ZN3ros11NodeHandle_I13TivaCHardwareLi25ELi25ELi512ELi512EE15requestSyncTimeEv    
0000dbf1  _ZN3ros11NodeHandle_I13TivaCHardwareLi25ELi25ELi512ELi512EE3logEcPKc              
0000d755  _ZN3ros11NodeHandle_I13TivaCHardwareLi25ELi25ELi512ELi512EE6setNowERKNS_4TimeE    
0000c939  _ZN3ros11NodeHandle_I13TivaCHardwareLi25ELi25ELi512ELi512EE7publishEiPKNS_3MsgE   
0000df5d  _ZN3ros11NodeHandle_I13TivaCHardwareLi25ELi25ELi512ELi512EE8logerrorEPKc          
0000a5b9  _ZN3ros11NodeHandle_I13TivaCHardwareLi25ELi25ELi512ELi512EE8spinOnceEv            
0000d609  _ZN3ros11NodeHandle_I13TivaCHardwareLi25ELi25ELi512ELi512EE8syncTimeEPh           
0000debd  _ZN3ros11NodeHandle_I13TivaCHardwareLi25ELi25ELi512ELi512EE9connectedEv           
0000dce9  _ZN3ros11NodeHandle_I13TivaCHardwareLi25ELi25ELi512ELi512EEC1Ev                   
0000ded5  _ZN3ros15NodeHandleBase_C1Ev                                                      
0000e055  _ZN3ros15NodeHandleBase_C2Ev                                                      
0000c8fb  _ZN3ros16normalizeSecNSecERjS0_                                                   
0000cd15  _ZN3ros22normalizeSecNSecSignedERiS0_                                             
0000dbb5  _ZN3ros3Msg8arrToVarIjPhEEvRT_T0_                                                 
0000dc89  _ZN3ros3Msg8varToArrIPhjEEvT_T0_                                                  
0000deed  _ZN3ros3MsgC1Ev                                                                   
0000e061  _ZN3ros3MsgC2Ev                                                                   
0000c7f9  _ZN3ros4Time8fromNSecEi                                                           
0000df05  _ZN3ros4TimeC1Ev                                                                  
0000c85b  _ZN3ros4TimemIERKNS_8DurationE                                                    
0000c825  _ZN3ros4TimepLERKNS_8DurationE                                                    
0000df1d  _ZN3ros8DurationC1Ev                                                              
0000cca1  _ZN3ros8DurationmIERKS0_                                                          
0000cccd  _ZN3ros8DurationmLEd                                                              
0000cc75  _ZN3ros8DurationpLERKS0_                                                          
0000e02d  _ZN3ros9Publisher15getEndpointTypeEv                                              
0000ddb5  _ZN3ros9PublisherC1EPKcPNS_3MsgEi                                                 
0000de41  _ZN6StreamC1Ev                                                                    
0000e06d  _ZN6StreamC2Ev                                                                    
0000d125  _ZN8std_msgs4Time11deserializeEPh                                                 
0000dfd1  _ZN8std_msgs4Time6getMD5Ev                                                        
0000dfe1  _ZN8std_msgs4Time7getTypeEv                                                       
0000de61  _ZN8std_msgs4TimeC1Ev                                                             
0000d679  _ZN8std_msgs6String11deserializeEPh                                               
0000dff1  _ZN8std_msgs6String6getMD5Ev                                                      
0000e001  _ZN8std_msgs6String7getTypeEv                                                     
0000ddd9  _ZN8std_msgs6StringC1Ev                                                           
0000c1a1  _ZNK14rosserial_msgs20RequestParamResponse9serializeEPh                           
0000d8e3  _ZNK14rosserial_msgs3Log9serializeEPh                                             
0000ca55  _ZNK14rosserial_msgs9TopicInfo9serializeEPh                                       
0000c891  _ZNK3ros4TimemiERKS0_                                                             
0000d25f  _ZNK8std_msgs4Time9serializeEPh                                                   
0000d9e5  _ZNK8std_msgs6String9serializeEPh                                                 
00008bb7  _ZNSt9type_infoD1Ev                                                               
00008bb7  _ZNSt9type_infoD2Ev                                                               
0000e0c1  _ZSt17__throw_bad_allocv                                                          
0000eb8c  _ZTI14HardwareSerial                                                              
0000ec1c  _ZTI6Stream                                                                       
0000eb98  _ZTIN10__cxxabiv117__class_type_infoE                                             
0000eba4  _ZTIN10__cxxabiv120__si_class_type_infoE                                          
0000ebb0  _ZTIN14rosserial_msgs20RequestParamResponseE                                      
0000ebbc  _ZTIN14rosserial_msgs3LogE                                                        
0000ebc8  _ZTIN14rosserial_msgs9TopicInfoE                                                  
0000ebd4  _ZTIN3ros11NodeHandle_I13TivaCHardwareLi25ELi25ELi512ELi512EEE                    
0000ec24  _ZTIN3ros15NodeHandleBase_E                                                       
0000ec2c  _ZTIN3ros3MsgE                                                                    
0000ebe0  _ZTIN8std_msgs4TimeE                                                              
0000ebec  _ZTIN8std_msgs6StringE                                                            
0000ec34  _ZTISt9type_info                                                                  
0000eae2  _ZTS14HardwareSerial                                                              
0000ec3c  _ZTS6Stream                                                                       
0000e7ba  _ZTSN10__cxxabiv117__class_type_infoE                                             
0000e795  _ZTSN10__cxxabiv120__si_class_type_infoE                                          
0000e76c  _ZTSN14rosserial_msgs20RequestParamResponseE                                      
0000ea18  _ZTSN14rosserial_msgs3LogE                                                        
0000e8e4  _ZTSN14rosserial_msgs9TopicInfoE                                                  
0000e69c  _ZTSN3ros11NodeHandle_I13TivaCHardwareLi25ELi25ELi512ELi512EEE                    
0000e955  _ZTSN3ros15NodeHandleBase_E                                                       
0000ec10  _ZTSN3ros3MsgE                                                                    
0000eaf3  _ZTSN8std_msgs4TimeE                                                              
0000eabb  _ZTSN8std_msgs6StringE                                                            
0000eb7f  _ZTSSt9type_info                                                                  
0000e920  _ZTV14HardwareSerial                                                              
0000e970  _ZTV6Stream                                                                       
0000eb14  _ZTVN10__cxxabiv117__class_type_infoE                                             
0000eb24  _ZTVN10__cxxabiv120__si_class_type_infoE                                          
0000e988  _ZTVN14rosserial_msgs20RequestParamResponseE                                      
0000e9a0  _ZTVN14rosserial_msgs3LogE                                                        
0000e9b8  _ZTVN14rosserial_msgs9TopicInfoE                                                  
0000ea30  _ZTVN3ros11NodeHandle_I13TivaCHardwareLi25ELi25ELi512ELi512EEE                    
0000ea44  _ZTVN3ros15NodeHandleBase_E                                                       
0000e9d0  _ZTVN3ros3MsgE                                                                    
0000e9e8  _ZTVN8std_msgs4TimeE                                                              
0000ea00  _ZTVN8std_msgs6StringE                                                            
0000e7dc  _ZZN14rosserial_msgs20RequestParamResponse6getMD5EvEs                             
0000e7fd  _ZZN14rosserial_msgs3Log6getMD5EvEs                                               
0000eaa8  _ZZN14rosserial_msgs3Log7getTypeEvEs                                              
0000e5ae  _ZZN14rosserial_msgs3LogC1EvEs                                                    
0000e81e  _ZZN14rosserial_msgs9TopicInfo6getMD5EvEs                                         
0000e93c  _ZZN14rosserial_msgs9TopicInfo7getTypeEvEs                                        
0000e5af  _ZZN14rosserial_msgs9TopicInfoC1EvEs                                              
0000e6d7  _ZZN3ros11NodeHandle_I13TivaCHardwareLi25ELi25ELi512ELi512EE7publishEiPKNS_3MsgEEs
0000e83f  _ZZN8std_msgs4Time6getMD5EvEs                                                     
0000eb64  _ZZN8std_msgs4Time7getTypeEvEs                                                    
0000e860  _ZZN8std_msgs6String6getMD5EvEs                                                   
0000eb04  _ZZN8std_msgs6String7getTypeEvEs                                                  
0000e881  _ZZN8std_msgs6StringC1EvEs                                                        
0000e091  _ZdlPv                                                                            
0000e0b5  _ZdlPvj                                                                           
20006dd0  __STACK_END                                                                       
00001388  __STACK_SIZE                                                                      
20005c48  __STACK_TOP                                                                       
00000010  __SYSMEM_SIZE                                                                     
0000ecb8  __TI_CINIT_Base                                                                   
0000ecd0  __TI_CINIT_Limit                                                                  
0000ec98  __TI_Handler_Table_Base                                                           
0000eca4  __TI_Handler_Table_Limit                                                          
0000d825  __TI_auto_init_nobinit                                                            
0000d7bd  __TI_decompress_lzss                                                              
0000e03b  __TI_decompress_none                                                              
ffffffff  __TI_pprof_out_hndl                                                               
ffffffff  __TI_prof_data_size                                                               
ffffffff  __TI_prof_data_start                                                              
00000000  __TI_static_base__                                                                
0000e079  __TI_zero_init                                                                    
0000e0b9  __abort_execution                                                                 
0000da2d  __aeabi_d2iz                                                                      
0000cd75  __aeabi_dmul                                                                      
0000dcb9  __aeabi_i2d                                                                       
0000d885  __aeabi_idiv                                                                      
0000b28b  __aeabi_idiv0                                                                     
0000d885  __aeabi_idivmod                                                                   
0000b28b  __aeabi_ldiv0                                                                     
0000d515  __aeabi_memclr                                                                    
0000d515  __aeabi_memclr4                                                                   
0000d515  __aeabi_memclr8                                                                   
0000d1c3  __aeabi_memcpy                                                                    
0000d1c3  __aeabi_memcpy4                                                                   
0000d1c3  __aeabi_memcpy8                                                                   
0000d517  __aeabi_memset                                                                    
0000d517  __aeabi_memset4                                                                   
0000d517  __aeabi_memset8                                                                   
0000daf9  __aeabi_uidiv                                                                     
0000daf9  __aeabi_uidivmod                                                                  
ffffffff  __binit__                                                                         
ffffffff  __c_args__                                                                        
0000e0a7  __cxa_pure_virtual                                                                
UNDEFED   __mpu_init                                                                        
20005a48  __stack                                                                           
0000c7c7  __sti___18_HardwareSerial_cpp_12ecbdd7                                            
0000da83  __sti___8_main_cpp_1d918b72                                                       
0000dc25  _c_int00_noargs                                                                   
20007b94  _lock                                                                             
0000a90f  _nop                                                                              
20007bc0  _sys_memory                                                                       
UNDEFED   _system_post_cinit                                                                
0000e0bd  _system_pre_init                                                                  
20007b98  _unlock                                                                           
0000e0c1  abort                                                                             
0000ce71  aligned_alloc                                                                     
ffffffff  binit                                                                             
20007ac2  buffer                                                                            
0000d5d7  buttons_handler                                                                   
2000598c  chatter                                                                           
20007b8c  count                                                                             
20005a08  current_header                                                                    
20005a0c  current_iphdr_dest                                                                
20005a10  current_iphdr_src                                                                 
20005a14  current_netif                                                                     
000061d5  enc_get_mac_addr                                                                  
00006245  enc_init                                                                          
000060bf  enc_phy_write                                                                     
00005f6b  enc_read_reg                                                                      
00005d29  enc_reset                                                                         
000066bf  enc_send_packet                                                                   
000054e5  etharp_cleanup_netif                                                              
0000553f  etharp_find_addr                                                                  
000057bd  etharp_output                                                                     
00005945  etharp_query                                                                      
00005be9  etharp_request                                                                    
000050dd  etharp_tmr                                                                        
0000ec59  ethbroadcast                                                                      
00006599  ethernet_handler                                                                  
00005c21  ethernet_input                                                                    
0000ec5f  ethzero                                                                           
20007b90  flagg                                                                             
0000cf65  free                                                                              
20000000  g_pfnRAMVectors                                                                   
00000000  g_pfnVectors                                                                      
20005900  g_sNetIF                                                                          
20007b44  g_ui32LocalTimer                                                                  
20007b3c  g_ui32_APP_Timer                                                                  
20007bb0  g_ui32heartbeat                                                                   
20007bac  g_ui32milliseconds                                                                
20007bb9  g_ui8ButtonStates                                                                 
20007b88  global_flag                                                                       
0000cbc1  gpio_comm_init                                                                    
0000b737  icmp_dest_unreach                                                                 
0000b551  icmp_input                                                                        
200074d8  incomming_frame                                                                   
00009d7d  inet_chksum                                                                       
00009d95  inet_chksum_pbuf                                                                  
00009b23  inet_chksum_pseudo                                                                
00009c3f  inet_chksum_pseudo_partial                                                        
00006223  intrupt_enable                                                                    
00009e35  ip4_addr_isbroadcast                                                              
00009ea1  ip4_addr_netmask_valid                                                            
00009195  ip_input                                                                          
0000956f  ip_output                                                                         
[...]
0000d609  _ZN3ros11NodeHandle_I13TivaCHardwareLi25ELi25ELi512ELi512EE8syncTimeEPh           
0000d679  _ZN8std_msgs6String11deserializeEPh                                               
0000d6e7  lwip_htons                                                                        
0000d70b  lwip_ntohs                                                                        
0000d71b  lwip_htonl                                                                        
0000d747  lwip_ntohl                                                                        
0000d755  _ZN3ros11NodeHandle_I13TivaCHardwareLi25ELi25ELi512ELi512EE6setNowERKNS_4TimeE    
0000d7bd  __TI_decompress_lzss                                                              
0000d825  __TI_auto_init_nobinit                                                            
0000d885  __aeabi_idiv                                                                      
0000d885  __aeabi_idivmod                                                                   
0000d8e3  _ZNK14rosserial_msgs3Log9serializeEPh                                             
0000d941  _ZN14rosserial_msgs20RequestParamResponseC1Ev                                     
0000d995  _ZN14HardwareSerialC1EP11ring_bufferS1_htthh                                      
0000d9e5  _ZNK8std_msgs6String9serializeEPh                                                 
0000da2d  __aeabi_d2iz                                                                      
0000da75  _Z6millisv                                                                        
0000da77  main                                                                              
0000da83  __sti___8_main_cpp_1d918b72                                                       
0000dab9  _ZN13TivaCHardware5writeEPhi                                                      
0000daf9  __aeabi_uidiv                                                                     
0000daf9  __aeabi_uidivmod                                                                  
0000db39  CPUcpsid                                                                          
0000db45  CPUprimask                                                                        
0000db4f  CPUcpsie                                                                          
0000db5b  CPUwfi                                                                            
0000db5f  CPUbasepriSet                                                                     
0000db6d  CPUbasepriGet                                                                     
0000db79  _ZN14rosserial_msgs9TopicInfoC1Ev                                                 
0000dbb5  _ZN3ros3Msg8arrToVarIjPhEEvRT_T0_                                                 
0000dbf1  _ZN3ros11NodeHandle_I13TivaCHardwareLi25ELi25ELi512ELi512EE3logEcPKc              
0000dc25  _c_int00_noargs                                                                   
0000dc59  _ZN3ros11NodeHandle_I13TivaCHardwareLi25ELi25ELi512ELi512EE15requestSyncTimeEv    
0000dc89  _ZN3ros3Msg8varToArrIPhjEEvT_T0_                                                  
0000dcb9  __aeabi_i2d                                                                       
0000dce9  _ZN3ros11NodeHandle_I13TivaCHardwareLi25ELi25ELi512ELi512EEC1Ev                   
0000dd15  _ZN14rosserial_msgs3LogC1Ev                                                       
0000dd65  led_on                                                                            
0000dd7b  led_off                                                                           
0000dd8d  sys_now                                                                           
0000dd93  sys_arch_protect                                                                  
0000dd9b  sys_arch_unprotect                                                                
0000ddb5  _ZN3ros9PublisherC1EPKcPNS_3MsgEi                                                 
0000ddd9  _ZN8std_msgs6StringC1Ev                                                           
0000ddfd  memcmp                                                                            
0000de21  _ZN13TivaCHardware4readEv                                                         
0000de41  _ZN6StreamC1Ev                                                                    
0000de61  _ZN8std_msgs4TimeC1Ev                                                             
0000de81  lwip_init                                                                         
0000debd  _ZN3ros11NodeHandle_I13TivaCHardwareLi25ELi25ELi512ELi512EE9connectedEv           
0000ded5  _ZN3ros15NodeHandleBase_C1Ev                                                      
0000deed  _ZN3ros3MsgC1Ev                                                                   
0000df05  _ZN3ros4TimeC1Ev                                                                  
0000df1d  _ZN3ros8DurationC1Ev                                                              
0000df35  _ZN13TivaCHardware4timeEv                                                         
0000df49  strlen                                                                            
0000df5d  _ZN3ros11NodeHandle_I13TivaCHardwareLi25ELi25ELi512ELi512EE8logerrorEPKc          
0000df71  _ZN14rosserial_msgs20RequestParamResponse6getMD5Ev                                
0000df81  _ZN14rosserial_msgs20RequestParamResponse7getTypeEv                               
0000df91  _ZN14rosserial_msgs3Log6getMD5Ev                                                  
0000dfa1  _ZN14rosserial_msgs3Log7getTypeEv                                                 
0000dfb1  _ZN14rosserial_msgs9TopicInfo6getMD5Ev                                            
0000dfc1  _ZN14rosserial_msgs9TopicInfo7getTypeEv                                           
0000dfd1  _ZN8std_msgs4Time6getMD5Ev                                                        
0000dfe1  _ZN8std_msgs4Time7getTypeEv                                                       
0000dff1  _ZN8std_msgs6String6getMD5Ev                                                      
0000e001  _ZN8std_msgs6String7getTypeEv                                                     
0000e011  _ZN10__cxxabiv117__class_type_infoD0Ev                                            
0000e01f  _ZN10__cxxabiv120__si_class_type_infoD0Ev                                         
0000e02d  _ZN3ros9Publisher15getEndpointTypeEv                                              
0000e03b  __TI_decompress_none                                                              
0000e049  _ZN13TivaCHardwareC1Ev                                                            
0000e055  _ZN3ros15NodeHandleBase_C2Ev                                                      
0000e061  _ZN3ros3MsgC2Ev                                                                   
0000e06d  _ZN6StreamC2Ev                                                                    
0000e079  __TI_zero_init                                                                    
0000e085  ResetISR                                                                          
0000e091  _ZdlPv                                                                            
0000e099  malloc                                                                            
0000e0a1  SysCtlDelay                                                                       
0000e0a7  __cxa_pure_virtual                                                                
0000e0ad  _ZN10__cxxabiv117__class_type_infoD1Ev                                            
0000e0ad  _ZN10__cxxabiv117__class_type_infoD2Ev                                            
0000e0b1  _ZN10__cxxabiv120__si_class_type_infoD1Ev                                         
0000e0b1  _ZN10__cxxabiv120__si_class_type_infoD2Ev                                         
0000e0b5  _ZdlPvj                                                                           
0000e0b9  __abort_execution                                                                 
0000e0bd  _system_pre_init                                                                  
0000e0c1  C$$EXIT                                                                           
0000e0c1  _ZSt17__throw_bad_allocv                                                          
0000e0c1  abort                                                                             
0000e5ae  _ZZN14rosserial_msgs3LogC1EvEs                                                    
0000e5af  _ZZN14rosserial_msgs9TopicInfoC1EvEs                                              
0000e69c  _ZTSN3ros11NodeHandle_I13TivaCHardwareLi25ELi25ELi512ELi512EEE                    
0000e6d7  _ZZN3ros11NodeHandle_I13TivaCHardwareLi25ELi25ELi512ELi512EE7publishEiPKNS_3MsgEEs
0000e740  tcp_state_str                                                                     
0000e76c  _ZTSN14rosserial_msgs20RequestParamResponseE                                      
0000e795  _ZTSN10__cxxabiv120__si_class_type_infoE                                          
0000e7ba  _ZTSN10__cxxabiv117__class_type_infoE                                             
0000e7dc  _ZZN14rosserial_msgs20RequestParamResponse6getMD5EvEs                             
0000e7fd  _ZZN14rosserial_msgs3Log6getMD5EvEs                                               
0000e81e  _ZZN14rosserial_msgs9TopicInfo6getMD5EvEs                                         
0000e83f  _ZZN8std_msgs4Time6getMD5EvEs                                                     
0000e860  _ZZN8std_msgs6String6getMD5EvEs                                                   
0000e881  _ZZN8std_msgs6StringC1EvEs                                                        
0000e8e4  _ZTSN14rosserial_msgs9TopicInfoE                                                  
0000e920  _ZTV14HardwareSerial                                                              
0000e93c  _ZZN14rosserial_msgs9TopicInfo7getTypeEvEs                                        
0000e955  _ZTSN3ros15NodeHandleBase_E                                                       
0000e970  _ZTV6Stream                                                                       
0000e988  _ZTVN14rosserial_msgs20RequestParamResponseE                                      
0000e9a0  _ZTVN14rosserial_msgs3LogE                                                        
0000e9b8  _ZTVN14rosserial_msgs9TopicInfoE                                                  
0000e9d0  _ZTVN3ros3MsgE                                                                    
0000e9e8  _ZTVN8std_msgs4TimeE                                                              
0000ea00  _ZTVN8std_msgs6StringE                                                            
0000ea18  _ZTSN14rosserial_msgs3LogE                                                        
0000ea30  _ZTVN3ros11NodeHandle_I13TivaCHardwareLi25ELi25ELi512ELi512EEE                    
0000ea44  _ZTVN3ros15NodeHandleBase_E                                                       
0000eaa8  _ZZN14rosserial_msgs3Log7getTypeEvEs                                              
0000eabb  _ZTSN8std_msgs6StringE                                                            
0000eae2  _ZTS14HardwareSerial                                                              
0000eaf3  _ZTSN8std_msgs4TimeE                                                              
0000eb04  _ZZN8std_msgs6String7getTypeEvEs                                                  
0000eb14  _ZTVN10__cxxabiv117__class_type_infoE                                             
0000eb24  _ZTVN10__cxxabiv120__si_class_type_infoE                                          
0000eb54  tcp_pcb_lists                                                                     
0000eb64  _ZZN8std_msgs4Time7getTypeEvEs                                                    
0000eb72  tcp_backoff                                                                       
0000eb7f  _ZTSSt9type_info                                                                  
0000eb8c  _ZTI14HardwareSerial                                                              
0000eb98  _ZTIN10__cxxabiv117__class_type_infoE                                             
0000eba4  _ZTIN10__cxxabiv120__si_class_type_infoE                                          
0000ebb0  _ZTIN14rosserial_msgs20RequestParamResponseE                                      
0000ebbc  _ZTIN14rosserial_msgs3LogE                                                        
0000ebc8  _ZTIN14rosserial_msgs9TopicInfoE                                                  
0000ebd4  _ZTIN3ros11NodeHandle_I13TivaCHardwareLi25ELi25ELi512ELi512EEE                    
0000ebe0  _ZTIN8std_msgs4TimeE                                                              
0000ebec  _ZTIN8std_msgs6StringE                                                            
0000ec10  _ZTSN3ros3MsgE                                                                    
0000ec1c  _ZTI6Stream                                                                       
0000ec24  _ZTIN3ros15NodeHandleBase_E                                                       
0000ec2c  _ZTIN3ros3MsgE                                                                    
0000ec34  _ZTISt9type_info                                                                  
0000ec3c  _ZTS6Stream                                                                       
0000ec4c  tcp_persist_backoff                                                               
0000ec53  mac                                                                               
0000ec59  ethbroadcast                                                                      
0000ec5f  ethzero                                                                           
0000ec6c  SHT$$INIT_ARRAY$$Base                                                             
0000ec74  SHT$$INIT_ARRAY$$Limit                                                            
0000ec98  __TI_Handler_Table_Base                                                           
0000eca4  __TI_Handler_Table_Limit                                                          
0000ecb8  __TI_CINIT_Base                                                                   
0000ecd0  __TI_CINIT_Limit                                                                  
20000000  g_pfnRAMVectors                                                                   
20003078  ram_heap                                                                          
2000508c  nh                                                                                
2000574c  lwip_stats                                                                        
20005900  g_sNetIF                                                                          
20005930  Serial                                                                            
2000598c  chatter                                                                           
200059c0  rxBuffer                                                                          
200059d0  txBuffer                                                                          
200059f8  str_msg                                                                           
20005a08  current_header                                                                    
20005a0c  current_iphdr_dest                                                                
20005a10  current_iphdr_src                                                                 
20005a14  current_netif                                                                     
20005a18  netif_default                                                                     
20005a1c  netif_list                                                                        
20005a20  tcp_active_pcbs                                                                   
20005a24  tcp_bound_pcbs                                                                    
20005a28  tcp_input_pcb                                                                     
20005a2c  tcp_listen_pcbs                                                                   
20005a30  tcp_ticks                                                                         
20005a34  tcp_tmp_pcb                                                                       
20005a38  tcp_tw_pcbs                                                                       
20005a3c  udp_pcbs                                                                          
20005a44  pbuf_free_ooseq_pending                                                           
20005a45  tcp_active_pcbs_changed                                                           
20005a48  __stack                                                                           
20005c48  __STACK_TOP                                                                       
20006dd0  Udp_buffer_RX                                                                     
20006dd0  __STACK_END                                                                       
200074d8  incomming_frame                                                                   
20007ac2  buffer                                                                            
20007b28  leds_timer                                                                        
20007b2c  TCp_counter                                                                       
20007b30  UDp_counter                                                                       
20007b34  TCP_timer                                                                         
20007b38  main_function                                                                     
20007b3c  g_ui32_APP_Timer                                                                  
20007b40  Udp_ptr                                                                           
20007b44  g_ui32LocalTimer                                                                  
20007b58  rx_buffer                                                                         
20007b70  tx_buffer                                                                         
20007b88  global_flag                                                                       
20007b8c  count                                                                             
20007b90  flagg                                                                             
20007b94  _lock                                                                             
20007b98  _unlock                                                                           
20007bac  g_ui32milliseconds                                                                
20007bb0  g_ui32heartbeat                                                                   
20007bb9  g_ui8ButtonStates                                                                 
20007bc0  _sys_memory                                                                       
ffffffff  __TI_pprof_out_hndl                                                               
ffffffff  __TI_prof_data_size                                                               
ffffffff  __TI_prof_data_start                                                              
ffffffff  __binit__                                                                         
ffffffff  __c_args__                                                                        
ffffffff  binit                                                                             
UNDEFED   __mpu_init                                                                        
UNDEFED   _system_post_cinit                                                                

[650 symbols]
