******************************************************************************
                  TI ARM Linker PC v18.12.1                    
******************************************************************************
>> Linked Tue May  4 14:15:10 2021

OUTPUT FILE NAME:   <project.out>
ENTRY POINT SYMBOL: "_c_int00_noargs"  address: 0000dc71


MEMORY CONFIGURATION

         name            origin    length      used     unused   attr    fill
----------------------  --------  ---------  --------  --------  ----  --------
  FLASH                 00000000   00040000  0000ed5c  000312a4  R  X
  SRAM                  20000000   00008000  00007bde  00000422  RW X


SEGMENT ALLOCATION MAP

run origin  load origin   length   init length attrs members
----------  ----------- ---------- ----------- ----- -------
00000000    00000000    0000ed60   0000ed60    r-x
  00000000    00000000    0000026c   0000026c    r-- .intvecs
  0000026c    0000026c    0000ded8   0000ded8    r-x .text
  0000e144    0000e144    00000ba8   00000ba8    r-- .const
  0000ecec    0000ecec    00000008   00000008    r-- .init_array
  0000ecf8    0000ecf8    00000068   00000068    r-- .cinit
20000000    20000000    00007be8   00000000    rw-
  20000000    20000000    0000026c   00000000    rw- .vtable
  2000026c    2000026c    000057de   00000000    rw- .bss
  20005a50    20005a50    00001388   00000000    rw- .stack
  20006dd8    20006dd8    00000dfc   00000000    rw- .data
  20007bd8    20007bd8    00000010   00000000    rw- .sysmem


SECTION ALLOCATION MAP

 output                                  attributes/
section   page    origin      length       input sections
--------  ----  ----------  ----------   ----------------
.intvecs   0    00000000    0000026c     
                  00000000    0000026c     tm4c123gh6pm_startup_ccs.obj (.intvecs)

.text      0    0000026c    0000ded8     
                  0000026c    00001b14     tcp_in.obj (.text)
                  00001d80    000012e4     tcp.obj (.text)
                  00003064    000010b8     tcp_out.obj (.text)
                  0000411c    00000f80     sysctl.obj (.text)
                  0000509c    00000c8c     etharp.obj (.text)
                  00005d28    00000bc4     enc28j60.obj (.text)
                  000068ec    00000b94     gpio.obj (.text)
                  00007480    00000a88     pbuf.obj (.text)
                  00007f08    00000680     udp.obj (.text)
                  00008588    0000062e     uart.obj (.text)
                  00008bb6    00000002     rtsv7M4_T_le_v4SPD16_eabi.lib : stdlib_typeinfo.cpp.obj (.text:_ZNSt9type_infoD1Ev)
                  00008bb8    00000564     mem.obj (.text)
                  0000911c    000004b8     ip.obj (.text)
                  000095d4    0000049c     uartstdio.obj (.text)
                  00009a70    000003c4     inet_chksum.obj (.text)
                  00009e34    000003c4     ip_addr.obj (.text)
                  0000a1f8    000003c0     interrupt.obj (.text)
                  0000a5b8    00000356     main.obj (.text:_ZN3ros11NodeHandle_I13TivaCHardwareLi25ELi25ELi512ELi512EE8spinOnceEv)
                  0000a90e    00000002     rtsv7M4_T_le_v4SPD16_eabi.lib : _lock.c.obj (.text:_nop)
                  0000a910    00000338     netif.obj (.text)
                  0000ac48    00000336     ssi.obj (.text)
                  0000af7e    0000030c     ringbuf.obj (.text)
                  0000b28a    00000002     rtsv7M4_T_le_v4SPD16_eabi.lib : div0.asm.obj (.text)
                  0000b28c    000002c4     interface.obj (.text)
                  0000b550    000002bc     icmp.obj (.text)
                  0000b80c    00000298     main.obj (.text:_ZN14rosserial_msgs20RequestParamResponse11deserializeEPh)
                  0000baa4    00000280     timers.obj (.text)
                  0000bd24    0000026c     raw.obj (.text)
                  0000bf90    00000210     memp.obj (.text)
                  0000c1a0    000001f2     main.obj (.text:_ZNK14rosserial_msgs20RequestParamResponse9serializeEPh)
                  0000c392    00000196     main.obj (.text:_ZN3ros11NodeHandle_I13TivaCHardwareLi25ELi25ELi512ELi512EE15negotiateTopicsEv)
                  0000c528    00000190     main.obj (.text:_ZN14rosserial_msgs9TopicInfo11deserializeEPh)
                  0000c6b8    00000140     HardwareSerial.obj (.text)
                  0000c7f8    00000140     time.obj (.text)
                  0000c938    0000011c     main.obj (.text:_ZN3ros11NodeHandle_I13TivaCHardwareLi25ELi25ELi512ELi512EE7publishEiPKNS_3MsgE)
                  0000ca54    00000116     main.obj (.text:_ZNK14rosserial_msgs9TopicInfo9serializeEPh)
                  0000cb6a    00000002     stats.obj (.text)
                  0000cb6c    00000108     spi.obj (.text)
                  0000cc74    00000100     duration.obj (.text)
                  0000cd74    000000fc     rtsv7M4_T_le_v4SPD16_eabi.lib : fd_mul_t2.asm.obj (.text)
                  0000ce70    000000f4                                   : memory.c.obj (.text:aligned_alloc)
                  0000cf64    000000e8                                   : memory.c.obj (.text:free)
                  0000d04c    000000d8                                   : memory.c.obj (.text:realloc)
                  0000d124    0000009e     main.obj (.text:_ZN8std_msgs4Time11deserializeEPh)
                  0000d1c2    0000009c     rtsv7M4_T_le_v4SPD16_eabi.lib : memcpy_t2.asm.obj (.text)
                  0000d25e    0000009a     main.obj (.text:_ZNK8std_msgs4Time9serializeEPh)
                  0000d2f8    00000098     systick.obj (.text)
                  0000d390    00000090     1.obj (.text)
                  0000d420    00000088     systick.obj (.text)
                  0000d4a8    0000007e     main.obj (.text:_ZN14rosserial_msgs3Log11deserializeEPh)
                  0000d526    00000002     --HOLE-- [fill = 0]
                  0000d528    0000007c     rtsv7M4_T_le_v4SPD16_eabi.lib : memory.c.obj (.text:split)
                  0000d5a4    0000007a                                   : memset_t2.asm.obj (.text)
                  0000d61e    00000002     --HOLE-- [fill = 0]
                  0000d620    00000078     buttons.obj (.text)
                  0000d698    00000070     main.obj (.text:_ZN3ros11NodeHandle_I13TivaCHardwareLi25ELi25ELi512ELi512EE8syncTimeEPh)
                  0000d708    0000006e     main.obj (.text:_ZN8std_msgs6String11deserializeEPh)
                  0000d776    0000006c     def.obj (.text)
                  0000d7e2    00000002     --HOLE-- [fill = 0]
                  0000d7e4    00000068     main.obj (.text:_ZN3ros11NodeHandle_I13TivaCHardwareLi25ELi25ELi512ELi512EE6setNowERKNS_4TimeE)
                  0000d84c    00000068     rtsv7M4_T_le_v4SPD16_eabi.lib : copy_decompress_lzss.c.obj (.text:decompress:lzss:__TI_decompress_lzss)
                  0000d8b4    00000060                                   : autoinit.c.obj (.text:__TI_auto_init_nobinit:__TI_auto_init_nobinit)
                  0000d914    0000005e                                   : i_divt2.asm.obj (.text)
                  0000d972    0000005c     main.obj (.text:_ZNK14rosserial_msgs3Log9serializeEPh)
                  0000d9ce    00000002     --HOLE-- [fill = 0]
                  0000d9d0    00000054     main.obj (.text:_ZN14rosserial_msgs20RequestParamResponseC1Ev)
                  0000da24    00000050     HardwareSerial.obj (.text:_ZN14HardwareSerialC1EP11ring_bufferS1_htthh)
                  0000da74    00000048     main.obj (.text:_ZNK8std_msgs6String9serializeEPh)
                  0000dabc    00000048     rtsv7M4_T_le_v4SPD16_eabi.lib : fd_toi_t2.asm.obj (.text)
                  0000db04    00000040     main.obj (.text:_ZN13TivaCHardware5writeEPhi)
                  0000db44    00000040     rtsv7M4_T_le_v4SPD16_eabi.lib : u_divt2.asm.obj (.text)
                  0000db84    0000003e     cpu.obj (.text)
                  0000dbc2    00000002     --HOLE-- [fill = 0]
                  0000dbc4    0000003c     main.obj (.text:_ZN14rosserial_msgs9TopicInfoC1Ev)
                  0000dc00    0000003c     main.obj (.text:_ZN3ros3Msg8arrToVarIjPhEEvRT_T0_)
                  0000dc3c    00000034     main.obj (.text:_ZN3ros11NodeHandle_I13TivaCHardwareLi25ELi25ELi512ELi512EE3logEcPKc)
                  0000dc70    00000034     rtsv7M4_T_le_v4SPD16_eabi.lib : boot_cortex_m.c.obj (.text:_c_int00_noargs:_c_int00_noargs)
                  0000dca4    00000034     main.obj (.text)
                  0000dcd8    00000030     main.obj (.text:_ZN3ros11NodeHandle_I13TivaCHardwareLi25ELi25ELi512ELi512EE15requestSyncTimeEv)
                  0000dd08    00000030     main.obj (.text:_ZN3ros3Msg8varToArrIPhjEEvT_T0_)
                  0000dd38    0000002e     rtsv7M4_T_le_v4SPD16_eabi.lib : i_tofd_t2.asm.obj (.text)
                  0000dd66    00000002     --HOLE-- [fill = 0]
                  0000dd68    0000002c     main.obj (.text:_ZN3ros11NodeHandle_I13TivaCHardwareLi25ELi25ELi512ELi512EEC1Ev)
                  0000dd94    00000028     main.obj (.text:_ZN14rosserial_msgs3LogC1Ev)
                  0000ddbc    00000028     rtsv7M4_T_le_v4SPD16_eabi.lib : memory.c.obj (.text:free_list_insert)
                  0000dde4    00000028     led.obj (.text)
                  0000de0c    00000028     sys_arch.obj (.text)
                  0000de34    00000024     main.obj (.text:_ZN3ros9PublisherC1EPKcPNS_3MsgEi)
                  0000de58    00000024     main.obj (.text:_ZN8std_msgs6StringC1Ev)
                  0000de7c    00000024     rtsv7M4_T_le_v4SPD16_eabi.lib : memcmp.c.obj (.text:memcmp)
                  0000dea0    00000020     main.obj (.text:_ZN13TivaCHardware4readEv)
                  0000dec0    00000020     HardwareSerial.obj (.text:_ZN6StreamC1Ev)
                  0000dee0    00000020     main.obj (.text:_ZN8std_msgs4TimeC1Ev)
                  0000df00    00000020     init.obj (.text)
                  0000df20    0000001c     rtsv7M4_T_le_v4SPD16_eabi.lib : memory.c.obj (.text:free_list_remove)
                  0000df3c    00000018     main.obj (.text:_ZN3ros11NodeHandle_I13TivaCHardwareLi25ELi25ELi512ELi512EE9connectedEv)
                  0000df54    00000018     main.obj (.text:_ZN3ros15NodeHandleBase_C1Ev)
                  0000df6c    00000018     main.obj (.text:_ZN3ros3MsgC1Ev)
                  0000df84    00000018     main.obj (.text:_ZN3ros4TimeC1Ev)
                  0000df9c    00000018     time.obj (.text:_ZN3ros8DurationC1Ev)
                  0000dfb4    00000014     main.obj (.text:_ZN13TivaCHardware4timeEv)
                  0000dfc8    00000014     rtsv7M4_T_le_v4SPD16_eabi.lib : strlen.c.obj (.text:strlen)
                  0000dfdc    00000012     main.obj (.text:_ZN3ros11NodeHandle_I13TivaCHardwareLi25ELi25ELi512ELi512EE8logerrorEPKc)
                  0000dfee    00000002     --HOLE-- [fill = 0]
                  0000dff0    00000010     main.obj (.text:_ZN14rosserial_msgs20RequestParamResponse6getMD5Ev)
                  0000e000    00000010     main.obj (.text:_ZN14rosserial_msgs20RequestParamResponse7getTypeEv)
                  0000e010    00000010     main.obj (.text:_ZN14rosserial_msgs3Log6getMD5Ev)
                  0000e020    00000010     main.obj (.text:_ZN14rosserial_msgs3Log7getTypeEv)
                  0000e030    00000010     main.obj (.text:_ZN14rosserial_msgs9TopicInfo6getMD5Ev)
                  0000e040    00000010     main.obj (.text:_ZN14rosserial_msgs9TopicInfo7getTypeEv)
                  0000e050    00000010     main.obj (.text:_ZN8std_msgs4Time6getMD5Ev)
                  0000e060    00000010     main.obj (.text:_ZN8std_msgs4Time7getTypeEv)
                  0000e070    00000010     main.obj (.text:_ZN8std_msgs6String6getMD5Ev)
                  0000e080    00000010     main.obj (.text:_ZN8std_msgs6String7getTypeEv)
                  0000e090    0000000e     rtsv7M4_T_le_v4SPD16_eabi.lib : typeinfo.c.obj (.text:_ZN10__cxxabiv117__class_type_infoD0Ev)
                  0000e09e    0000000e                                   : typeinfo.c.obj (.text:_ZN10__cxxabiv120__si_class_type_infoD0Ev)
                  0000e0ac    0000000e     main.obj (.text:_ZN3ros9Publisher15getEndpointTypeEv)
                  0000e0ba    0000000e     rtsv7M4_T_le_v4SPD16_eabi.lib : copy_decompress_none.c.obj (.text:decompress:none:__TI_decompress_none)
                  0000e0c8    0000000c     main.obj (.text:_ZN13TivaCHardwareC1Ev)
                  0000e0d4    0000000c     main.obj (.text:_ZN3ros15NodeHandleBase_C2Ev)
                  0000e0e0    0000000c     main.obj (.text:_ZN3ros3MsgC2Ev)
                  0000e0ec    0000000c     HardwareSerial.obj (.text:_ZN6StreamC2Ev)
                  0000e0f8    0000000c     rtsv7M4_T_le_v4SPD16_eabi.lib : copy_zero_init.c.obj (.text:decompress:ZI:__TI_zero_init)
                  0000e104    0000000c     tm4c123gh6pm_startup_ccs.obj (.text)
                  0000e110    00000008     rtsv7M4_T_le_v4SPD16_eabi.lib : new.cpp.obj (.text:_ZdlPv)
                  0000e118    00000008                                   : memory.c.obj (.text:malloc)
                  0000e120    00000006     sysctl.obj (.text:SysCtlDelay)
                  0000e126    00000006     rtsv7M4_T_le_v4SPD16_eabi.lib : pure_virt.c.obj (.text:__cxa_pure_virtual)
                  0000e12c    00000004                                   : typeinfo.c.obj (.text:_ZN10__cxxabiv117__class_type_infoD1Ev)
                  0000e130    00000004                                   : typeinfo.c.obj (.text:_ZN10__cxxabiv120__si_class_type_infoD1Ev)
                  0000e134    00000004                                   : new.cpp.obj (.text:_ZdlPvj)
                  0000e138    00000004                                   : error.c.obj (.text:__abort_execution)
                  0000e13c    00000004                                   : pre_init.c.obj (.text:_system_pre_init)
                  0000e140    00000004                                   : exit.c.obj (.text:abort:abort)

.const     0    0000e144    00000ba8     
                  0000e144    000001b0     sysctl.obj (.const:g_pppui32XTALtoVCO)
                  0000e2f4    000000d8     gpio.obj (.const:g_ppui32GPIOIntMapSnowflake)
                  0000e3cc    000000c0     gpio.obj (.const:g_ppui32GPIOIntMapBlizzard)
                  0000e48c    0000009c     interrupt.obj (.const:g_pui32Regs)
                  0000e528    00000090     gpio.obj (.const:g_pui32GPIOBaseAddrs)
                  0000e5b8    00000076     tcp.obj (.const:.string)
                  0000e62e    00000001     main.obj (.const:.string:_ZZN14rosserial_msgs3LogC1EvEs)
                  0000e62f    00000001     main.obj (.const:.string:_ZZN14rosserial_msgs9TopicInfoC1EvEs)
                  0000e630    0000006c     sysctl.obj (.const:g_pui32Xtals)
                  0000e69c    00000040     uart.obj (.const:g_ppui32UARTIntMap)
                  0000e6dc    00000040     uart.obj (.const:g_ppui32UARTIntMapSnowflake)
                  0000e71c    0000003b     main.obj (.const:.typeinfo:_ZTSN3ros11NodeHandle_I13TivaCHardwareLi25ELi25ELi512ELi512EEE)
                  0000e757    00000039     main.obj (.const:.string:_ZZN3ros11NodeHandle_I13TivaCHardwareLi25ELi25ELi512ELi512EE7publishEiPKNS_3MsgEEs)
                  0000e790    00000030     sysctl.obj (.const:g_sXTALtoMEMTIM)
                  0000e7c0    0000002c     tcp.obj (.const:tcp_state_str)
                  0000e7ec    00000029     main.obj (.const:.typeinfo:_ZTSN14rosserial_msgs20RequestParamResponseE)
                  0000e815    00000025     rtsv7M4_T_le_v4SPD16_eabi.lib : typeinfo.c.obj (.const:.typeinfo:_ZTSN10__cxxabiv120__si_class_type_infoE)
                  0000e83a    00000022                                   : typeinfo.c.obj (.const:.typeinfo:_ZTSN10__cxxabiv117__class_type_infoE)
                  0000e85c    00000021     main.obj (.const:.string:_ZZN14rosserial_msgs20RequestParamResponse6getMD5EvEs)
                  0000e87d    00000021     main.obj (.const:.string:_ZZN14rosserial_msgs3Log6getMD5EvEs)
                  0000e89e    00000021     main.obj (.const:.string:_ZZN14rosserial_msgs9TopicInfo6getMD5EvEs)
                  0000e8bf    00000021     main.obj (.const:.string:_ZZN8std_msgs4Time6getMD5EvEs)
                  0000e8e0    00000021     main.obj (.const:.string:_ZZN8std_msgs6String6getMD5EvEs)
                  0000e901    00000001     main.obj (.const:.string:_ZZN8std_msgs6StringC1EvEs)
                  0000e902    00000002     --HOLE-- [fill = 0]
                  0000e904    00000020     ssi.obj (.const:g_ppui32SSIIntMap)
                  0000e924    00000020     ssi.obj (.const:g_ppui32SSIIntMapSnowflake)
                  0000e944    00000020     interrupt.obj (.const:g_pui32Priority)
                  0000e964    0000001d     main.obj (.const:.typeinfo:_ZTSN14rosserial_msgs9TopicInfoE)
                  0000e981    0000001c     main.obj (.const:.string:_ZN29_INTERNAL_8_main_cpp_1d918b7214rosserial_msgs12REQUESTPARAME)
                  0000e99d    00000003     --HOLE-- [fill = 0]
                  0000e9a0    0000001c     HardwareSerial.obj (.const:_ZTV14HardwareSerial)
                  0000e9bc    00000019     main.obj (.const:.string:_ZZN14rosserial_msgs9TopicInfo7getTypeEvEs)
                  0000e9d5    00000018     main.obj (.const:.typeinfo:_ZTSN3ros15NodeHandleBase_E)
                  0000e9ed    00000003     --HOLE-- [fill = 0]
                  0000e9f0    00000018     HardwareSerial.obj (.const:_ZTV6Stream)
                  0000ea08    00000018     main.obj (.const:_ZTVN14rosserial_msgs20RequestParamResponseE)
                  0000ea20    00000018     main.obj (.const:_ZTVN14rosserial_msgs3LogE)
                  0000ea38    00000018     main.obj (.const:_ZTVN14rosserial_msgs9TopicInfoE)
                  0000ea50    00000018     main.obj (.const:_ZTVN3ros3MsgE)
                  0000ea68    00000018     main.obj (.const:_ZTVN8std_msgs4TimeE)
                  0000ea80    00000018     main.obj (.const:_ZTVN8std_msgs6StringE)
                  0000ea98    00000017     main.obj (.const:.typeinfo:_ZTSN14rosserial_msgs3LogE)
                  0000eaaf    00000001     --HOLE-- [fill = 0]
                  0000eab0    00000014     main.obj (.const:_ZTVN3ros11NodeHandle_I13TivaCHardwareLi25ELi25ELi512ELi512EEE)
                  0000eac4    00000014     main.obj (.const:_ZTVN3ros15NodeHandleBase_E)
                  0000ead8    00000014     interrupt.obj (.const:g_pui32Dii16Regs)
                  0000eaec    00000014     interrupt.obj (.const:g_pui32EnRegs)
                  0000eb00    00000014     interrupt.obj (.const:g_pui32PendRegs)
                  0000eb14    00000014     interrupt.obj (.const:g_pui32UnpendRegs)
                  0000eb28    00000013     main.obj (.const:.string:_ZZN14rosserial_msgs3Log7getTypeEvEs)
                  0000eb3b    00000013     main.obj (.const:.typeinfo:_ZTSN8std_msgs6StringE)
                  0000eb4e    00000002     --HOLE-- [fill = 0]
                  0000eb50    00000012     uartstdio.obj (.const:.string)
                  0000eb62    00000011     HardwareSerial.obj (.const:.typeinfo:_ZTS14HardwareSerial)
                  0000eb73    00000011     main.obj (.const:.typeinfo:_ZTSN8std_msgs4TimeE)
                  0000eb84    00000010     main.obj (.const:.string:_ZZN8std_msgs6String7getTypeEvEs)
                  0000eb94    00000010     rtsv7M4_T_le_v4SPD16_eabi.lib : typeinfo.c.obj (.const:_ZTVN10__cxxabiv117__class_type_infoE)
                  0000eba4    00000010                                   : typeinfo.c.obj (.const:_ZTVN10__cxxabiv120__si_class_type_infoE)
                  0000ebb4    00000010     memp.obj (.const:memp_num)
                  0000ebc4    00000010     memp.obj (.const:memp_sizes)
                  0000ebd4    00000010     tcp.obj (.const:tcp_pcb_lists)
                  0000ebe4    0000000e     main.obj (.const:.string:_ZZN8std_msgs4Time7getTypeEvEs)
                  0000ebf2    0000000d     tcp.obj (.const:.string:tcp_backoff)
                  0000ebff    0000000d     rtsv7M4_T_le_v4SPD16_eabi.lib : stdlib_typeinfo.cpp.obj (.const:.typeinfo:_ZTSSt9type_info)
                  0000ec0c    0000000c     HardwareSerial.obj (.const:.typeinfo:_ZTI14HardwareSerial)
                  0000ec18    0000000c     rtsv7M4_T_le_v4SPD16_eabi.lib : typeinfo.c.obj (.const:.typeinfo:_ZTIN10__cxxabiv117__class_type_infoE)
                  0000ec24    0000000c                                   : typeinfo.c.obj (.const:.typeinfo:_ZTIN10__cxxabiv120__si_class_type_infoE)
                  0000ec30    0000000c     main.obj (.const:.typeinfo:_ZTIN14rosserial_msgs20RequestParamResponseE)
                  0000ec3c    0000000c     main.obj (.const:.typeinfo:_ZTIN14rosserial_msgs3LogE)
                  0000ec48    0000000c     main.obj (.const:.typeinfo:_ZTIN14rosserial_msgs9TopicInfoE)
                  0000ec54    0000000c     main.obj (.const:.typeinfo:_ZTIN3ros11NodeHandle_I13TivaCHardwareLi25ELi25ELi512ELi512EEE)
                  0000ec60    0000000c     main.obj (.const:.typeinfo:_ZTIN8std_msgs4TimeE)
                  0000ec6c    0000000c     main.obj (.const:.typeinfo:_ZTIN8std_msgs6StringE)
                  0000ec78    0000000c     uartstdio.obj (.const:g_ui32UARTBase)
                  0000ec84    0000000c     uartstdio.obj (.const:g_ui32UARTPeriph)
                  0000ec90    0000000b     main.obj (.const:.typeinfo:_ZTSN3ros3MsgE)
                  0000ec9b    00000001     --HOLE-- [fill = 0]
                  0000ec9c    00000008     HardwareSerial.obj (.const:.typeinfo:_ZTI6Stream)
                  0000eca4    00000008     main.obj (.const:.typeinfo:_ZTIN3ros15NodeHandleBase_E)
                  0000ecac    00000008     main.obj (.const:.typeinfo:_ZTIN3ros3MsgE)
                  0000ecb4    00000008     rtsv7M4_T_le_v4SPD16_eabi.lib : stdlib_typeinfo.cpp.obj (.const:.typeinfo:_ZTISt9type_info)
                  0000ecbc    00000008     HardwareSerial.obj (.const:.typeinfo:_ZTS6Stream)
                  0000ecc4    00000008     sysctl.obj (.const:g_pui32VCOFrequencies)
                  0000eccc    00000007     tcp.obj (.const:.string:tcp_persist_backoff)
                  0000ecd3    00000006     config.obj (.const:.string:mac)
                  0000ecd9    00000006     etharp.obj (.const:ethbroadcast)
                  0000ecdf    00000006     etharp.obj (.const:ethzero)
                  0000ece5    00000003     --HOLE-- [fill = 0]
                  0000ece8    00000004     uartstdio.obj (.const)

.cinit     0    0000ecf8    00000068     
                  0000ecf8    00000033     (.cinit..data.load) [load image, compression = lzss]
                  0000ed2b    00000001     --HOLE-- [fill = 0]
                  0000ed2c    0000000c     (__TI_handler_table)
                  0000ed38    00000008     (.cinit..bss.load) [load image, compression = zero_init]
                  0000ed40    00000008     (.cinit..vtable.load) [load image, compression = zero_init]
                  0000ed48    00000018     (__TI_cinit_table)

.init_array 
*          0    0000ecec    00000008     
                  0000ecec    00000004     HardwareSerial.obj (.init_array)
                  0000ecf0    00000004     main.obj (.init_array)

.vtable    0    20000000    0000026c     UNINITIALIZED
                  20000000    0000026c     interrupt.obj (.vtable)

.bss       0    2000026c    000057de     UNINITIALIZED
                  2000026c    00002e0c     memp.obj (.bss:memp_memory)
                  20003078    00002014     (.common:ram_heap)
                  2000508c    000006c0     main.obj (.bss:nh)
                  2000574c    000000ea     (.common:lwip_stats)
                  20005836    00000002     ip.obj (.bss)
                  20005838    000000c8     etharp.obj (.bss:arp_table)
                  20005900    00000030     (.common:g_sNetIF)
                  20005930    00000020     HardwareSerial.obj (.bss:Serial)
                  20005950    00000020     memp.obj (.bss:memp_tab)
                  20005970    0000001c     tcp_in.obj (.bss)
                  2000598c    00000014     main.obj (.bss:chatter)
                  200059a0    00000010     tcp_in.obj (.bss:inseg)
                  200059b0    00000010     ip_addr.obj (.bss:str$1)
                  200059c0    00000010     (.common:rxBuffer)
                  200059d0    00000010     (.common:txBuffer)
                  200059e0    0000000c     mem.obj (.bss)
                  200059ec    0000000c     timers.obj (.bss)
                  200059f8    00000008     main.obj (.bss:str_msg)
                  20005a00    00000004     enc28j60.obj (.bss)
                  20005a04    00000004     raw.obj (.bss)
                  20005a08    00000004     (.common:current_header)
                  20005a0c    00000004     (.common:current_iphdr_dest)
                  20005a10    00000004     (.common:current_iphdr_src)
                  20005a14    00000004     (.common:current_netif)
                  20005a18    00000004     (.common:ip_addr)
                  20005a1c    00000004     (.common:netif_default)
                  20005a20    00000004     (.common:netif_list)
                  20005a24    00000004     (.common:tcp_active_pcbs)
                  20005a28    00000004     (.common:tcp_bound_pcbs)
                  20005a2c    00000004     (.common:tcp_input_pcb)
                  20005a30    00000004     (.common:tcp_listen_pcbs)
                  20005a34    00000004     (.common:tcp_ticks)
                  20005a38    00000004     (.common:tcp_tmp_pcb)
                  20005a3c    00000004     (.common:tcp_tw_pcbs)
                  20005a40    00000004     (.common:udp_pcbs)
                  20005a44    00000002     tcp.obj (.bss)
                  20005a46    00000001     etharp.obj (.bss)
                  20005a47    00000001     netif.obj (.bss)
                  20005a48    00000001     (.common:pbuf_free_ooseq_pending)
                  20005a49    00000001     (.common:tcp_active_pcbs_changed)

.stack     0    20005a50    00001388     UNINITIALIZED
                  20005a50    00000004     rtsv7M4_T_le_v4SPD16_eabi.lib : boot_cortex_m.c.obj (.stack)
                  20005a54    00001384     --HOLE--

.data      0    20006dd8    00000dfc     UNINITIALIZED
                  20006dd8    00000708     interface.obj (.data:Udp_buffer_RX)
                  200074e0    000005ea     enc28j60.obj (.data:incomming_frame)
                  20007aca    00000064     interface.obj (.data:buffer)
                  20007b2e    00000002     udp.obj (.data)
                  20007b30    00000018     systick.obj (.data)
                  20007b48    00000018     interface.obj (.data)
                  20007b60    00000018     HardwareSerial.obj (.data:rx_buffer)
                  20007b78    00000018     HardwareSerial.obj (.data:tx_buffer)
                  20007b90    0000000c     enc28j60.obj (.data)
                  20007b9c    00000008     rtsv7M4_T_le_v4SPD16_eabi.lib : _lock.c.obj (.data:$O1$$)
                  20007ba4    00000008                                   : memory.c.obj (.data:$O1$$)
                  20007bac    00000008     tcp.obj (.data)
                  20007bb4    00000008     tivac_hardware.obj (.data)
                  20007bbc    00000005     uartstdio.obj (.data)
                  20007bc1    00000001     buttons.obj (.data)
                  20007bc2    00000004     1.obj (.data)
                  20007bc6    00000002     --HOLE--
                  20007bc8    00000004     1.obj (.data:Remote_ip_addr)
                  20007bcc    00000004     1.obj (.data:gw_addr)
                  20007bd0    00000004     1.obj (.data:net_mask)

.sysmem    0    20007bd8    00000010     UNINITIALIZED
                  20007bd8    00000010     rtsv7M4_T_le_v4SPD16_eabi.lib : memory.c.obj (.sysmem)

MODULE SUMMARY

       Module                         code    ro data   rw data
       ------                         ----    -------   -------
    .\
       main.obj                       5344    826       1756   
       tm4c123gh6pm_startup_ccs.obj   12      620       0      
       1.obj                          144     0         20     
    +--+------------------------------+-------+---------+---------+
       Total:                         5500    1446      1776   
                                                               
    .\driverlib\
       sysctl.obj                     3974    596       0      
       gpio.obj                       2964    552       0      
       interrupt.obj                  960     268       620    
       uart.obj                       1582    128       0      
       ssi.obj                        822     64        0      
       systick.obj                    136     0         0      
       cpu.obj                        62      0         0      
    +--+------------------------------+-------+---------+---------+
       Total:                         10500   1608      620    
                                                               
    .\interface\
       interface.obj                  708     0         1972   
    +--+------------------------------+-------+---------+---------+
       Total:                         708     0         1972   
                                                               
    .\ports\
       enc28j60.obj                   3012    0         1530   
       spi.obj                        264     0         0      
       systick.obj                    152     0         24     
       buttons.obj                    120     0         1      
       led.obj                        40      0         0      
       sys_arch.obj                   40      0         0      
       config.obj                     0       6         0      
    +--+------------------------------+-------+---------+---------+
       Total:                         3628    6         1555   
                                                               
    .\ros_lib\ros\
       time.obj                       344     0         0      
       duration.obj                   256     0         0      
    +--+------------------------------+-------+---------+---------+
       Total:                         600     0         0      
                                                               
    .\rosserial\rosserial_tivac\src\ros_lib\
       HardwareSerial.obj             444     101       80     
       tivac_hardware.obj             0       0         40     
    +--+------------------------------+-------+---------+---------+
       Total:                         444     101       120    
                                                               
    .\src\core\
       memp.obj                       528     32        11820  
       mem.obj                        1380    0         8224   
       tcp_in.obj                     6932    0         48     
       tcp.obj                        4836    198       35     
       tcp_out.obj                    4280    0         0      
       etharp.obj                     3212    12        201    
       pbuf.obj                       2696    0         1      
       udp.obj                        1664    0         6      
       netif.obj                      824     0         9      
       timers.obj                     640     0         12     
       raw.obj                        620     0         4      
       stats.obj                      2       0         234    
       def.obj                        108     0         0      
       init.obj                       32      0         0      
    +--+------------------------------+-------+---------+---------+
       Total:                         27754   242       20594  
                                                               
    .\src\core\ipv4\
       ip.obj                         1208    0         18     
       ip_addr.obj                    964     0         16     
       inet_chksum.obj                964     0         0      
       icmp.obj                       700     0         0      
    +--+------------------------------+-------+---------+---------+
       Total:                         3836    0         34     
                                                               
    .\utils\
       uartstdio.obj                  1180    46        5      
       ringbuf.obj                    780     0         0      
    +--+------------------------------+-------+---------+---------+
       Total:                         1960    46        5      
                                                               
    C:\ti\ccs900\ccs\tools\compiler\ti-cgt-arm_18.12.1.LTS\lib\rtsv7M4_T_le_v4SPD16_eabi.lib
       memory.c.obj                   892     0         8      
       fd_mul_t2.asm.obj              252     0         0      
       typeinfo.c.obj                 36      127       0      
       memcpy_t2.asm.obj              156     0         0      
       memset_t2.asm.obj              122     0         0      
       copy_decompress_lzss.c.obj     104     0         0      
       autoinit.c.obj                 96      0         0      
       i_divt2.asm.obj                94      0         0      
       fd_toi_t2.asm.obj              72      0         0      
       u_divt2.asm.obj                64      0         0      
       boot_cortex_m.c.obj            52      0         0      
       i_tofd_t2.asm.obj              46      0         0      
       memcmp.c.obj                   36      0         0      
       stdlib_typeinfo.cpp.obj        2       21        0      
       strlen.c.obj                   20      0         0      
       copy_decompress_none.c.obj     14      0         0      
       copy_zero_init.c.obj           12      0         0      
       new.cpp.obj                    12      0         0      
       _lock.c.obj                    2       0         8      
       pure_virt.c.obj                6       0         0      
       error.c.obj                    4       0         0      
       exit.c.obj                     4       0         0      
       pre_init.c.obj                 4       0         0      
       div0.asm.obj                   2       0         0      
    +--+------------------------------+-------+---------+---------+
       Total:                         2104    148       16     
                                                               
       Heap:                          0       0         16     
       Stack:                         0       0         5000   
       Linker Generated:              0       103       0      
    +--+------------------------------+-------+---------+---------+
       Grand Total:                   57034   3700      31708  


LINKER GENERATED COPY TABLES

__TI_cinit_table @ 0000ed48 records: 3, size/record: 8, table size: 24
	.data: load addr=0000ecf8, load size=00000033 bytes, run addr=20006dd8, run size=00000dfc bytes, compression=lzss
	.bss: load addr=0000ed38, load size=00000008 bytes, run addr=2000026c, run size=000057de bytes, compression=zero_init
	.vtable: load addr=0000ed40, load size=00000008 bytes, run addr=20000000, run size=0000026c bytes, compression=zero_init


LINKER GENERATED HANDLER TABLE

__TI_handler_table @ 0000ed2c records: 3, size/record: 4, table size: 12
	index: 0, handler: __TI_zero_init
	index: 1, handler: __TI_decompress_lzss
	index: 2, handler: __TI_decompress_none


GLOBAL SYMBOLS: SORTED ALPHABETICALLY BY Name 

address   name                                                                              
-------   ----                                                                              
0000d621  ButtonsInit                                                                       
0000e141  C$$EXIT                                                                           
0000dbb9  CPUbasepriGet                                                                     
0000dbab  CPUbasepriSet                                                                     
0000db85  CPUcpsid                                                                          
0000db9b  CPUcpsie                                                                          
0000db91  CPUprimask                                                                        
0000dba7  CPUwfi                                                                            
0000b37d  ECU_int                                                                           
0000687f  EthIf_ProvideTxBuffer                                                             
00007459  GPIOADCTriggerDisable                                                             
0000743b  GPIOADCTriggerEnable                                                              
0000741d  GPIODMATriggerDisable                                                             
000073ff  GPIODMATriggerEnable                                                              
000069a7  GPIODirModeGet                                                                    
0000694b  GPIODirModeSet                                                                    
00006f0f  GPIOIntClear                                                                      
00006ed3  GPIOIntDisable                                                                    
00006eb9  GPIOIntEnable                                                                     
00006f23  GPIOIntRegister                                                                   
00006f5b  GPIOIntRegisterPin                                                                
00006eed  GPIOIntStatus                                                                     
00006a97  GPIOIntTypeGet                                                                    
000069f3  GPIOIntTypeSet                                                                    
00006f41  GPIOIntUnregister                                                                 
00006f89  GPIOIntUnregisterPin                                                              
00006d67  GPIOPadConfigGet                                                                  
00006b2d  GPIOPadConfigSet                                                                  
000073a1  GPIOPinConfigure                                                                  
00006fad  GPIOPinRead                                                                       
00006fe5  GPIOPinTypeADC                                                                    
00007009  GPIOPinTypeCAN                                                                    
0000702d  GPIOPinTypeComparator                                                             
00007051  GPIOPinTypeComparatorOutput                                                       
00007075  GPIOPinTypeDIVSCLK                                                                
00007099  GPIOPinTypeEPI                                                                    
000070bd  GPIOPinTypeEthernetLED                                                            
000070e1  GPIOPinTypeEthernetMII                                                            
00007105  GPIOPinTypeGPIOInput                                                              
00007129  GPIOPinTypeGPIOOutput                                                             
0000714d  GPIOPinTypeGPIOOutputOD                                                           
00007171  GPIOPinTypeHibernateRTCCLK                                                        
00007195  GPIOPinTypeI2C                                                                    
000071b9  GPIOPinTypeI2CSCL                                                                 
000071dd  GPIOPinTypeLCD                                                                    
00007201  GPIOPinTypeOneWire                                                                
00007225  GPIOPinTypePWM                                                                    
00007249  GPIOPinTypeQEI                                                                    
0000726d  GPIOPinTypeSSI                                                                    
00007291  GPIOPinTypeTimer                                                                  
000072b5  GPIOPinTypeTrace                                                                  
000072d9  GPIOPinTypeUART                                                                   
000072fd  GPIOPinTypeUSBAnalog                                                              
00007321  GPIOPinTypeUSBDigital                                                             
00007345  GPIOPinTypeWakeHigh                                                               
0000736b  GPIOPinTypeWakeLow                                                                
00007391  GPIOPinWakeStatus                                                                 
00006fc5  GPIOPinWrite                                                                      
0000b47f  InitConsole                                                                       
0000a3b9  IntDisable                                                                        
0000a347  IntEnable                                                                         
0000a42b  IntIsEnabled                                                                      
0000a20b  IntMasterDisable                                                                  
0000a1fb  IntMasterEnable                                                                   
0000a521  IntPendClear                                                                      
0000a4b1  IntPendSet                                                                        
0000a323  IntPriorityGet                                                                    
0000a29b  IntPriorityGroupingGet                                                            
0000a281  IntPriorityGroupingSet                                                            
0000a57b  IntPriorityMaskGet                                                                
0000a56f  IntPriorityMaskSet                                                                
0000a2d3  IntPrioritySet                                                                    
0000a21b  IntRegister                                                                       
0000a583  IntTrigger                                                                        
0000a26d  IntUnregister                                                                     
0000b459  LWIP_stack_int                                                                    
20007bc8  Remote_ip_addr                                                                    
0000e105  ResetISR                                                                          
0000b169  RingBufAdvanceRead                                                                
0000b197  RingBufAdvanceWrite                                                               
0000b0c3  RingBufContigFree                                                                 
0000b095  RingBufContigUsed                                                                 
0000b003  RingBufEmpty                                                                      
0000b02d  RingBufFlush                                                                      
0000b07f  RingBufFree                                                                       
0000afc9  RingBufFull                                                                       
0000b267  RingBufInit                                                                       
0000b133  RingBufRead                                                                       
0000b10d  RingBufReadOne                                                                    
0000b0ff  RingBufSize                                                                       
0000b04d  RingBufUsed                                                                       
0000b231  RingBufWrite                                                                      
0000b20b  RingBufWriteOne                                                                   
0000ecec  SHT$$INIT_ARRAY$$Base                                                             
0000ecf4  SHT$$INIT_ARRAY$$Limit                                                            
0000af01  SSIAdvDataPutFrameEnd                                                             
0000af27  SSIAdvDataPutFrameEndNonBlocking                                                  
0000af69  SSIAdvFrameHoldDisable                                                            
0000af53  SSIAdvFrameHoldEnable                                                             
0000aecf  SSIAdvModeSet                                                                     
0000ae8d  SSIBusy                                                                           
0000aebf  SSIClockSourceGet                                                                 
0000aeab  SSIClockSourceSet                                                                 
0000aca7  SSIConfigSetExpClk                                                                
0000ae75  SSIDMADisable                                                                     
0000ae5d  SSIDMAEnable                                                                      
0000ae1f  SSIDataGet                                                                        
0000ae3b  SSIDataGetNonBlocking                                                             
0000ade5  SSIDataPut                                                                        
0000adff  SSIDataPutNonBlocking                                                             
0000ad37  SSIDisable                                                                        
0000ad21  SSIEnable                                                                         
0000add3  SSIIntClear                                                                       
0000ad9d  SSIIntDisable                                                                     
0000ad85  SSIIntEnable                                                                      
0000ad4d  SSIIntRegister                                                                    
0000adb5  SSIIntStatus                                                                      
0000ad6b  SSIIntUnregister                                                                  
20005930  Serial                                                                            
0000b41b  SimpleDelay_2                                                                     
00005059  SysCtlAltClkConfig                                                                
00004781  SysCtlClockFreqSet                                                                
00004c49  SysCtlClockGet                                                                    
0000503d  SysCtlClockOutConfig                                                              
00004a79  SysCtlClockSet                                                                    
00004685  SysCtlDeepSleep                                                                   
00004e0d  SysCtlDeepSleepClockConfigSet                                                     
00004def  SysCtlDeepSleepClockSet                                                           
00004665  SysCtlDeepSleepPowerSet                                                           
0000e121  SysCtlDelay                                                                       
00004213  SysCtlFlashSectorSizeGet                                                          
000041e7  SysCtlFlashSizeGet                                                                
00004ee3  SysCtlGPIOAHBDisable                                                              
00004ec7  SysCtlGPIOAHBEnable                                                               
000045f9  SysCtlIntClear                                                                    
000045e1  SysCtlIntDisable                                                                  
000045cd  SysCtlIntEnable                                                                   
000045a5  SysCtlIntRegister                                                                 
00004609  SysCtlIntStatus                                                                   
000045bd  SysCtlIntUnregister                                                               
0000464b  SysCtlLDODeepSleepGet                                                             
0000463b  SysCtlLDODeepSleepSet                                                             
00004635  SysCtlLDOSleepGet                                                                 
00004625  SysCtlLDOSleepSet                                                                 
000046bb  SysCtlMOSCConfigSet                                                               
00005021  SysCtlNMIClear                                                                    
0000500d  SysCtlNMIStatus                                                                   
000046d1  SysCtlPIOSCCalibrate                                                              
00004eb1  SysCtlPWMClockGet                                                                 
00004e97  SysCtlPWMClockSet                                                                 
00004551  SysCtlPeripheralClockGating                                                       
00004509  SysCtlPeripheralDeepSleepDisable                                                  
000044b9  SysCtlPeripheralDeepSleepEnable                                                   
000043f5  SysCtlPeripheralDisable                                                           
000043b9  SysCtlPeripheralEnable                                                            
000042f5  SysCtlPeripheralPowerOff                                                          
000042b9  SysCtlPeripheralPowerOn                                                           
00004239  SysCtlPeripheralPresent                                                           
00004279  SysCtlPeripheralReady                                                             
00004331  SysCtlPeripheralReset                                                             
0000447d  SysCtlPeripheralSleepDisable                                                      
00004439  SysCtlPeripheralSleepEnable                                                       
00004675  SysCtlReset                                                                       
00004731  SysCtlResetBehaviorGet                                                            
00004721  SysCtlResetBehaviorSet                                                            
000046a7  SysCtlResetCauseClear                                                             
000046a1  SysCtlResetCauseGet                                                               
000041dd  SysCtlSRAMSizeGet                                                                 
0000467d  SysCtlSleep                                                                       
00004651  SysCtlSleepPowerSet                                                               
00004f0b  SysCtlUSBPLLDisable                                                               
00004eff  SysCtlUSBPLLEnable                                                                
00004f51  SysCtlVCOGet                                                                      
00004f39  SysCtlVoltageEventClear                                                           
00004f1d  SysCtlVoltageEventConfig                                                          
00004f2d  SysCtlVoltageEventStatus                                                          
0000d42d  SysTickDisable                                                                    
0000d421  SysTickEnable                                                                     
0000d471  SysTickIntDisable                                                                 
0000d465  SysTickIntEnable                                                                  
0000d315  SysTickIntHandler                                                                 
0000d439  SysTickIntRegister                                                                
0000d451  SysTickIntUnregister                                                              
0000d48f  SysTickPeriodGet                                                                  
0000d47d  SysTickPeriodSet                                                                  
0000d497  SysTickValueGet                                                                   
20007b3c  TCP_timer                                                                         
20007b34  TCp_counter                                                                       
000067cf  TcpIp_RxIndication                                                                
00008b59  UART9BitAddrSend                                                                  
00008b33  UART9BitAddrSet                                                                   
00008b1d  UART9BitDisable                                                                   
00008b07  UART9BitEnable                                                                    
000089ab  UARTBreakCtl                                                                      
000089d5  UARTBusy                                                                          
00008953  UARTCharGet                                                                       
00008937  UARTCharGetNonBlocking                                                            
0000898d  UARTCharPut                                                                       
00008969  UARTCharPutNonBlocking                                                            
000088fb  UARTCharsAvail                                                                    
00008af7  UARTClockSourceGet                                                                
00008ae3  UARTClockSourceSet                                                                
000086cb  UARTConfigGetExpClk                                                               
00008655  UARTConfigSetExpClk                                                               
00008aa9  UARTDMADisable                                                                    
00008a91  UARTDMAEnable                                                                     
0000873b  UARTDisable                                                                       
000087bf  UARTDisableSIR                                                                    
00008717  UARTEnable                                                                        
00008791  UARTEnableSIR                                                                     
0000877b  UARTFIFODisable                                                                   
00008765  UARTFIFOEnable                                                                    
0000862d  UARTFIFOLevelGet                                                                  
00008615  UARTFIFOLevelSet                                                                  
000088bb  UARTFlowControlGet                                                                
0000889f  UARTFlowControlSet                                                                
00008a7f  UARTIntClear                                                                      
00008a49  UARTIntDisable                                                                    
00008a31  UARTIntEnable                                                                     
000089f3  UARTIntRegister                                                                   
00008a61  UARTIntStatus                                                                     
00008a11  UARTIntUnregister                                                                 
00008ba1  UARTLoopbackEnable                                                                
00008855  UARTModemControlClear                                                             
00008879  UARTModemControlGet                                                               
0000881d  UARTModemControlSet                                                               
0000888b  UARTModemStatusGet                                                                
00008603  UARTParityModeGet                                                                 
000085e7  UARTParityModeSet                                                                 
00008ad3  UARTRxErrorClear                                                                  
00008ac1  UARTRxErrorGet                                                                    
00008807  UARTSmartCardDisable                                                              
000087d5  UARTSmartCardEnable                                                               
00008919  UARTSpaceAvail                                                                    
000095d5  UARTStdioConfig                                                                   
000088e9  UARTTxIntModeGet                                                                  
000088cd  UARTTxIntModeSet                                                                  
0000971b  UARTgetc                                                                          
00009661  UARTgets                                                                          
00009a3b  UARTprintf                                                                        
00009741  UARTvprintf                                                                       
0000961b  UARTwrite                                                                         
0000b425  UDP_recv                                                                          
20007b38  UDp_counter                                                                       
20006dd8  Udp_buffer_RX                                                                     
20007b48  Udp_ptr                                                                           
0000c6b9  _Z11serialEventv                                                                  
0000c6cb  _Z11uart_tx_isrt                                                                  
0000c6bb  _Z14serialEventRunv                                                               
0000dca5  _Z6millisv                                                                        
0000e091  _ZN10__cxxabiv117__class_type_infoD0Ev                                            
0000e12d  _ZN10__cxxabiv117__class_type_infoD1Ev                                            
0000e12d  _ZN10__cxxabiv117__class_type_infoD2Ev                                            
0000e09f  _ZN10__cxxabiv120__si_class_type_infoD0Ev                                         
0000e131  _ZN10__cxxabiv120__si_class_type_infoD1Ev                                         
0000e131  _ZN10__cxxabiv120__si_class_type_infoD2Ev                                         
0000dea1  _ZN13TivaCHardware4readEv                                                         
0000dfb5  _ZN13TivaCHardware4timeEv                                                         
0000db05  _ZN13TivaCHardware5writeEPhi                                                      
0000e0c9  _ZN13TivaCHardwareC1Ev                                                            
0000c6e7  _ZN14HardwareSerial3endEv                                                         
0000c72b  _ZN14HardwareSerial4peekEv                                                        
0000c757  _ZN14HardwareSerial4readEv                                                        
0000c6d7  _ZN14HardwareSerial5beginEmh                                                      
0000c79f  _ZN14HardwareSerial5flushEv                                                       
0000c7b9  _ZN14HardwareSerial5writeEh                                                       
0000c70d  _ZN14HardwareSerial9availableEv                                                   
0000da25  _ZN14HardwareSerialC1EP11ring_bufferS1_htthh                                      
0000b80d  _ZN14rosserial_msgs20RequestParamResponse11deserializeEPh                         
0000dff1  _ZN14rosserial_msgs20RequestParamResponse6getMD5Ev                                
0000e001  _ZN14rosserial_msgs20RequestParamResponse7getTypeEv                               
0000d9d1  _ZN14rosserial_msgs20RequestParamResponseC1Ev                                     
0000d4a9  _ZN14rosserial_msgs3Log11deserializeEPh                                           
0000e011  _ZN14rosserial_msgs3Log6getMD5Ev                                                  
0000e021  _ZN14rosserial_msgs3Log7getTypeEv                                                 
0000dd95  _ZN14rosserial_msgs3LogC1Ev                                                       
0000c529  _ZN14rosserial_msgs9TopicInfo11deserializeEPh                                     
0000e031  _ZN14rosserial_msgs9TopicInfo6getMD5Ev                                            
0000e041  _ZN14rosserial_msgs9TopicInfo7getTypeEv                                           
0000dbc5  _ZN14rosserial_msgs9TopicInfoC1Ev                                                 
0000c393  _ZN3ros11NodeHandle_I13TivaCHardwareLi25ELi25ELi512ELi512EE15negotiateTopicsEv    
0000dcd9  _ZN3ros11NodeHandle_I13TivaCHardwareLi25ELi25ELi512ELi512EE15requestSyncTimeEv    
0000dc3d  _ZN3ros11NodeHandle_I13TivaCHardwareLi25ELi25ELi512ELi512EE3logEcPKc              
0000d7e5  _ZN3ros11NodeHandle_I13TivaCHardwareLi25ELi25ELi512ELi512EE6setNowERKNS_4TimeE    
0000c939  _ZN3ros11NodeHandle_I13TivaCHardwareLi25ELi25ELi512ELi512EE7publishEiPKNS_3MsgE   
0000dfdd  _ZN3ros11NodeHandle_I13TivaCHardwareLi25ELi25ELi512ELi512EE8logerrorEPKc          
0000a5b9  _ZN3ros11NodeHandle_I13TivaCHardwareLi25ELi25ELi512ELi512EE8spinOnceEv            
0000d699  _ZN3ros11NodeHandle_I13TivaCHardwareLi25ELi25ELi512ELi512EE8syncTimeEPh           
0000df3d  _ZN3ros11NodeHandle_I13TivaCHardwareLi25ELi25ELi512ELi512EE9connectedEv           
0000dd69  _ZN3ros11NodeHandle_I13TivaCHardwareLi25ELi25ELi512ELi512EEC1Ev                   
0000df55  _ZN3ros15NodeHandleBase_C1Ev                                                      
0000e0d5  _ZN3ros15NodeHandleBase_C2Ev                                                      
0000c8fb  _ZN3ros16normalizeSecNSecERjS0_                                                   
0000cd15  _ZN3ros22normalizeSecNSecSignedERiS0_                                             
0000dc01  _ZN3ros3Msg8arrToVarIjPhEEvRT_T0_                                                 
0000dd09  _ZN3ros3Msg8varToArrIPhjEEvT_T0_                                                  
0000df6d  _ZN3ros3MsgC1Ev                                                                   
0000e0e1  _ZN3ros3MsgC2Ev                                                                   
0000c7f9  _ZN3ros4Time8fromNSecEi                                                           
0000df85  _ZN3ros4TimeC1Ev                                                                  
0000c85b  _ZN3ros4TimemIERKNS_8DurationE                                                    
0000c825  _ZN3ros4TimepLERKNS_8DurationE                                                    
0000df9d  _ZN3ros8DurationC1Ev                                                              
0000cca1  _ZN3ros8DurationmIERKS0_                                                          
0000cccd  _ZN3ros8DurationmLEd                                                              
0000cc75  _ZN3ros8DurationpLERKS0_                                                          
0000e0ad  _ZN3ros9Publisher15getEndpointTypeEv                                              
0000de35  _ZN3ros9PublisherC1EPKcPNS_3MsgEi                                                 
0000dec1  _ZN6StreamC1Ev                                                                    
0000e0ed  _ZN6StreamC2Ev                                                                    
0000d125  _ZN8std_msgs4Time11deserializeEPh                                                 
0000e051  _ZN8std_msgs4Time6getMD5Ev                                                        
0000e061  _ZN8std_msgs4Time7getTypeEv                                                       
0000dee1  _ZN8std_msgs4TimeC1Ev                                                             
0000d709  _ZN8std_msgs6String11deserializeEPh                                               
0000e071  _ZN8std_msgs6String6getMD5Ev                                                      
0000e081  _ZN8std_msgs6String7getTypeEv                                                     
0000de59  _ZN8std_msgs6StringC1Ev                                                           
0000c1a1  _ZNK14rosserial_msgs20RequestParamResponse9serializeEPh                           
0000d973  _ZNK14rosserial_msgs3Log9serializeEPh                                             
0000ca55  _ZNK14rosserial_msgs9TopicInfo9serializeEPh                                       
0000c891  _ZNK3ros4TimemiERKS0_                                                             
0000d25f  _ZNK8std_msgs4Time9serializeEPh                                                   
0000da75  _ZNK8std_msgs6String9serializeEPh                                                 
00008bb7  _ZNSt9type_infoD1Ev                                                               
00008bb7  _ZNSt9type_infoD2Ev                                                               
0000e141  _ZSt17__throw_bad_allocv                                                          
0000ec0c  _ZTI14HardwareSerial                                                              
0000ec9c  _ZTI6Stream                                                                       
0000ec18  _ZTIN10__cxxabiv117__class_type_infoE                                             
0000ec24  _ZTIN10__cxxabiv120__si_class_type_infoE                                          
0000ec30  _ZTIN14rosserial_msgs20RequestParamResponseE                                      
0000ec3c  _ZTIN14rosserial_msgs3LogE                                                        
0000ec48  _ZTIN14rosserial_msgs9TopicInfoE                                                  
0000ec54  _ZTIN3ros11NodeHandle_I13TivaCHardwareLi25ELi25ELi512ELi512EEE                    
0000eca4  _ZTIN3ros15NodeHandleBase_E                                                       
0000ecac  _ZTIN3ros3MsgE                                                                    
0000ec60  _ZTIN8std_msgs4TimeE                                                              
0000ec6c  _ZTIN8std_msgs6StringE                                                            
0000ecb4  _ZTISt9type_info                                                                  
0000eb62  _ZTS14HardwareSerial                                                              
0000ecbc  _ZTS6Stream                                                                       
0000e83a  _ZTSN10__cxxabiv117__class_type_infoE                                             
0000e815  _ZTSN10__cxxabiv120__si_class_type_infoE                                          
0000e7ec  _ZTSN14rosserial_msgs20RequestParamResponseE                                      
0000ea98  _ZTSN14rosserial_msgs3LogE                                                        
0000e964  _ZTSN14rosserial_msgs9TopicInfoE                                                  
0000e71c  _ZTSN3ros11NodeHandle_I13TivaCHardwareLi25ELi25ELi512ELi512EEE                    
0000e9d5  _ZTSN3ros15NodeHandleBase_E                                                       
0000ec90  _ZTSN3ros3MsgE                                                                    
0000eb73  _ZTSN8std_msgs4TimeE                                                              
0000eb3b  _ZTSN8std_msgs6StringE                                                            
0000ebff  _ZTSSt9type_info                                                                  
0000e9a0  _ZTV14HardwareSerial                                                              
0000e9f0  _ZTV6Stream                                                                       
0000eb94  _ZTVN10__cxxabiv117__class_type_infoE                                             
0000eba4  _ZTVN10__cxxabiv120__si_class_type_infoE                                          
0000ea08  _ZTVN14rosserial_msgs20RequestParamResponseE                                      
0000ea20  _ZTVN14rosserial_msgs3LogE                                                        
0000ea38  _ZTVN14rosserial_msgs9TopicInfoE                                                  
0000eab0  _ZTVN3ros11NodeHandle_I13TivaCHardwareLi25ELi25ELi512ELi512EEE                    
0000eac4  _ZTVN3ros15NodeHandleBase_E                                                       
0000ea50  _ZTVN3ros3MsgE                                                                    
0000ea68  _ZTVN8std_msgs4TimeE                                                              
0000ea80  _ZTVN8std_msgs6StringE                                                            
0000e85c  _ZZN14rosserial_msgs20RequestParamResponse6getMD5EvEs                             
0000e87d  _ZZN14rosserial_msgs3Log6getMD5EvEs                                               
0000eb28  _ZZN14rosserial_msgs3Log7getTypeEvEs                                              
0000e62e  _ZZN14rosserial_msgs3LogC1EvEs                                                    
0000e89e  _ZZN14rosserial_msgs9TopicInfo6getMD5EvEs                                         
0000e9bc  _ZZN14rosserial_msgs9TopicInfo7getTypeEvEs                                        
0000e62f  _ZZN14rosserial_msgs9TopicInfoC1EvEs                                              
0000e757  _ZZN3ros11NodeHandle_I13TivaCHardwareLi25ELi25ELi512ELi512EE7publishEiPKNS_3MsgEEs
0000e8bf  _ZZN8std_msgs4Time6getMD5EvEs                                                     
0000ebe4  _ZZN8std_msgs4Time7getTypeEvEs                                                    
0000e8e0  _ZZN8std_msgs6String6getMD5EvEs                                                   
0000eb84  _ZZN8std_msgs6String7getTypeEvEs                                                  
0000e901  _ZZN8std_msgs6StringC1EvEs                                                        
0000e111  _ZdlPv                                                                            
0000e135  _ZdlPvj                                                                           
20006dd8  __STACK_END                                                                       
00001388  __STACK_SIZE                                                                      
20005c50  __STACK_TOP                                                                       
00000010  __SYSMEM_SIZE                                                                     
0000ed48  __TI_CINIT_Base                                                                   
0000ed60  __TI_CINIT_Limit                                                                  
0000ed2c  __TI_Handler_Table_Base                                                           
0000ed38  __TI_Handler_Table_Limit                                                          
0000d8b5  __TI_auto_init_nobinit                                                            
0000d84d  __TI_decompress_lzss                                                              
0000e0bb  __TI_decompress_none                                                              
ffffffff  __TI_pprof_out_hndl                                                               
ffffffff  __TI_prof_data_size                                                               
ffffffff  __TI_prof_data_start                                                              
00000000  __TI_static_base__                                                                
0000e0f9  __TI_zero_init                                                                    
0000e139  __abort_execution                                                                 
0000dabd  __aeabi_d2iz                                                                      
0000cd75  __aeabi_dmul                                                                      
0000dd39  __aeabi_i2d                                                                       
0000d915  __aeabi_idiv                                                                      
0000b28b  __aeabi_idiv0                                                                     
0000d915  __aeabi_idivmod                                                                   
0000b28b  __aeabi_ldiv0                                                                     
0000d5a5  __aeabi_memclr                                                                    
0000d5a5  __aeabi_memclr4                                                                   
0000d5a5  __aeabi_memclr8                                                                   
0000d1c3  __aeabi_memcpy                                                                    
0000d1c3  __aeabi_memcpy4                                                                   
0000d1c3  __aeabi_memcpy8                                                                   
0000d5a7  __aeabi_memset                                                                    
0000d5a7  __aeabi_memset4                                                                   
0000d5a7  __aeabi_memset8                                                                   
0000db45  __aeabi_uidiv                                                                     
0000db45  __aeabi_uidivmod                                                                  
ffffffff  __binit__                                                                         
ffffffff  __c_args__                                                                        
0000e127  __cxa_pure_virtual                                                                
UNDEFED   __mpu_init                                                                        
20005a50  __stack                                                                           
0000c7c7  __sti___18_HardwareSerial_cpp_12ecbdd7                                            
0000dca7  __sti___8_main_cpp_1d918b72                                                       
0000dc71  _c_int00_noargs                                                                   
20007b9c  _lock                                                                             
0000a90f  _nop                                                                              
20007bd8  _sys_memory                                                                       
UNDEFED   _system_post_cinit                                                                
0000e13d  _system_pre_init                                                                  
20007ba0  _unlock                                                                           
0000e141  abort                                                                             
0000ce71  aligned_alloc                                                                     
ffffffff  binit                                                                             
20007aca  buffer                                                                            
0000d667  buttons_handler                                                                   
2000598c  chatter                                                                           
20007b94  count                                                                             
20005a08  current_header                                                                    
20005a0c  current_iphdr_dest                                                                
20005a10  current_iphdr_src                                                                 
20005a14  current_netif                                                                     
000061d5  enc_get_mac_addr                                                                  
00006245  enc_init                                                                          
000060bf  enc_phy_write                                                                     
00005f6b  enc_read_reg                                                                      
00005d29  enc_reset                                                                         
000066bf  enc_send_packet                                                                   
000054e5  etharp_cleanup_netif                                                              
0000553f  etharp_find_addr                                                                  
000057bd  etharp_output                                                                     
00005945  etharp_query                                                                      
00005be9  etharp_request                                                                    
000050dd  etharp_tmr                                                                        
0000ecd9  ethbroadcast                                                                      
00006599  ethernet_handler                                                                  
00005c21  ethernet_input                                                                    
0000ecdf  ethzero                                                                           
20007b98  flagg                                                                             
0000cf65  free                                                                              
20000000  g_pfnRAMVectors                                                                   
00000000  g_pfnVectors                                                                      
20005900  g_sNetIF                                                                          
20007b4c  g_ui32LocalTimer                                                                  
20007b44  g_ui32_APP_Timer                                                                  
20007bb8  g_ui32heartbeat                                                                   
20007bb4  g_ui32milliseconds                                                                
20007bc1  g_ui8ButtonStates                                                                 
20007b90  global_flag                                                                       
0000cbc1  gpio_comm_init                                                                    
20007bcc  gw_addr                                                                           
0000b737  icmp_dest_unreach                                                                 
0000b551  icmp_input                                                                        
200074e0  incomming_frame                                                                   
00009d7d  inet_chksum                                                                       
00009d95  inet_chksum_pbuf                                                                  
00009b23  inet_chksum_pseudo                                                                
[...]
0000d7d7  lwip_ntohl                                                                        
0000d7e5  _ZN3ros11NodeHandle_I13TivaCHardwareLi25ELi25ELi512ELi512EE6setNowERKNS_4TimeE    
0000d84d  __TI_decompress_lzss                                                              
0000d8b5  __TI_auto_init_nobinit                                                            
0000d915  __aeabi_idiv                                                                      
0000d915  __aeabi_idivmod                                                                   
0000d973  _ZNK14rosserial_msgs3Log9serializeEPh                                             
0000d9d1  _ZN14rosserial_msgs20RequestParamResponseC1Ev                                     
0000da25  _ZN14HardwareSerialC1EP11ring_bufferS1_htthh                                      
0000da75  _ZNK8std_msgs6String9serializeEPh                                                 
0000dabd  __aeabi_d2iz                                                                      
0000db05  _ZN13TivaCHardware5writeEPhi                                                      
0000db45  __aeabi_uidiv                                                                     
0000db45  __aeabi_uidivmod                                                                  
0000db85  CPUcpsid                                                                          
0000db91  CPUprimask                                                                        
0000db9b  CPUcpsie                                                                          
0000dba7  CPUwfi                                                                            
0000dbab  CPUbasepriSet                                                                     
0000dbb9  CPUbasepriGet                                                                     
0000dbc5  _ZN14rosserial_msgs9TopicInfoC1Ev                                                 
0000dc01  _ZN3ros3Msg8arrToVarIjPhEEvRT_T0_                                                 
0000dc3d  _ZN3ros11NodeHandle_I13TivaCHardwareLi25ELi25ELi512ELi512EE3logEcPKc              
0000dc71  _c_int00_noargs                                                                   
0000dca5  _Z6millisv                                                                        
0000dca7  __sti___8_main_cpp_1d918b72                                                       
0000dcd9  _ZN3ros11NodeHandle_I13TivaCHardwareLi25ELi25ELi512ELi512EE15requestSyncTimeEv    
0000dd09  _ZN3ros3Msg8varToArrIPhjEEvT_T0_                                                  
0000dd39  __aeabi_i2d                                                                       
0000dd69  _ZN3ros11NodeHandle_I13TivaCHardwareLi25ELi25ELi512ELi512EEC1Ev                   
0000dd95  _ZN14rosserial_msgs3LogC1Ev                                                       
0000dde5  led_on                                                                            
0000ddfb  led_off                                                                           
0000de0d  sys_now                                                                           
0000de13  sys_arch_protect                                                                  
0000de1b  sys_arch_unprotect                                                                
0000de35  _ZN3ros9PublisherC1EPKcPNS_3MsgEi                                                 
0000de59  _ZN8std_msgs6StringC1Ev                                                           
0000de7d  memcmp                                                                            
0000dea1  _ZN13TivaCHardware4readEv                                                         
0000dec1  _ZN6StreamC1Ev                                                                    
0000dee1  _ZN8std_msgs4TimeC1Ev                                                             
0000df01  lwip_init                                                                         
0000df3d  _ZN3ros11NodeHandle_I13TivaCHardwareLi25ELi25ELi512ELi512EE9connectedEv           
0000df55  _ZN3ros15NodeHandleBase_C1Ev                                                      
0000df6d  _ZN3ros3MsgC1Ev                                                                   
0000df85  _ZN3ros4TimeC1Ev                                                                  
0000df9d  _ZN3ros8DurationC1Ev                                                              
0000dfb5  _ZN13TivaCHardware4timeEv                                                         
0000dfc9  strlen                                                                            
0000dfdd  _ZN3ros11NodeHandle_I13TivaCHardwareLi25ELi25ELi512ELi512EE8logerrorEPKc          
0000dff1  _ZN14rosserial_msgs20RequestParamResponse6getMD5Ev                                
0000e001  _ZN14rosserial_msgs20RequestParamResponse7getTypeEv                               
0000e011  _ZN14rosserial_msgs3Log6getMD5Ev                                                  
0000e021  _ZN14rosserial_msgs3Log7getTypeEv                                                 
0000e031  _ZN14rosserial_msgs9TopicInfo6getMD5Ev                                            
0000e041  _ZN14rosserial_msgs9TopicInfo7getTypeEv                                           
0000e051  _ZN8std_msgs4Time6getMD5Ev                                                        
0000e061  _ZN8std_msgs4Time7getTypeEv                                                       
0000e071  _ZN8std_msgs6String6getMD5Ev                                                      
0000e081  _ZN8std_msgs6String7getTypeEv                                                     
0000e091  _ZN10__cxxabiv117__class_type_infoD0Ev                                            
0000e09f  _ZN10__cxxabiv120__si_class_type_infoD0Ev                                         
0000e0ad  _ZN3ros9Publisher15getEndpointTypeEv                                              
0000e0bb  __TI_decompress_none                                                              
0000e0c9  _ZN13TivaCHardwareC1Ev                                                            
0000e0d5  _ZN3ros15NodeHandleBase_C2Ev                                                      
0000e0e1  _ZN3ros3MsgC2Ev                                                                   
0000e0ed  _ZN6StreamC2Ev                                                                    
0000e0f9  __TI_zero_init                                                                    
0000e105  ResetISR                                                                          
0000e111  _ZdlPv                                                                            
0000e119  malloc                                                                            
0000e121  SysCtlDelay                                                                       
0000e127  __cxa_pure_virtual                                                                
0000e12d  _ZN10__cxxabiv117__class_type_infoD1Ev                                            
0000e12d  _ZN10__cxxabiv117__class_type_infoD2Ev                                            
0000e131  _ZN10__cxxabiv120__si_class_type_infoD1Ev                                         
0000e131  _ZN10__cxxabiv120__si_class_type_infoD2Ev                                         
0000e135  _ZdlPvj                                                                           
0000e139  __abort_execution                                                                 
0000e13d  _system_pre_init                                                                  
0000e141  C$$EXIT                                                                           
0000e141  _ZSt17__throw_bad_allocv                                                          
0000e141  abort                                                                             
0000e62e  _ZZN14rosserial_msgs3LogC1EvEs                                                    
0000e62f  _ZZN14rosserial_msgs9TopicInfoC1EvEs                                              
0000e71c  _ZTSN3ros11NodeHandle_I13TivaCHardwareLi25ELi25ELi512ELi512EEE                    
0000e757  _ZZN3ros11NodeHandle_I13TivaCHardwareLi25ELi25ELi512ELi512EE7publishEiPKNS_3MsgEEs
0000e7c0  tcp_state_str                                                                     
0000e7ec  _ZTSN14rosserial_msgs20RequestParamResponseE                                      
0000e815  _ZTSN10__cxxabiv120__si_class_type_infoE                                          
0000e83a  _ZTSN10__cxxabiv117__class_type_infoE                                             
0000e85c  _ZZN14rosserial_msgs20RequestParamResponse6getMD5EvEs                             
0000e87d  _ZZN14rosserial_msgs3Log6getMD5EvEs                                               
0000e89e  _ZZN14rosserial_msgs9TopicInfo6getMD5EvEs                                         
0000e8bf  _ZZN8std_msgs4Time6getMD5EvEs                                                     
0000e8e0  _ZZN8std_msgs6String6getMD5EvEs                                                   
0000e901  _ZZN8std_msgs6StringC1EvEs                                                        
0000e964  _ZTSN14rosserial_msgs9TopicInfoE                                                  
0000e9a0  _ZTV14HardwareSerial                                                              
0000e9bc  _ZZN14rosserial_msgs9TopicInfo7getTypeEvEs                                        
0000e9d5  _ZTSN3ros15NodeHandleBase_E                                                       
0000e9f0  _ZTV6Stream                                                                       
0000ea08  _ZTVN14rosserial_msgs20RequestParamResponseE                                      
0000ea20  _ZTVN14rosserial_msgs3LogE                                                        
0000ea38  _ZTVN14rosserial_msgs9TopicInfoE                                                  
0000ea50  _ZTVN3ros3MsgE                                                                    
0000ea68  _ZTVN8std_msgs4TimeE                                                              
0000ea80  _ZTVN8std_msgs6StringE                                                            
0000ea98  _ZTSN14rosserial_msgs3LogE                                                        
0000eab0  _ZTVN3ros11NodeHandle_I13TivaCHardwareLi25ELi25ELi512ELi512EEE                    
0000eac4  _ZTVN3ros15NodeHandleBase_E                                                       
0000eb28  _ZZN14rosserial_msgs3Log7getTypeEvEs                                              
0000eb3b  _ZTSN8std_msgs6StringE                                                            
0000eb62  _ZTS14HardwareSerial                                                              
0000eb73  _ZTSN8std_msgs4TimeE                                                              
0000eb84  _ZZN8std_msgs6String7getTypeEvEs                                                  
0000eb94  _ZTVN10__cxxabiv117__class_type_infoE                                             
0000eba4  _ZTVN10__cxxabiv120__si_class_type_infoE                                          
0000ebd4  tcp_pcb_lists                                                                     
0000ebe4  _ZZN8std_msgs4Time7getTypeEvEs                                                    
0000ebf2  tcp_backoff                                                                       
0000ebff  _ZTSSt9type_info                                                                  
0000ec0c  _ZTI14HardwareSerial                                                              
0000ec18  _ZTIN10__cxxabiv117__class_type_infoE                                             
0000ec24  _ZTIN10__cxxabiv120__si_class_type_infoE                                          
0000ec30  _ZTIN14rosserial_msgs20RequestParamResponseE                                      
0000ec3c  _ZTIN14rosserial_msgs3LogE                                                        
0000ec48  _ZTIN14rosserial_msgs9TopicInfoE                                                  
0000ec54  _ZTIN3ros11NodeHandle_I13TivaCHardwareLi25ELi25ELi512ELi512EEE                    
0000ec60  _ZTIN8std_msgs4TimeE                                                              
0000ec6c  _ZTIN8std_msgs6StringE                                                            
0000ec90  _ZTSN3ros3MsgE                                                                    
0000ec9c  _ZTI6Stream                                                                       
0000eca4  _ZTIN3ros15NodeHandleBase_E                                                       
0000ecac  _ZTIN3ros3MsgE                                                                    
0000ecb4  _ZTISt9type_info                                                                  
0000ecbc  _ZTS6Stream                                                                       
0000eccc  tcp_persist_backoff                                                               
0000ecd3  mac                                                                               
0000ecd9  ethbroadcast                                                                      
0000ecdf  ethzero                                                                           
0000ecec  SHT$$INIT_ARRAY$$Base                                                             
0000ecf4  SHT$$INIT_ARRAY$$Limit                                                            
0000ed2c  __TI_Handler_Table_Base                                                           
0000ed38  __TI_Handler_Table_Limit                                                          
0000ed48  __TI_CINIT_Base                                                                   
0000ed60  __TI_CINIT_Limit                                                                  
20000000  g_pfnRAMVectors                                                                   
20003078  ram_heap                                                                          
2000508c  nh                                                                                
2000574c  lwip_stats                                                                        
20005900  g_sNetIF                                                                          
20005930  Serial                                                                            
2000598c  chatter                                                                           
200059c0  rxBuffer                                                                          
200059d0  txBuffer                                                                          
200059f8  str_msg                                                                           
20005a08  current_header                                                                    
20005a0c  current_iphdr_dest                                                                
20005a10  current_iphdr_src                                                                 
20005a14  current_netif                                                                     
20005a18  ip_addr                                                                           
20005a1c  netif_default                                                                     
20005a20  netif_list                                                                        
20005a24  tcp_active_pcbs                                                                   
20005a28  tcp_bound_pcbs                                                                    
20005a2c  tcp_input_pcb                                                                     
20005a30  tcp_listen_pcbs                                                                   
20005a34  tcp_ticks                                                                         
20005a38  tcp_tmp_pcb                                                                       
20005a3c  tcp_tw_pcbs                                                                       
20005a40  udp_pcbs                                                                          
20005a48  pbuf_free_ooseq_pending                                                           
20005a49  tcp_active_pcbs_changed                                                           
20005a50  __stack                                                                           
20005c50  __STACK_TOP                                                                       
20006dd8  Udp_buffer_RX                                                                     
20006dd8  __STACK_END                                                                       
200074e0  incomming_frame                                                                   
20007aca  buffer                                                                            
20007b30  leds_timer                                                                        
20007b34  TCp_counter                                                                       
20007b38  UDp_counter                                                                       
20007b3c  TCP_timer                                                                         
20007b40  main_function                                                                     
20007b44  g_ui32_APP_Timer                                                                  
20007b48  Udp_ptr                                                                           
20007b4c  g_ui32LocalTimer                                                                  
20007b60  rx_buffer                                                                         
20007b78  tx_buffer                                                                         
20007b90  global_flag                                                                       
20007b94  count                                                                             
20007b98  flagg                                                                             
20007b9c  _lock                                                                             
20007ba0  _unlock                                                                           
20007bb4  g_ui32milliseconds                                                                
20007bb8  g_ui32heartbeat                                                                   
20007bc1  g_ui8ButtonStates                                                                 
20007bc2  port_1                                                                            
20007bc4  port_remote                                                                       
20007bc8  Remote_ip_addr                                                                    
20007bcc  gw_addr                                                                           
20007bd0  net_mask                                                                          
20007bd8  _sys_memory                                                                       
ffffffff  __TI_pprof_out_hndl                                                               
ffffffff  __TI_prof_data_size                                                               
ffffffff  __TI_prof_data_start                                                              
ffffffff  __binit__                                                                         
ffffffff  __c_args__                                                                        
ffffffff  binit                                                                             
UNDEFED   __mpu_init                                                                        
UNDEFED   _system_post_cinit                                                                

[656 symbols]
