<?xml version="1.0" encoding="ISO-8859-1" ?>
<link_info>
   <banner>TI ARM Linker PC v18.12.1.LTS</banner>
   <copyright>Copyright (c) 1996-2018 Texas Instruments Incorporated</copyright>
   <link_time>0x60913ace</link_time>
   <link_errors>0x0</link_errors>
   <output_file>project.out</output_file>
   <entry_point>
      <name>_c_int00_noargs</name>
      <address>0xdc71</address>
   </entry_point>
   <input_file_list>
      <input_file id="fl-2">
         <path>.\</path>
         <kind>object</kind>
         <file>1.obj</file>
         <name>1.obj</name>
      </input_file>
      <input_file id="fl-3">
         <path>.\</path>
         <kind>object</kind>
         <file>chatter.obj</file>
         <name>chatter.obj</name>
      </input_file>
      <input_file id="fl-4">
         <path>.\</path>
         <kind>object</kind>
         <file>main.obj</file>
         <name>main.obj</name>
      </input_file>
      <input_file id="fl-5">
         <path>.\</path>
         <kind>object</kind>
         <file>print.obj</file>
         <name>print.obj</name>
      </input_file>
      <input_file id="fl-6">
         <path>.\</path>
         <kind>object</kind>
         <file>roscore.obj</file>
         <name>roscore.obj</name>
      </input_file>
      <input_file id="fl-7">
         <path>.\</path>
         <kind>object</kind>
         <file>tm4c123gh6pm_startup_ccs.obj</file>
         <name>tm4c123gh6pm_startup_ccs.obj</name>
      </input_file>
      <input_file id="fl-8">
         <path>.\driverlib\</path>
         <kind>object</kind>
         <file>adc.obj</file>
         <name>adc.obj</name>
      </input_file>
      <input_file id="fl-9">
         <path>.\driverlib\</path>
         <kind>object</kind>
         <file>aes.obj</file>
         <name>aes.obj</name>
      </input_file>
      <input_file id="fl-a">
         <path>.\driverlib\</path>
         <kind>object</kind>
         <file>can.obj</file>
         <name>can.obj</name>
      </input_file>
      <input_file id="fl-b">
         <path>.\driverlib\</path>
         <kind>object</kind>
         <file>comp.obj</file>
         <name>comp.obj</name>
      </input_file>
      <input_file id="fl-c">
         <path>.\driverlib\</path>
         <kind>object</kind>
         <file>cpu.obj</file>
         <name>cpu.obj</name>
      </input_file>
      <input_file id="fl-d">
         <path>.\driverlib\</path>
         <kind>object</kind>
         <file>crc.obj</file>
         <name>crc.obj</name>
      </input_file>
      <input_file id="fl-e">
         <path>.\driverlib\</path>
         <kind>object</kind>
         <file>des.obj</file>
         <name>des.obj</name>
      </input_file>
      <input_file id="fl-f">
         <path>.\driverlib\</path>
         <kind>object</kind>
         <file>eeprom.obj</file>
         <name>eeprom.obj</name>
      </input_file>
      <input_file id="fl-10">
         <path>.\driverlib\</path>
         <kind>object</kind>
         <file>emac.obj</file>
         <name>emac.obj</name>
      </input_file>
      <input_file id="fl-11">
         <path>.\driverlib\</path>
         <kind>object</kind>
         <file>epi.obj</file>
         <name>epi.obj</name>
      </input_file>
      <input_file id="fl-12">
         <path>.\driverlib\</path>
         <kind>object</kind>
         <file>epi_workaround_ccs.obj</file>
         <name>epi_workaround_ccs.obj</name>
      </input_file>
      <input_file id="fl-13">
         <path>.\driverlib\</path>
         <kind>object</kind>
         <file>flash.obj</file>
         <name>flash.obj</name>
      </input_file>
      <input_file id="fl-14">
         <path>.\driverlib\</path>
         <kind>object</kind>
         <file>fpu.obj</file>
         <name>fpu.obj</name>
      </input_file>
      <input_file id="fl-15">
         <path>.\driverlib\</path>
         <kind>object</kind>
         <file>gpio.obj</file>
         <name>gpio.obj</name>
      </input_file>
      <input_file id="fl-16">
         <path>.\driverlib\</path>
         <kind>object</kind>
         <file>hibernate.obj</file>
         <name>hibernate.obj</name>
      </input_file>
      <input_file id="fl-17">
         <path>.\driverlib\</path>
         <kind>object</kind>
         <file>i2c.obj</file>
         <name>i2c.obj</name>
      </input_file>
      <input_file id="fl-18">
         <path>.\driverlib\</path>
         <kind>object</kind>
         <file>interrupt.obj</file>
         <name>interrupt.obj</name>
      </input_file>
      <input_file id="fl-19">
         <path>.\driverlib\</path>
         <kind>object</kind>
         <file>lcd.obj</file>
         <name>lcd.obj</name>
      </input_file>
      <input_file id="fl-1a">
         <path>.\driverlib\</path>
         <kind>object</kind>
         <file>mpu.obj</file>
         <name>mpu.obj</name>
      </input_file>
      <input_file id="fl-1b">
         <path>.\driverlib\</path>
         <kind>object</kind>
         <file>onewire.obj</file>
         <name>onewire.obj</name>
      </input_file>
      <input_file id="fl-1c">
         <path>.\driverlib\</path>
         <kind>object</kind>
         <file>pwm.obj</file>
         <name>pwm.obj</name>
      </input_file>
      <input_file id="fl-1d">
         <path>.\driverlib\</path>
         <kind>object</kind>
         <file>qei.obj</file>
         <name>qei.obj</name>
      </input_file>
      <input_file id="fl-1e">
         <path>.\driverlib\</path>
         <kind>object</kind>
         <file>shamd5.obj</file>
         <name>shamd5.obj</name>
      </input_file>
      <input_file id="fl-1f">
         <path>.\driverlib\</path>
         <kind>object</kind>
         <file>ssi.obj</file>
         <name>ssi.obj</name>
      </input_file>
      <input_file id="fl-20">
         <path>.\driverlib\</path>
         <kind>object</kind>
         <file>sw_crc.obj</file>
         <name>sw_crc.obj</name>
      </input_file>
      <input_file id="fl-21">
         <path>.\driverlib\</path>
         <kind>object</kind>
         <file>sysctl.obj</file>
         <name>sysctl.obj</name>
      </input_file>
      <input_file id="fl-22">
         <path>.\driverlib\</path>
         <kind>object</kind>
         <file>sysexc.obj</file>
         <name>sysexc.obj</name>
      </input_file>
      <input_file id="fl-23">
         <path>.\driverlib\</path>
         <kind>object</kind>
         <file>systick.obj</file>
         <name>systick.obj</name>
      </input_file>
      <input_file id="fl-24">
         <path>.\driverlib\</path>
         <kind>object</kind>
         <file>timer.obj</file>
         <name>timer.obj</name>
      </input_file>
      <input_file id="fl-25">
         <path>.\driverlib\</path>
         <kind>object</kind>
         <file>uart.obj</file>
         <name>uart.obj</name>
      </input_file>
      <input_file id="fl-26">
         <path>.\driverlib\</path>
         <kind>object</kind>
         <file>udma.obj</file>
         <name>udma.obj</name>
      </input_file>
      <input_file id="fl-27">
         <path>.\driverlib\</path>
         <kind>object</kind>
         <file>usb.obj</file>
         <name>usb.obj</name>
      </input_file>
      <input_file id="fl-28">
         <path>.\driverlib\</path>
         <kind>object</kind>
         <file>watchdog.obj</file>
         <name>watchdog.obj</name>
      </input_file>
      <input_file id="fl-29">
         <path>.\interface\</path>
         <kind>object</kind>
         <file>interface.obj</file>
         <name>interface.obj</name>
      </input_file>
      <input_file id="fl-2a">
         <path>.\ports\</path>
         <kind>object</kind>
         <file>buttons.obj</file>
         <name>buttons.obj</name>
      </input_file>
      <input_file id="fl-2b">
         <path>.\ports\</path>
         <kind>object</kind>
         <file>config.obj</file>
         <name>config.obj</name>
      </input_file>
      <input_file id="fl-2c">
         <path>.\ports\</path>
         <kind>object</kind>
         <file>enc28j60.obj</file>
         <name>enc28j60.obj</name>
      </input_file>
      <input_file id="fl-2d">
         <path>.\ports\</path>
         <kind>object</kind>
         <file>led.obj</file>
         <name>led.obj</name>
      </input_file>
      <input_file id="fl-2e">
         <path>.\ports\</path>
         <kind>object</kind>
         <file>perf.obj</file>
         <name>perf.obj</name>
      </input_file>
      <input_file id="fl-2f">
         <path>.\ports\</path>
         <kind>object</kind>
         <file>spi.obj</file>
         <name>spi.obj</name>
      </input_file>
      <input_file id="fl-30">
         <path>.\ports\</path>
         <kind>object</kind>
         <file>sys_arch.obj</file>
         <name>sys_arch.obj</name>
      </input_file>
      <input_file id="fl-31">
         <path>.\ports\</path>
         <kind>object</kind>
         <file>systick.obj</file>
         <name>systick.obj</name>
      </input_file>
      <input_file id="fl-32">
         <path>.\ros_ethernet\</path>
         <kind>object</kind>
         <file>Ethernet.obj</file>
         <name>Ethernet.obj</name>
      </input_file>
      <input_file id="fl-33">
         <path>.\ros_ethernet\</path>
         <kind>object</kind>
         <file>EthernetClient.obj</file>
         <name>EthernetClient.obj</name>
      </input_file>
      <input_file id="fl-34">
         <path>.\ros_ethernet\</path>
         <kind>object</kind>
         <file>IPAddress.obj</file>
         <name>IPAddress.obj</name>
      </input_file>
      <input_file id="fl-35">
         <path>.\ros_ethernet\</path>
         <kind>object</kind>
         <file>adaptor.obj</file>
         <name>adaptor.obj</name>
      </input_file>
      <input_file id="fl-36">
         <path>.\ros_lib\ros\</path>
         <kind>object</kind>
         <file>duration.obj</file>
         <name>duration.obj</name>
      </input_file>
      <input_file id="fl-37">
         <path>.\ros_lib\ros\</path>
         <kind>object</kind>
         <file>time.obj</file>
         <name>time.obj</name>
      </input_file>
      <input_file id="fl-38">
         <path>.\rosserial\rosserial_tivac\src\ros_lib\</path>
         <kind>object</kind>
         <file>HardwareSerial.obj</file>
         <name>HardwareSerial.obj</name>
      </input_file>
      <input_file id="fl-39">
         <path>.\rosserial\rosserial_tivac\src\ros_lib\</path>
         <kind>object</kind>
         <file>Tivac_port.obj</file>
         <name>Tivac_port.obj</name>
      </input_file>
      <input_file id="fl-3a">
         <path>.\rosserial\rosserial_tivac\src\ros_lib\</path>
         <kind>object</kind>
         <file>tivac_hardware.obj</file>
         <name>tivac_hardware.obj</name>
      </input_file>
      <input_file id="fl-3b">
         <path>.\rosserial\rosserial_tivac\src\ros_lib\</path>
         <kind>object</kind>
         <file>usb_serial_structs.obj</file>
         <name>usb_serial_structs.obj</name>
      </input_file>
      <input_file id="fl-3c">
         <path>.\rosserial\rosserial_tivac\src\ros_lib\</path>
         <kind>object</kind>
         <file>wiring.obj</file>
         <name>wiring.obj</name>
      </input_file>
      <input_file id="fl-3d">
         <path>.\src\api\</path>
         <kind>object</kind>
         <file>sockets.obj</file>
         <name>sockets.obj</name>
      </input_file>
      <input_file id="fl-3e">
         <path>.\src\core\</path>
         <kind>object</kind>
         <file>def.obj</file>
         <name>def.obj</name>
      </input_file>
      <input_file id="fl-3f">
         <path>.\src\core\</path>
         <kind>object</kind>
         <file>dhcp.obj</file>
         <name>dhcp.obj</name>
      </input_file>
      <input_file id="fl-40">
         <path>.\src\core\</path>
         <kind>object</kind>
         <file>dns.obj</file>
         <name>dns.obj</name>
      </input_file>
      <input_file id="fl-41">
         <path>.\src\core\</path>
         <kind>object</kind>
         <file>etharp.obj</file>
         <name>etharp.obj</name>
      </input_file>
      <input_file id="fl-42">
         <path>.\src\core\</path>
         <kind>object</kind>
         <file>ethernetif.obj</file>
         <name>ethernetif.obj</name>
      </input_file>
      <input_file id="fl-43">
         <path>.\src\core\</path>
         <kind>object</kind>
         <file>init.obj</file>
         <name>init.obj</name>
      </input_file>
      <input_file id="fl-44">
         <path>.\src\core\</path>
         <kind>object</kind>
         <file>mem.obj</file>
         <name>mem.obj</name>
      </input_file>
      <input_file id="fl-45">
         <path>.\src\core\</path>
         <kind>object</kind>
         <file>memp.obj</file>
         <name>memp.obj</name>
      </input_file>
      <input_file id="fl-46">
         <path>.\src\core\</path>
         <kind>object</kind>
         <file>netif.obj</file>
         <name>netif.obj</name>
      </input_file>
      <input_file id="fl-47">
         <path>.\src\core\</path>
         <kind>object</kind>
         <file>pbuf.obj</file>
         <name>pbuf.obj</name>
      </input_file>
      <input_file id="fl-48">
         <path>.\src\core\</path>
         <kind>object</kind>
         <file>raw.obj</file>
         <name>raw.obj</name>
      </input_file>
      <input_file id="fl-49">
         <path>.\src\core\</path>
         <kind>object</kind>
         <file>stats.obj</file>
         <name>stats.obj</name>
      </input_file>
      <input_file id="fl-4a">
         <path>.\src\core\</path>
         <kind>object</kind>
         <file>sys.obj</file>
         <name>sys.obj</name>
      </input_file>
      <input_file id="fl-4b">
         <path>.\src\core\</path>
         <kind>object</kind>
         <file>tcp.obj</file>
         <name>tcp.obj</name>
      </input_file>
      <input_file id="fl-4c">
         <path>.\src\core\</path>
         <kind>object</kind>
         <file>tcp_in.obj</file>
         <name>tcp_in.obj</name>
      </input_file>
      <input_file id="fl-4d">
         <path>.\src\core\</path>
         <kind>object</kind>
         <file>tcp_out.obj</file>
         <name>tcp_out.obj</name>
      </input_file>
      <input_file id="fl-4e">
         <path>.\src\core\</path>
         <kind>object</kind>
         <file>timers.obj</file>
         <name>timers.obj</name>
      </input_file>
      <input_file id="fl-4f">
         <path>.\src\core\</path>
         <kind>object</kind>
         <file>udp.obj</file>
         <name>udp.obj</name>
      </input_file>
      <input_file id="fl-50">
         <path>.\src\core\ipv4\</path>
         <kind>object</kind>
         <file>autoip.obj</file>
         <name>autoip.obj</name>
      </input_file>
      <input_file id="fl-51">
         <path>.\src\core\ipv4\</path>
         <kind>object</kind>
         <file>icmp.obj</file>
         <name>icmp.obj</name>
      </input_file>
      <input_file id="fl-52">
         <path>.\src\core\ipv4\</path>
         <kind>object</kind>
         <file>igmp.obj</file>
         <name>igmp.obj</name>
      </input_file>
      <input_file id="fl-53">
         <path>.\src\core\ipv4\</path>
         <kind>object</kind>
         <file>inet.obj</file>
         <name>inet.obj</name>
      </input_file>
      <input_file id="fl-54">
         <path>.\src\core\ipv4\</path>
         <kind>object</kind>
         <file>inet_chksum.obj</file>
         <name>inet_chksum.obj</name>
      </input_file>
      <input_file id="fl-55">
         <path>.\src\core\ipv4\</path>
         <kind>object</kind>
         <file>ip.obj</file>
         <name>ip.obj</name>
      </input_file>
      <input_file id="fl-56">
         <path>.\src\core\ipv4\</path>
         <kind>object</kind>
         <file>ip_addr.obj</file>
         <name>ip_addr.obj</name>
      </input_file>
      <input_file id="fl-57">
         <path>.\src\core\ipv4\</path>
         <kind>object</kind>
         <file>ip_frag.obj</file>
         <name>ip_frag.obj</name>
      </input_file>
      <input_file id="fl-58">
         <path>.\usblib\device\</path>
         <kind>object</kind>
         <file>usbdaudio.obj</file>
         <name>usbdaudio.obj</name>
      </input_file>
      <input_file id="fl-59">
         <path>.\usblib\device\</path>
         <kind>object</kind>
         <file>usbdbulk.obj</file>
         <name>usbdbulk.obj</name>
      </input_file>
      <input_file id="fl-5a">
         <path>.\usblib\device\</path>
         <kind>object</kind>
         <file>usbdcdc.obj</file>
         <name>usbdcdc.obj</name>
      </input_file>
      <input_file id="fl-5b">
         <path>.\usblib\device\</path>
         <kind>object</kind>
         <file>usbdcdesc.obj</file>
         <name>usbdcdesc.obj</name>
      </input_file>
      <input_file id="fl-5c">
         <path>.\usblib\device\</path>
         <kind>object</kind>
         <file>usbdcomp.obj</file>
         <name>usbdcomp.obj</name>
      </input_file>
      <input_file id="fl-5d">
         <path>.\usblib\device\</path>
         <kind>object</kind>
         <file>usbdconfig.obj</file>
         <name>usbdconfig.obj</name>
      </input_file>
      <input_file id="fl-5e">
         <path>.\usblib\device\</path>
         <kind>object</kind>
         <file>usbddfu-rt.obj</file>
         <name>usbddfu-rt.obj</name>
      </input_file>
      <input_file id="fl-5f">
         <path>.\usblib\device\</path>
         <kind>object</kind>
         <file>usbdenum.obj</file>
         <name>usbdenum.obj</name>
      </input_file>
      <input_file id="fl-60">
         <path>.\usblib\device\</path>
         <kind>object</kind>
         <file>usbdhandler.obj</file>
         <name>usbdhandler.obj</name>
      </input_file>
      <input_file id="fl-61">
         <path>.\usblib\device\</path>
         <kind>object</kind>
         <file>usbdhid.obj</file>
         <name>usbdhid.obj</name>
      </input_file>
      <input_file id="fl-62">
         <path>.\usblib\device\</path>
         <kind>object</kind>
         <file>usbdhidgamepad.obj</file>
         <name>usbdhidgamepad.obj</name>
      </input_file>
      <input_file id="fl-63">
         <path>.\usblib\device\</path>
         <kind>object</kind>
         <file>usbdhidkeyb.obj</file>
         <name>usbdhidkeyb.obj</name>
      </input_file>
      <input_file id="fl-64">
         <path>.\usblib\device\</path>
         <kind>object</kind>
         <file>usbdhidmouse.obj</file>
         <name>usbdhidmouse.obj</name>
      </input_file>
      <input_file id="fl-65">
         <path>.\usblib\device\</path>
         <kind>object</kind>
         <file>usbdmsc.obj</file>
         <name>usbdmsc.obj</name>
      </input_file>
      <input_file id="fl-66">
         <path>.\usblib\host\</path>
         <kind>object</kind>
         <file>usbhaudio.obj</file>
         <name>usbhaudio.obj</name>
      </input_file>
      <input_file id="fl-67">
         <path>.\usblib\host\</path>
         <kind>object</kind>
         <file>usbhhid.obj</file>
         <name>usbhhid.obj</name>
      </input_file>
      <input_file id="fl-68">
         <path>.\usblib\host\</path>
         <kind>object</kind>
         <file>usbhhidkeyboard.obj</file>
         <name>usbhhidkeyboard.obj</name>
      </input_file>
      <input_file id="fl-69">
         <path>.\usblib\host\</path>
         <kind>object</kind>
         <file>usbhhidmouse.obj</file>
         <name>usbhhidmouse.obj</name>
      </input_file>
      <input_file id="fl-6a">
         <path>.\usblib\host\</path>
         <kind>object</kind>
         <file>usbhhub.obj</file>
         <name>usbhhub.obj</name>
      </input_file>
      <input_file id="fl-6b">
         <path>.\usblib\host\</path>
         <kind>object</kind>
         <file>usbhmsc.obj</file>
         <name>usbhmsc.obj</name>
      </input_file>
      <input_file id="fl-6c">
         <path>.\usblib\host\</path>
         <kind>object</kind>
         <file>usbhostenum.obj</file>
         <name>usbhostenum.obj</name>
      </input_file>
      <input_file id="fl-6d">
         <path>.\usblib\host\</path>
         <kind>object</kind>
         <file>usbhscsi.obj</file>
         <name>usbhscsi.obj</name>
      </input_file>
      <input_file id="fl-6e">
         <path>.\usblib\</path>
         <kind>object</kind>
         <file>usbbuffer.obj</file>
         <name>usbbuffer.obj</name>
      </input_file>
      <input_file id="fl-6f">
         <path>.\usblib\</path>
         <kind>object</kind>
         <file>usbdesc.obj</file>
         <name>usbdesc.obj</name>
      </input_file>
      <input_file id="fl-70">
         <path>.\usblib\</path>
         <kind>object</kind>
         <file>usbdma.obj</file>
         <name>usbdma.obj</name>
      </input_file>
      <input_file id="fl-71">
         <path>.\usblib\</path>
         <kind>object</kind>
         <file>usbkeyboardmap.obj</file>
         <name>usbkeyboardmap.obj</name>
      </input_file>
      <input_file id="fl-72">
         <path>.\usblib\</path>
         <kind>object</kind>
         <file>usbmode.obj</file>
         <name>usbmode.obj</name>
      </input_file>
      <input_file id="fl-73">
         <path>.\usblib\</path>
         <kind>object</kind>
         <file>usbringbuf.obj</file>
         <name>usbringbuf.obj</name>
      </input_file>
      <input_file id="fl-74">
         <path>.\usblib\</path>
         <kind>object</kind>
         <file>usbtick.obj</file>
         <name>usbtick.obj</name>
      </input_file>
      <input_file id="fl-75">
         <path>.\usblib\</path>
         <kind>object</kind>
         <file>usbulpi.obj</file>
         <name>usbulpi.obj</name>
      </input_file>
      <input_file id="fl-76">
         <path>.\utils\</path>
         <kind>object</kind>
         <file>cmdline.obj</file>
         <name>cmdline.obj</name>
      </input_file>
      <input_file id="fl-77">
         <path>.\utils\</path>
         <kind>object</kind>
         <file>cpu_usage.obj</file>
         <name>cpu_usage.obj</name>
      </input_file>
      <input_file id="fl-78">
         <path>.\utils\</path>
         <kind>object</kind>
         <file>eeprom_pb.obj</file>
         <name>eeprom_pb.obj</name>
      </input_file>
      <input_file id="fl-79">
         <path>.\utils\</path>
         <kind>object</kind>
         <file>flash_pb.obj</file>
         <name>flash_pb.obj</name>
      </input_file>
      <input_file id="fl-7a">
         <path>.\utils\</path>
         <kind>object</kind>
         <file>isqrt.obj</file>
         <name>isqrt.obj</name>
      </input_file>
      <input_file id="fl-7b">
         <path>.\utils\</path>
         <kind>object</kind>
         <file>lwiplib.obj</file>
         <name>lwiplib.obj</name>
      </input_file>
      <input_file id="fl-7c">
         <path>.\utils\</path>
         <kind>object</kind>
         <file>random.obj</file>
         <name>random.obj</name>
      </input_file>
      <input_file id="fl-7d">
         <path>.\utils\</path>
         <kind>object</kind>
         <file>ringbuf.obj</file>
         <name>ringbuf.obj</name>
      </input_file>
      <input_file id="fl-7e">
         <path>.\utils\</path>
         <kind>object</kind>
         <file>scheduler.obj</file>
         <name>scheduler.obj</name>
      </input_file>
      <input_file id="fl-7f">
         <path>.\utils\</path>
         <kind>object</kind>
         <file>sine.obj</file>
         <name>sine.obj</name>
      </input_file>
      <input_file id="fl-80">
         <path>.\utils\</path>
         <kind>object</kind>
         <file>smbus.obj</file>
         <name>smbus.obj</name>
      </input_file>
      <input_file id="fl-81">
         <path>.\utils\</path>
         <kind>object</kind>
         <file>softi2c.obj</file>
         <name>softi2c.obj</name>
      </input_file>
      <input_file id="fl-82">
         <path>.\utils\</path>
         <kind>object</kind>
         <file>softssi.obj</file>
         <name>softssi.obj</name>
      </input_file>
      <input_file id="fl-83">
         <path>.\utils\</path>
         <kind>object</kind>
         <file>softuart.obj</file>
         <name>softuart.obj</name>
      </input_file>
      <input_file id="fl-84">
         <path>.\utils\</path>
         <kind>object</kind>
         <file>spi_flash.obj</file>
         <name>spi_flash.obj</name>
      </input_file>
      <input_file id="fl-85">
         <path>.\utils\</path>
         <kind>object</kind>
         <file>uartstdio.obj</file>
         <name>uartstdio.obj</name>
      </input_file>
      <input_file id="fl-86">
         <path>.\utils\</path>
         <kind>object</kind>
         <file>ustdlib.obj</file>
         <name>ustdlib.obj</name>
      </input_file>
      <input_file id="fl-8e">
         <kind>object</kind>
         <file>&lt;internal&gt;</file>
         <name>&lt;internal&gt;</name>
      </input_file>
      <input_file id="fl-144">
         <path>C:\ti\ccs900\ccs\tools\compiler\ti-cgt-arm_18.12.1.LTS\lib\</path>
         <kind>archive</kind>
         <file>rtsv7M4_T_le_v4SPD16_eabi.lib</file>
         <name>pure_virt.c.obj</name>
      </input_file>
      <input_file id="fl-145">
         <path>C:\ti\ccs900\ccs\tools\compiler\ti-cgt-arm_18.12.1.LTS\lib\</path>
         <kind>archive</kind>
         <file>rtsv7M4_T_le_v4SPD16_eabi.lib</file>
         <name>typeinfo.c.obj</name>
      </input_file>
      <input_file id="fl-146">
         <path>C:\ti\ccs900\ccs\tools\compiler\ti-cgt-arm_18.12.1.LTS\lib\</path>
         <kind>archive</kind>
         <file>rtsv7M4_T_le_v4SPD16_eabi.lib</file>
         <name>new.cpp.obj</name>
      </input_file>
      <input_file id="fl-147">
         <path>C:\ti\ccs900\ccs\tools\compiler\ti-cgt-arm_18.12.1.LTS\lib\</path>
         <kind>archive</kind>
         <file>rtsv7M4_T_le_v4SPD16_eabi.lib</file>
         <name>stdlib_typeinfo.cpp.obj</name>
      </input_file>
      <input_file id="fl-148">
         <path>C:\ti\ccs900\ccs\tools\compiler\ti-cgt-arm_18.12.1.LTS\lib\</path>
         <kind>archive</kind>
         <file>rtsv7M4_T_le_v4SPD16_eabi.lib</file>
         <name>fd_mul_t2.asm.obj</name>
      </input_file>
      <input_file id="fl-149">
         <path>C:\ti\ccs900\ccs\tools\compiler\ti-cgt-arm_18.12.1.LTS\lib\</path>
         <kind>archive</kind>
         <file>rtsv7M4_T_le_v4SPD16_eabi.lib</file>
         <name>fd_toi_t2.asm.obj</name>
      </input_file>
      <input_file id="fl-14a">
         <path>C:\ti\ccs900\ccs\tools\compiler\ti-cgt-arm_18.12.1.LTS\lib\</path>
         <kind>archive</kind>
         <file>rtsv7M4_T_le_v4SPD16_eabi.lib</file>
         <name>i_tofd_t2.asm.obj</name>
      </input_file>
      <input_file id="fl-14b">
         <path>C:\ti\ccs900\ccs\tools\compiler\ti-cgt-arm_18.12.1.LTS\lib\</path>
         <kind>archive</kind>
         <file>rtsv7M4_T_le_v4SPD16_eabi.lib</file>
         <name>memcpy_t2.asm.obj</name>
      </input_file>
      <input_file id="fl-14c">
         <path>C:\ti\ccs900\ccs\tools\compiler\ti-cgt-arm_18.12.1.LTS\lib\</path>
         <kind>archive</kind>
         <file>rtsv7M4_T_le_v4SPD16_eabi.lib</file>
         <name>i_divt2.asm.obj</name>
      </input_file>
      <input_file id="fl-14d">
         <path>C:\ti\ccs900\ccs\tools\compiler\ti-cgt-arm_18.12.1.LTS\lib\</path>
         <kind>archive</kind>
         <file>rtsv7M4_T_le_v4SPD16_eabi.lib</file>
         <name>u_divt2.asm.obj</name>
      </input_file>
      <input_file id="fl-14e">
         <path>C:\ti\ccs900\ccs\tools\compiler\ti-cgt-arm_18.12.1.LTS\lib\</path>
         <kind>archive</kind>
         <file>rtsv7M4_T_le_v4SPD16_eabi.lib</file>
         <name>memset_t2.asm.obj</name>
      </input_file>
      <input_file id="fl-14f">
         <path>C:\ti\ccs900\ccs\tools\compiler\ti-cgt-arm_18.12.1.LTS\lib\</path>
         <kind>archive</kind>
         <file>rtsv7M4_T_le_v4SPD16_eabi.lib</file>
         <name>copy_zero_init.c.obj</name>
      </input_file>
      <input_file id="fl-150">
         <path>C:\ti\ccs900\ccs\tools\compiler\ti-cgt-arm_18.12.1.LTS\lib\</path>
         <kind>archive</kind>
         <file>rtsv7M4_T_le_v4SPD16_eabi.lib</file>
         <name>copy_decompress_none.c.obj</name>
      </input_file>
      <input_file id="fl-151">
         <path>C:\ti\ccs900\ccs\tools\compiler\ti-cgt-arm_18.12.1.LTS\lib\</path>
         <kind>archive</kind>
         <file>rtsv7M4_T_le_v4SPD16_eabi.lib</file>
         <name>copy_decompress_lzss.c.obj</name>
      </input_file>
      <input_file id="fl-152">
         <path>C:\ti\ccs900\ccs\tools\compiler\ti-cgt-arm_18.12.1.LTS\lib\</path>
         <kind>archive</kind>
         <file>rtsv7M4_T_le_v4SPD16_eabi.lib</file>
         <name>exit.c.obj</name>
      </input_file>
      <input_file id="fl-153">
         <path>C:\ti\ccs900\ccs\tools\compiler\ti-cgt-arm_18.12.1.LTS\lib\</path>
         <kind>archive</kind>
         <file>rtsv7M4_T_le_v4SPD16_eabi.lib</file>
         <name>_lock.c.obj</name>
      </input_file>
      <input_file id="fl-154">
         <path>C:\ti\ccs900\ccs\tools\compiler\ti-cgt-arm_18.12.1.LTS\lib\</path>
         <kind>archive</kind>
         <file>rtsv7M4_T_le_v4SPD16_eabi.lib</file>
         <name>memcmp.c.obj</name>
      </input_file>
      <input_file id="fl-155">
         <path>C:\ti\ccs900\ccs\tools\compiler\ti-cgt-arm_18.12.1.LTS\lib\</path>
         <kind>archive</kind>
         <file>rtsv7M4_T_le_v4SPD16_eabi.lib</file>
         <name>memory.c.obj</name>
      </input_file>
      <input_file id="fl-156">
         <path>C:\ti\ccs900\ccs\tools\compiler\ti-cgt-arm_18.12.1.LTS\lib\</path>
         <kind>archive</kind>
         <file>rtsv7M4_T_le_v4SPD16_eabi.lib</file>
         <name>strcmp.c.obj</name>
      </input_file>
      <input_file id="fl-157">
         <path>C:\ti\ccs900\ccs\tools\compiler\ti-cgt-arm_18.12.1.LTS\lib\</path>
         <kind>archive</kind>
         <file>rtsv7M4_T_le_v4SPD16_eabi.lib</file>
         <name>strlen.c.obj</name>
      </input_file>
      <input_file id="fl-158">
         <path>C:\ti\ccs900\ccs\tools\compiler\ti-cgt-arm_18.12.1.LTS\lib\</path>
         <kind>archive</kind>
         <file>rtsv7M4_T_le_v4SPD16_eabi.lib</file>
         <name>boot_cortex_m.c.obj</name>
      </input_file>
      <input_file id="fl-159">
         <path>C:\ti\ccs900\ccs\tools\compiler\ti-cgt-arm_18.12.1.LTS\lib\</path>
         <kind>archive</kind>
         <file>rtsv7M4_T_le_v4SPD16_eabi.lib</file>
         <name>error.c.obj</name>
      </input_file>
      <input_file id="fl-15a">
         <path>C:\ti\ccs900\ccs\tools\compiler\ti-cgt-arm_18.12.1.LTS\lib\</path>
         <kind>archive</kind>
         <file>rtsv7M4_T_le_v4SPD16_eabi.lib</file>
         <name>stdlib_exception.cpp.obj</name>
      </input_file>
      <input_file id="fl-15b">
         <path>C:\ti\ccs900\ccs\tools\compiler\ti-cgt-arm_18.12.1.LTS\lib\</path>
         <kind>archive</kind>
         <file>rtsv7M4_T_le_v4SPD16_eabi.lib</file>
         <name>div0.asm.obj</name>
      </input_file>
      <input_file id="fl-15c">
         <path>C:\ti\ccs900\ccs\tools\compiler\ti-cgt-arm_18.12.1.LTS\lib\</path>
         <kind>archive</kind>
         <file>rtsv7M4_T_le_v4SPD16_eabi.lib</file>
         <name>autoinit.c.obj</name>
      </input_file>
      <input_file id="fl-15d">
         <path>C:\ti\ccs900\ccs\tools\compiler\ti-cgt-arm_18.12.1.LTS\lib\</path>
         <kind>archive</kind>
         <file>rtsv7M4_T_le_v4SPD16_eabi.lib</file>
         <name>pre_init.c.obj</name>
      </input_file>
      <input_file id="fl-15e">
         <path>C:\ti\ccs900\ccs\tools\compiler\ti-cgt-arm_18.12.1.LTS\lib\</path>
         <kind>archive</kind>
         <file>rtsv7M4_T_le_v4SPD16_eabi.lib</file>
         <name>cpy_tbl.c.obj</name>
      </input_file>
      <input_file id="fl-15f">
         <path>C:\ti\ccs900\ccs\tools\compiler\ti-cgt-arm_18.12.1.LTS\lib\</path>
         <kind>archive</kind>
         <file>rtsv7M4_T_le_v4SPD16_eabi.lib</file>
         <name>args_main.c.obj</name>
      </input_file>
   </input_file_list>
   <object_component_list>
      <object_component id="oc-f">
         <name>.intvecs</name>
         <load_address>0x0</load_address>
         <run_address>0x0</run_address>
         <size>0x26c</size>
         <input_file_ref idref="fl-7"/>
      </object_component>
      <object_component id="oc-3fb">
         <name>.text</name>
         <load_address>0x26c</load_address>
         <run_address>0x26c</run_address>
         <size>0x1b14</size>
         <input_file_ref idref="fl-4c"/>
      </object_component>
      <object_component id="oc-1b7">
         <name>.text</name>
         <load_address>0x1d80</load_address>
         <run_address>0x1d80</run_address>
         <size>0x12e4</size>
         <input_file_ref idref="fl-4b"/>
      </object_component>
      <object_component id="oc-39e">
         <name>.text</name>
         <load_address>0x3064</load_address>
         <run_address>0x3064</run_address>
         <size>0x10b8</size>
         <input_file_ref idref="fl-4d"/>
      </object_component>
      <object_component id="oc-9e">
         <name>.text</name>
         <load_address>0x411c</load_address>
         <run_address>0x411c</run_address>
         <size>0xf80</size>
         <input_file_ref idref="fl-21"/>
      </object_component>
      <object_component id="oc-d7">
         <name>.text</name>
         <load_address>0x509c</load_address>
         <run_address>0x509c</run_address>
         <size>0xc8c</size>
         <input_file_ref idref="fl-41"/>
      </object_component>
      <object_component id="oc-35">
         <name>.text</name>
         <load_address>0x5d28</load_address>
         <run_address>0x5d28</run_address>
         <size>0xbc4</size>
         <input_file_ref idref="fl-2c"/>
      </object_component>
      <object_component id="oc-bc">
         <name>.text</name>
         <load_address>0x68ec</load_address>
         <run_address>0x68ec</run_address>
         <size>0xb94</size>
         <input_file_ref idref="fl-15"/>
      </object_component>
      <object_component id="oc-d1">
         <name>.text</name>
         <load_address>0x7480</load_address>
         <run_address>0x7480</run_address>
         <size>0xa88</size>
         <input_file_ref idref="fl-47"/>
      </object_component>
      <object_component id="oc-1c9">
         <name>.text</name>
         <load_address>0x7f08</load_address>
         <run_address>0x7f08</run_address>
         <size>0x680</size>
         <input_file_ref idref="fl-4f"/>
      </object_component>
      <object_component id="oc-1c3">
         <name>.text</name>
         <load_address>0x8588</load_address>
         <run_address>0x8588</run_address>
         <size>0x62e</size>
         <input_file_ref idref="fl-25"/>
      </object_component>
      <object_component id="oc-7a8">
         <name>.text:_ZNSt9type_infoD1Ev</name>
         <load_address>0x8bb6</load_address>
         <run_address>0x8bb6</run_address>
         <size>0x2</size>
         <input_file_ref idref="fl-147"/>
      </object_component>
      <object_component id="oc-206">
         <name>.text</name>
         <load_address>0x8bb8</load_address>
         <run_address>0x8bb8</run_address>
         <size>0x564</size>
         <input_file_ref idref="fl-44"/>
      </object_component>
      <object_component id="oc-1d2">
         <name>.text</name>
         <load_address>0x911c</load_address>
         <run_address>0x911c</run_address>
         <size>0x4b8</size>
         <input_file_ref idref="fl-55"/>
      </object_component>
      <object_component id="oc-1bd">
         <name>.text</name>
         <load_address>0x95d4</load_address>
         <run_address>0x95d4</run_address>
         <size>0x49c</size>
         <input_file_ref idref="fl-85"/>
      </object_component>
      <object_component id="oc-3df">
         <name>.text</name>
         <load_address>0x9a70</load_address>
         <run_address>0x9a70</run_address>
         <size>0x3c4</size>
         <input_file_ref idref="fl-54"/>
      </object_component>
      <object_component id="oc-22b">
         <name>.text</name>
         <load_address>0x9e34</load_address>
         <run_address>0x9e34</run_address>
         <size>0x3c4</size>
         <input_file_ref idref="fl-56"/>
      </object_component>
      <object_component id="oc-98">
         <name>.text</name>
         <load_address>0xa1f8</load_address>
         <run_address>0xa1f8</run_address>
         <size>0x3c0</size>
         <input_file_ref idref="fl-18"/>
      </object_component>
      <object_component id="oc-4a6">
         <name>.text:_ZN3ros11NodeHandle_I13TivaCHardwareLi25ELi25ELi512ELi512EE8spinOnceEv</name>
         <load_address>0xa5b8</load_address>
         <run_address>0xa5b8</run_address>
         <size>0x356</size>
         <input_file_ref idref="fl-4"/>
      </object_component>
      <object_component id="oc-5a8">
         <name>.text:_nop</name>
         <load_address>0xa90e</load_address>
         <run_address>0xa90e</run_address>
         <size>0x2</size>
         <input_file_ref idref="fl-153"/>
      </object_component>
      <object_component id="oc-1b1">
         <name>.text</name>
         <load_address>0xa910</load_address>
         <run_address>0xa910</run_address>
         <size>0x338</size>
         <input_file_ref idref="fl-46"/>
      </object_component>
      <object_component id="oc-1f0">
         <name>.text</name>
         <load_address>0xac48</load_address>
         <run_address>0xac48</run_address>
         <size>0x336</size>
         <input_file_ref idref="fl-1f"/>
      </object_component>
      <object_component id="oc-6c8">
         <name>.text</name>
         <load_address>0xaf7e</load_address>
         <run_address>0xaf7e</run_address>
         <size>0x30c</size>
         <input_file_ref idref="fl-7d"/>
      </object_component>
      <object_component id="oc-548">
         <name>.text</name>
         <load_address>0xb28a</load_address>
         <run_address>0xb28a</run_address>
         <size>0x2</size>
         <input_file_ref idref="fl-15b"/>
      </object_component>
      <object_component id="oc-a4">
         <name>.text</name>
         <load_address>0xb28c</load_address>
         <run_address>0xb28c</run_address>
         <size>0x2c4</size>
         <input_file_ref idref="fl-29"/>
      </object_component>
      <object_component id="oc-3e8">
         <name>.text</name>
         <load_address>0xb550</load_address>
         <run_address>0xb550</run_address>
         <size>0x2bc</size>
         <input_file_ref idref="fl-51"/>
      </object_component>
      <object_component id="oc-5d8">
         <name>.text:_ZN14rosserial_msgs20RequestParamResponse11deserializeEPh</name>
         <load_address>0xb80c</load_address>
         <run_address>0xb80c</run_address>
         <size>0x298</size>
         <input_file_ref idref="fl-4"/>
      </object_component>
      <object_component id="oc-38d">
         <name>.text</name>
         <load_address>0xbaa4</load_address>
         <run_address>0xbaa4</run_address>
         <size>0x280</size>
         <input_file_ref idref="fl-4e"/>
      </object_component>
      <object_component id="oc-3f5">
         <name>.text</name>
         <load_address>0xbd24</load_address>
         <run_address>0xbd24</run_address>
         <size>0x26c</size>
         <input_file_ref idref="fl-48"/>
      </object_component>
      <object_component id="oc-200">
         <name>.text</name>
         <load_address>0xbf90</load_address>
         <run_address>0xbf90</run_address>
         <size>0x210</size>
         <input_file_ref idref="fl-45"/>
      </object_component>
      <object_component id="oc-5d1">
         <name>.text:_ZNK14rosserial_msgs20RequestParamResponse9serializeEPh</name>
         <load_address>0xc1a0</load_address>
         <run_address>0xc1a0</run_address>
         <size>0x1f2</size>
         <input_file_ref idref="fl-4"/>
      </object_component>
      <object_component id="oc-624">
         <name>.text:_ZN3ros11NodeHandle_I13TivaCHardwareLi25ELi25ELi512ELi512EE15negotiateTopicsEv</name>
         <load_address>0xc392</load_address>
         <run_address>0xc392</run_address>
         <size>0x196</size>
         <input_file_ref idref="fl-4"/>
      </object_component>
      <object_component id="oc-7f0">
         <name>.text:_ZN14rosserial_msgs9TopicInfo11deserializeEPh</name>
         <load_address>0xc528</load_address>
         <run_address>0xc528</run_address>
         <size>0x190</size>
         <input_file_ref idref="fl-4"/>
      </object_component>
      <object_component id="oc-85">
         <name>.text</name>
         <load_address>0xc6b8</load_address>
         <run_address>0xc6b8</run_address>
         <size>0x140</size>
         <input_file_ref idref="fl-38"/>
      </object_component>
      <object_component id="oc-782">
         <name>.text</name>
         <load_address>0xc7f8</load_address>
         <run_address>0xc7f8</run_address>
         <size>0x140</size>
         <input_file_ref idref="fl-37"/>
      </object_component>
      <object_component id="oc-49f">
         <name>.text:_ZN3ros11NodeHandle_I13TivaCHardwareLi25ELi25ELi512ELi512EE7publishEiPKNS_3MsgE</name>
         <load_address>0xc938</load_address>
         <run_address>0xc938</run_address>
         <size>0x11c</size>
         <input_file_ref idref="fl-4"/>
      </object_component>
      <object_component id="oc-7e9">
         <name>.text:_ZNK14rosserial_msgs9TopicInfo9serializeEPh</name>
         <load_address>0xca54</load_address>
         <run_address>0xca54</run_address>
         <size>0x116</size>
         <input_file_ref idref="fl-4"/>
      </object_component>
      <object_component id="oc-387">
         <name>.text</name>
         <load_address>0xcb6a</load_address>
         <run_address>0xcb6a</run_address>
         <size>0x2</size>
         <input_file_ref idref="fl-49"/>
      </object_component>
      <object_component id="oc-c2">
         <name>.text</name>
         <load_address>0xcb6c</load_address>
         <run_address>0xcb6c</run_address>
         <size>0x108</size>
         <input_file_ref idref="fl-2f"/>
      </object_component>
      <object_component id="oc-811">
         <name>.text</name>
         <load_address>0xcc74</load_address>
         <run_address>0xcc74</run_address>
         <size>0x100</size>
         <input_file_ref idref="fl-36"/>
      </object_component>
      <object_component id="oc-878">
         <name>.text</name>
         <load_address>0xcd74</load_address>
         <run_address>0xcd74</run_address>
         <size>0xfc</size>
         <input_file_ref idref="fl-148"/>
      </object_component>
      <object_component id="oc-78b">
         <name>.text:aligned_alloc</name>
         <load_address>0xce70</load_address>
         <run_address>0xce70</run_address>
         <size>0xf4</size>
         <input_file_ref idref="fl-155"/>
      </object_component>
      <object_component id="oc-71a">
         <name>.text:free</name>
         <load_address>0xcf64</load_address>
         <run_address>0xcf64</run_address>
         <size>0xe8</size>
         <input_file_ref idref="fl-155"/>
      </object_component>
      <object_component id="oc-69d">
         <name>.text:realloc</name>
         <load_address>0xd04c</load_address>
         <run_address>0xd04c</run_address>
         <size>0xd8</size>
         <input_file_ref idref="fl-155"/>
      </object_component>
      <object_component id="oc-6f2">
         <name>.text:_ZN8std_msgs4Time11deserializeEPh</name>
         <load_address>0xd124</load_address>
         <run_address>0xd124</run_address>
         <size>0x9e</size>
         <input_file_ref idref="fl-4"/>
      </object_component>
      <object_component id="oc-4f">
         <name>.text</name>
         <load_address>0xd1c2</load_address>
         <run_address>0xd1c2</run_address>
         <size>0x9c</size>
         <input_file_ref idref="fl-14b"/>
      </object_component>
      <object_component id="oc-7cf">
         <name>.text:_ZNK8std_msgs4Time9serializeEPh</name>
         <load_address>0xd25e</load_address>
         <run_address>0xd25e</run_address>
         <size>0x9a</size>
         <input_file_ref idref="fl-4"/>
      </object_component>
      <object_component id="oc-2f">
         <name>.text</name>
         <load_address>0xd2f8</load_address>
         <run_address>0xd2f8</run_address>
         <size>0x98</size>
         <input_file_ref idref="fl-31"/>
      </object_component>
      <object_component id="oc-119">
         <name>.text</name>
         <load_address>0xd390</load_address>
         <run_address>0xd390</run_address>
         <size>0x90</size>
         <input_file_ref idref="fl-2"/>
      </object_component>
      <object_component id="oc-92">
         <name>.text</name>
         <load_address>0xd420</load_address>
         <run_address>0xd420</run_address>
         <size>0x88</size>
         <input_file_ref idref="fl-23"/>
      </object_component>
      <object_component id="oc-83f">
         <name>.text:_ZN14rosserial_msgs3Log11deserializeEPh</name>
         <load_address>0xd4a8</load_address>
         <run_address>0xd4a8</run_address>
         <size>0x7e</size>
         <input_file_ref idref="fl-4"/>
      </object_component>
      <object_component id="oc-726">
         <name>.text:split</name>
         <load_address>0xd528</load_address>
         <run_address>0xd528</run_address>
         <size>0x7c</size>
         <input_file_ref idref="fl-155"/>
      </object_component>
      <object_component id="oc-cc">
         <name>.text</name>
         <load_address>0xd5a4</load_address>
         <run_address>0xd5a4</run_address>
         <size>0x7a</size>
         <input_file_ref idref="fl-14e"/>
      </object_component>
      <object_component id="oc-3b">
         <name>.text</name>
         <load_address>0xd620</load_address>
         <run_address>0xd620</run_address>
         <size>0x78</size>
         <input_file_ref idref="fl-2a"/>
      </object_component>
      <object_component id="oc-62b">
         <name>.text:_ZN3ros11NodeHandle_I13TivaCHardwareLi25ELi25ELi512ELi512EE8syncTimeEPh</name>
         <load_address>0xd698</load_address>
         <run_address>0xd698</run_address>
         <size>0x70</size>
         <input_file_ref idref="fl-4"/>
      </object_component>
      <object_component id="oc-505">
         <name>.text:_ZN8std_msgs6String11deserializeEPh</name>
         <load_address>0xd708</load_address>
         <run_address>0xd708</run_address>
         <size>0x6e</size>
         <input_file_ref idref="fl-4"/>
      </object_component>
      <object_component id="oc-1ab">
         <name>.text</name>
         <load_address>0xd776</load_address>
         <run_address>0xd776</run_address>
         <size>0x6c</size>
         <input_file_ref idref="fl-3e"/>
      </object_component>
      <object_component id="oc-6f9">
         <name>.text:_ZN3ros11NodeHandle_I13TivaCHardwareLi25ELi25ELi512ELi512EE6setNowERKNS_4TimeE</name>
         <load_address>0xd7e4</load_address>
         <run_address>0xd7e4</run_address>
         <size>0x68</size>
         <input_file_ref idref="fl-4"/>
      </object_component>
      <object_component id="oc-12">
         <name>.text:decompress:lzss:__TI_decompress_lzss</name>
         <load_address>0xd84c</load_address>
         <run_address>0xd84c</run_address>
         <size>0x68</size>
         <input_file_ref idref="fl-151"/>
      </object_component>
      <object_component id="oc-2a8">
         <name>.text:__TI_auto_init_nobinit:__TI_auto_init_nobinit</name>
         <load_address>0xd8b4</load_address>
         <run_address>0xd8b4</run_address>
         <size>0x60</size>
         <input_file_ref idref="fl-15c"/>
      </object_component>
      <object_component id="oc-805">
         <name>.text</name>
         <load_address>0xd914</load_address>
         <run_address>0xd914</run_address>
         <size>0x5e</size>
         <input_file_ref idref="fl-14c"/>
      </object_component>
      <object_component id="oc-838">
         <name>.text:_ZNK14rosserial_msgs3Log9serializeEPh</name>
         <load_address>0xd972</load_address>
         <run_address>0xd972</run_address>
         <size>0x5c</size>
         <input_file_ref idref="fl-4"/>
      </object_component>
      <object_component id="oc-2e2">
         <name>.text:_ZN14rosserial_msgs20RequestParamResponseC1Ev</name>
         <load_address>0xd9d0</load_address>
         <run_address>0xd9d0</run_address>
         <size>0x54</size>
         <input_file_ref idref="fl-4"/>
      </object_component>
      <object_component id="oc-14a">
         <name>.text:_ZN14HardwareSerialC1EP11ring_bufferS1_htthh</name>
         <load_address>0xda24</load_address>
         <run_address>0xda24</run_address>
         <size>0x50</size>
         <input_file_ref idref="fl-38"/>
      </object_component>
      <object_component id="oc-4fe">
         <name>.text:_ZNK8std_msgs6String9serializeEPh</name>
         <load_address>0xda74</load_address>
         <run_address>0xda74</run_address>
         <size>0x48</size>
         <input_file_ref idref="fl-4"/>
      </object_component>
      <object_component id="oc-87d">
         <name>.text</name>
         <load_address>0xdabc</load_address>
         <run_address>0xdabc</run_address>
         <size>0x48</size>
         <input_file_ref idref="fl-149"/>
      </object_component>
      <object_component id="oc-5fc">
         <name>.text:_ZN13TivaCHardware5writeEPhi</name>
         <load_address>0xdb04</load_address>
         <run_address>0xdb04</run_address>
         <size>0x40</size>
         <input_file_ref idref="fl-4"/>
      </object_component>
      <object_component id="oc-3c5">
         <name>.text</name>
         <load_address>0xdb44</load_address>
         <run_address>0xdb44</run_address>
         <size>0x40</size>
         <input_file_ref idref="fl-14d"/>
      </object_component>
      <object_component id="oc-175">
         <name>.text</name>
         <load_address>0xdb84</load_address>
         <run_address>0xdb84</run_address>
         <size>0x3e</size>
         <input_file_ref idref="fl-c"/>
      </object_component>
      <object_component id="oc-6e4">
         <name>.text:_ZN14rosserial_msgs9TopicInfoC1Ev</name>
         <load_address>0xdbc4</load_address>
         <run_address>0xdbc4</run_address>
         <size>0x3c</size>
         <input_file_ref idref="fl-4"/>
      </object_component>
      <object_component id="oc-648">
         <name>.text:_ZN3ros3Msg8arrToVarIjPhEEvRT_T0_</name>
         <load_address>0xdc00</load_address>
         <run_address>0xdc00</run_address>
         <size>0x3c</size>
         <input_file_ref idref="fl-4"/>
      </object_component>
      <object_component id="oc-6d2">
         <name>.text:_ZN3ros11NodeHandle_I13TivaCHardwareLi25ELi25ELi512ELi512EE3logEcPKc</name>
         <load_address>0xdc3c</load_address>
         <run_address>0xdc3c</run_address>
         <size>0x34</size>
         <input_file_ref idref="fl-4"/>
      </object_component>
      <object_component id="oc-6d">
         <name>.text:_c_int00_noargs:_c_int00_noargs</name>
         <load_address>0xdc70</load_address>
         <run_address>0xdc70</run_address>
         <size>0x34</size>
         <input_file_ref idref="fl-158"/>
      </object_component>
      <object_component id="oc-7f">
         <name>.text</name>
         <load_address>0xdca4</load_address>
         <run_address>0xdca4</run_address>
         <size>0x34</size>
         <input_file_ref idref="fl-4"/>
      </object_component>
      <object_component id="oc-61d">
         <name>.text:_ZN3ros11NodeHandle_I13TivaCHardwareLi25ELi25ELi512ELi512EE15requestSyncTimeEv</name>
         <load_address>0xdcd8</load_address>
         <run_address>0xdcd8</run_address>
         <size>0x30</size>
         <input_file_ref idref="fl-4"/>
      </object_component>
      <object_component id="oc-641">
         <name>.text:_ZN3ros3Msg8varToArrIPhjEEvT_T0_</name>
         <load_address>0xdd08</load_address>
         <run_address>0xdd08</run_address>
         <size>0x30</size>
         <input_file_ref idref="fl-4"/>
      </object_component>
      <object_component id="oc-873">
         <name>.text</name>
         <load_address>0xdd38</load_address>
         <run_address>0xdd38</run_address>
         <size>0x2e</size>
         <input_file_ref idref="fl-14a"/>
      </object_component>
      <object_component id="oc-12b">
         <name>.text:_ZN3ros11NodeHandle_I13TivaCHardwareLi25ELi25ELi512ELi512EEC1Ev</name>
         <load_address>0xdd68</load_address>
         <run_address>0xdd68</run_address>
         <size>0x2c</size>
         <input_file_ref idref="fl-4"/>
      </object_component>
      <object_component id="oc-763">
         <name>.text:_ZN14rosserial_msgs3LogC1Ev</name>
         <load_address>0xdd94</load_address>
         <run_address>0xdd94</run_address>
         <size>0x28</size>
         <input_file_ref idref="fl-4"/>
      </object_component>
      <object_component id="oc-792">
         <name>.text:free_list_insert</name>
         <load_address>0xddbc</load_address>
         <run_address>0xddbc</run_address>
         <size>0x28</size>
         <input_file_ref idref="fl-155"/>
      </object_component>
      <object_component id="oc-aa">
         <name>.text</name>
         <load_address>0xdde4</load_address>
         <run_address>0xdde4</run_address>
         <size>0x28</size>
         <input_file_ref idref="fl-2d"/>
      </object_component>
      <object_component id="oc-1fa">
         <name>.text</name>
         <load_address>0xde0c</load_address>
         <run_address>0xde0c</run_address>
         <size>0x28</size>
         <input_file_ref idref="fl-30"/>
      </object_component>
      <object_component id="oc-139">
         <name>.text:_ZN3ros9PublisherC1EPKcPNS_3MsgEi</name>
         <load_address>0xde34</load_address>
         <run_address>0xde34</run_address>
         <size>0x24</size>
         <input_file_ref idref="fl-4"/>
      </object_component>
      <object_component id="oc-132">
         <name>.text:_ZN8std_msgs6StringC1Ev</name>
         <load_address>0xde58</load_address>
         <run_address>0xde58</run_address>
         <size>0x24</size>
         <input_file_ref idref="fl-4"/>
      </object_component>
      <object_component id="oc-23a">
         <name>.text:memcmp</name>
         <load_address>0xde7c</load_address>
         <run_address>0xde7c</run_address>
         <size>0x24</size>
         <input_file_ref idref="fl-154"/>
      </object_component>
      <object_component id="oc-616">
         <name>.text:_ZN13TivaCHardware4readEv</name>
         <load_address>0xdea0</load_address>
         <run_address>0xdea0</run_address>
         <size>0x20</size>
         <input_file_ref idref="fl-4"/>
      </object_component>
      <object_component id="oc-51a">
         <name>.text:_ZN6StreamC1Ev</name>
         <load_address>0xdec0</load_address>
         <run_address>0xdec0</run_address>
         <size>0x20</size>
         <input_file_ref idref="fl-38"/>
      </object_component>
      <object_component id="oc-6dd">
         <name>.text:_ZN8std_msgs4TimeC1Ev</name>
         <load_address>0xdee0</load_address>
         <run_address>0xdee0</run_address>
         <size>0x20</size>
         <input_file_ref idref="fl-4"/>
      </object_component>
      <object_component id="oc-1a5">
         <name>.text</name>
         <load_address>0xdf00</load_address>
         <run_address>0xdf00</run_address>
         <size>0x20</size>
         <input_file_ref idref="fl-43"/>
      </object_component>
      <object_component id="oc-720">
         <name>.text:free_list_remove</name>
         <load_address>0xdf20</load_address>
         <run_address>0xdf20</run_address>
         <size>0x1c</size>
         <input_file_ref idref="fl-155"/>
      </object_component>
      <object_component id="oc-4ad">
         <name>.text:_ZN3ros11NodeHandle_I13TivaCHardwareLi25ELi25ELi512ELi512EE9connectedEv</name>
         <load_address>0xdf3c</load_address>
         <run_address>0xdf3c</run_address>
         <size>0x18</size>
         <input_file_ref idref="fl-4"/>
      </object_component>
      <object_component id="oc-484">
         <name>.text:_ZN3ros15NodeHandleBase_C1Ev</name>
         <load_address>0xdf54</load_address>
         <run_address>0xdf54</run_address>
         <size>0x18</size>
         <input_file_ref idref="fl-4"/>
      </object_component>
      <object_component id="oc-4f2">
         <name>.text:_ZN3ros3MsgC1Ev</name>
         <load_address>0xdf6c</load_address>
         <run_address>0xdf6c</run_address>
         <size>0x18</size>
         <input_file_ref idref="fl-4"/>
      </object_component>
      <object_component id="oc-76c">
         <name>.text:_ZN3ros4TimeC1Ev</name>
         <load_address>0xdf84</load_address>
         <run_address>0xdf84</run_address>
         <size>0x18</size>
         <input_file_ref idref="fl-4"/>
      </object_component>
      <object_component id="oc-80a">
         <name>.text:_ZN3ros8DurationC1Ev</name>
         <load_address>0xdf9c</load_address>
         <run_address>0xdf9c</run_address>
         <size>0x18</size>
         <input_file_ref idref="fl-37"/>
      </object_component>
      <object_component id="oc-60f">
         <name>.text:_ZN13TivaCHardware4timeEv</name>
         <load_address>0xdfb4</load_address>
         <run_address>0xdfb4</run_address>
         <size>0x14</size>
         <input_file_ref idref="fl-4"/>
      </object_component>
      <object_component id="oc-212">
         <name>.text:strlen</name>
         <load_address>0xdfc8</load_address>
         <run_address>0xdfc8</run_address>
         <size>0x14</size>
         <input_file_ref idref="fl-157"/>
      </object_component>
      <object_component id="oc-603">
         <name>.text:_ZN3ros11NodeHandle_I13TivaCHardwareLi25ELi25ELi512ELi512EE8logerrorEPKc</name>
         <load_address>0xdfdc</load_address>
         <run_address>0xdfdc</run_address>
         <size>0x12</size>
         <input_file_ref idref="fl-4"/>
      </object_component>
      <object_component id="oc-5e6">
         <name>.text:_ZN14rosserial_msgs20RequestParamResponse6getMD5Ev</name>
         <load_address>0xdff0</load_address>
         <run_address>0xdff0</run_address>
         <size>0x10</size>
         <input_file_ref idref="fl-4"/>
      </object_component>
      <object_component id="oc-5df">
         <name>.text:_ZN14rosserial_msgs20RequestParamResponse7getTypeEv</name>
         <load_address>0xe000</load_address>
         <run_address>0xe000</run_address>
         <size>0x10</size>
         <input_file_ref idref="fl-4"/>
      </object_component>
      <object_component id="oc-84d">
         <name>.text:_ZN14rosserial_msgs3Log6getMD5Ev</name>
         <load_address>0xe010</load_address>
         <run_address>0xe010</run_address>
         <size>0x10</size>
         <input_file_ref idref="fl-4"/>
      </object_component>
      <object_component id="oc-846">
         <name>.text:_ZN14rosserial_msgs3Log7getTypeEv</name>
         <load_address>0xe020</load_address>
         <run_address>0xe020</run_address>
         <size>0x10</size>
         <input_file_ref idref="fl-4"/>
      </object_component>
      <object_component id="oc-7fe">
         <name>.text:_ZN14rosserial_msgs9TopicInfo6getMD5Ev</name>
         <load_address>0xe030</load_address>
         <run_address>0xe030</run_address>
         <size>0x10</size>
         <input_file_ref idref="fl-4"/>
      </object_component>
      <object_component id="oc-7f7">
         <name>.text:_ZN14rosserial_msgs9TopicInfo7getTypeEv</name>
         <load_address>0xe040</load_address>
         <run_address>0xe040</run_address>
         <size>0x10</size>
         <input_file_ref idref="fl-4"/>
      </object_component>
      <object_component id="oc-7dd">
         <name>.text:_ZN8std_msgs4Time6getMD5Ev</name>
         <load_address>0xe050</load_address>
         <run_address>0xe050</run_address>
         <size>0x10</size>
         <input_file_ref idref="fl-4"/>
      </object_component>
      <object_component id="oc-7d6">
         <name>.text:_ZN8std_msgs4Time7getTypeEv</name>
         <load_address>0xe060</load_address>
         <run_address>0xe060</run_address>
         <size>0x10</size>
         <input_file_ref idref="fl-4"/>
      </object_component>
      <object_component id="oc-513">
         <name>.text:_ZN8std_msgs6String6getMD5Ev</name>
         <load_address>0xe070</load_address>
         <run_address>0xe070</run_address>
         <size>0x10</size>
         <input_file_ref idref="fl-4"/>
      </object_component>
      <object_component id="oc-50c">
         <name>.text:_ZN8std_msgs6String7getTypeEv</name>
         <load_address>0xe080</load_address>
         <run_address>0xe080</run_address>
         <size>0x10</size>
         <input_file_ref idref="fl-4"/>
      </object_component>
      <object_component id="oc-759">
         <name>.text:_ZN10__cxxabiv117__class_type_infoD0Ev</name>
         <load_address>0xe090</load_address>
         <run_address>0xe090</run_address>
         <size>0xe</size>
         <input_file_ref idref="fl-145"/>
      </object_component>
      <object_component id="oc-6b6">
         <name>.text:_ZN10__cxxabiv120__si_class_type_infoD0Ev</name>
         <load_address>0xe09e</load_address>
         <run_address>0xe09e</run_address>
         <size>0xe</size>
         <input_file_ref idref="fl-145"/>
      </object_component>
      <object_component id="oc-6eb">
         <name>.text:_ZN3ros9Publisher15getEndpointTypeEv</name>
         <load_address>0xe0ac</load_address>
         <run_address>0xe0ac</run_address>
         <size>0xe</size>
         <input_file_ref idref="fl-4"/>
      </object_component>
      <object_component id="oc-18">
         <name>.text:decompress:none:__TI_decompress_none</name>
         <load_address>0xe0ba</load_address>
         <run_address>0xe0ba</run_address>
         <size>0xe</size>
         <input_file_ref idref="fl-150"/>
      </object_component>
      <object_component id="oc-2db">
         <name>.text:_ZN13TivaCHardwareC1Ev</name>
         <load_address>0xe0c8</load_address>
         <run_address>0xe0c8</run_address>
         <size>0xc</size>
         <input_file_ref idref="fl-4"/>
      </object_component>
      <object_component id="oc-2d4">
         <name>.text:_ZN3ros15NodeHandleBase_C2Ev</name>
         <load_address>0xe0d4</load_address>
         <run_address>0xe0d4</run_address>
         <size>0xc</size>
         <input_file_ref idref="fl-4"/>
      </object_component>
      <object_component id="oc-2f5">
         <name>.text:_ZN3ros3MsgC2Ev</name>
         <load_address>0xe0e0</load_address>
         <run_address>0xe0e0</run_address>
         <size>0xc</size>
         <input_file_ref idref="fl-4"/>
      </object_component>
      <object_component id="oc-31b">
         <name>.text:_ZN6StreamC2Ev</name>
         <load_address>0xe0ec</load_address>
         <run_address>0xe0ec</run_address>
         <size>0xc</size>
         <input_file_ref idref="fl-38"/>
      </object_component>
      <object_component id="oc-61">
         <name>.text:decompress:ZI:__TI_zero_init</name>
         <load_address>0xe0f8</load_address>
         <run_address>0xe0f8</run_address>
         <size>0xc</size>
         <input_file_ref idref="fl-14f"/>
      </object_component>
      <object_component id="oc-29">
         <name>.text</name>
         <load_address>0xe104</load_address>
         <run_address>0xe104</run_address>
         <size>0xc</size>
         <input_file_ref idref="fl-7"/>
      </object_component>
      <object_component id="oc-7af">
         <name>.text:_ZdlPv</name>
         <load_address>0xe110</load_address>
         <run_address>0xe110</run_address>
         <size>0x8</size>
         <input_file_ref idref="fl-146"/>
      </object_component>
      <object_component id="oc-714">
         <name>.text:malloc</name>
         <load_address>0xe118</load_address>
         <run_address>0xe118</run_address>
         <size>0x8</size>
         <input_file_ref idref="fl-155"/>
      </object_component>
      <object_component id="oc-c8">
         <name>.text:SysCtlDelay</name>
         <load_address>0xe120</load_address>
         <run_address>0xe120</run_address>
         <size>0x6</size>
         <input_file_ref idref="fl-21"/>
      </object_component>
      <object_component id="oc-692">
         <name>.text:__cxa_pure_virtual</name>
         <load_address>0xe126</load_address>
         <run_address>0xe126</run_address>
         <size>0x6</size>
         <input_file_ref idref="fl-144"/>
      </object_component>
      <object_component id="oc-739">
         <name>.text:_ZN10__cxxabiv117__class_type_infoD1Ev</name>
         <load_address>0xe12c</load_address>
         <run_address>0xe12c</run_address>
         <size>0x4</size>
         <input_file_ref idref="fl-145"/>
      </object_component>
      <object_component id="oc-6b0">
         <name>.text:_ZN10__cxxabiv120__si_class_type_infoD1Ev</name>
         <load_address>0xe130</load_address>
         <run_address>0xe130</run_address>
         <size>0x4</size>
         <input_file_ref idref="fl-145"/>
      </object_component>
      <object_component id="oc-745">
         <name>.text:_ZdlPvj</name>
         <load_address>0xe134</load_address>
         <run_address>0xe134</run_address>
         <size>0x4</size>
         <input_file_ref idref="fl-146"/>
      </object_component>
      <object_component id="oc-70d">
         <name>.text:__abort_execution</name>
         <load_address>0xe138</load_address>
         <run_address>0xe138</run_address>
         <size>0x4</size>
         <input_file_ref idref="fl-159"/>
      </object_component>
      <object_component id="oc-113">
         <name>.text:_system_pre_init</name>
         <load_address>0xe13c</load_address>
         <run_address>0xe13c</run_address>
         <size>0x4</size>
         <input_file_ref idref="fl-15d"/>
      </object_component>
      <object_component id="oc-296">
         <name>.text:abort:abort</name>
         <load_address>0xe140</load_address>
         <run_address>0xe140</run_address>
         <size>0x4</size>
         <input_file_ref idref="fl-152"/>
      </object_component>
      <object_component id="oc-19b">
         <name>.const:g_pppui32XTALtoVCO</name>
         <load_address>0xe144</load_address>
         <run_address>0xe144</run_address>
         <size>0x1b0</size>
         <input_file_ref idref="fl-21"/>
      </object_component>
      <object_component id="oc-1e8">
         <name>.const:g_ppui32GPIOIntMapSnowflake</name>
         <load_address>0xe2f4</load_address>
         <run_address>0xe2f4</run_address>
         <size>0xd8</size>
         <input_file_ref idref="fl-15"/>
      </object_component>
      <object_component id="oc-1e5">
         <name>.const:g_ppui32GPIOIntMapBlizzard</name>
         <load_address>0xe3cc</load_address>
         <run_address>0xe3cc</run_address>
         <size>0xc0</size>
         <input_file_ref idref="fl-15"/>
      </object_component>
      <object_component id="oc-181">
         <name>.const:g_pui32Regs</name>
         <load_address>0xe48c</load_address>
         <run_address>0xe48c</run_address>
         <size>0x9c</size>
         <input_file_ref idref="fl-18"/>
      </object_component>
      <object_component id="oc-1eb">
         <name>.const:g_pui32GPIOBaseAddrs</name>
         <load_address>0xe528</load_address>
         <run_address>0xe528</run_address>
         <size>0x90</size>
         <input_file_ref idref="fl-15"/>
      </object_component>
      <object_component id="oc-53f">
         <name>.const:.string</name>
         <load_address>0xe5b8</load_address>
         <run_address>0xe5b8</run_address>
         <size>0x76</size>
         <input_file_ref idref="fl-4b"/>
      </object_component>
      <object_component id="oc-7c5">
         <name>.const:.string:_ZZN14rosserial_msgs3LogC1EvEs</name>
         <load_address>0xe62e</load_address>
         <run_address>0xe62e</run_address>
         <size>0x1</size>
         <input_file_ref idref="fl-4"/>
      </object_component>
      <object_component id="oc-77d">
         <name>.const:.string:_ZZN14rosserial_msgs9TopicInfoC1EvEs</name>
         <load_address>0xe62f</load_address>
         <run_address>0xe62f</run_address>
         <size>0x1</size>
         <input_file_ref idref="fl-4"/>
      </object_component>
      <object_component id="oc-195">
         <name>.const:g_pui32Xtals</name>
         <load_address>0xe630</load_address>
         <run_address>0xe630</run_address>
         <size>0x6c</size>
         <input_file_ref idref="fl-21"/>
      </object_component>
      <object_component id="oc-3d4">
         <name>.const:g_ppui32UARTIntMap</name>
         <load_address>0xe69c</load_address>
         <run_address>0xe69c</run_address>
         <size>0x40</size>
         <input_file_ref idref="fl-25"/>
      </object_component>
      <object_component id="oc-3d7">
         <name>.const:g_ppui32UARTIntMapSnowflake</name>
         <load_address>0xe6dc</load_address>
         <run_address>0xe6dc</run_address>
         <size>0x40</size>
         <input_file_ref idref="fl-25"/>
      </object_component>
      <object_component id="oc-5f2">
         <name>.const:.typeinfo:_ZTSN3ros11NodeHandle_I13TivaCHardwareLi25ELi25ELi512ELi512EEE</name>
         <load_address>0xe71c</load_address>
         <run_address>0xe71c</run_address>
         <size>0x3b</size>
         <input_file_ref idref="fl-4"/>
      </object_component>
      <object_component id="oc-60a">
         <name>.const:.string:_ZZN3ros11NodeHandle_I13TivaCHardwareLi25ELi25ELi512ELi512EE7publishEiPKNS_3MsgEEs</name>
         <load_address>0xe757</load_address>
         <run_address>0xe757</run_address>
         <size>0x39</size>
         <input_file_ref idref="fl-4"/>
      </object_component>
      <object_component id="oc-192">
         <name>.const:g_sXTALtoMEMTIM</name>
         <load_address>0xe790</load_address>
         <run_address>0xe790</run_address>
         <size>0x30</size>
         <input_file_ref idref="fl-21"/>
      </object_component>
      <object_component id="oc-3b8">
         <name>.const:tcp_state_str</name>
         <load_address>0xe7c0</load_address>
         <run_address>0xe7c0</run_address>
         <size>0x2c</size>
         <input_file_ref idref="fl-4b"/>
      </object_component>
      <object_component id="oc-698">
         <name>.const:.typeinfo:_ZTSN14rosserial_msgs20RequestParamResponseE</name>
         <load_address>0xe7ec</load_address>
         <run_address>0xe7ec</run_address>
         <size>0x29</size>
         <input_file_ref idref="fl-4"/>
      </object_component>
      <object_component id="oc-72f">
         <name>.const:.typeinfo:_ZTSN10__cxxabiv120__si_class_type_infoE</name>
         <load_address>0xe815</load_address>
         <run_address>0xe815</run_address>
         <size>0x25</size>
         <input_file_ref idref="fl-145"/>
      </object_component>
      <object_component id="oc-79e">
         <name>.const:.typeinfo:_ZTSN10__cxxabiv117__class_type_infoE</name>
         <load_address>0xe83a</load_address>
         <run_address>0xe83a</run_address>
         <size>0x22</size>
         <input_file_ref idref="fl-145"/>
      </object_component>
      <object_component id="oc-6a6">
         <name>.const:.string:_ZZN14rosserial_msgs20RequestParamResponse6getMD5EvEs</name>
         <load_address>0xe85c</load_address>
         <run_address>0xe85c</run_address>
         <size>0x21</size>
         <input_file_ref idref="fl-4"/>
      </object_component>
      <object_component id="oc-89d">
         <name>.const:.string:_ZZN14rosserial_msgs3Log6getMD5EvEs</name>
         <load_address>0xe87d</load_address>
         <run_address>0xe87d</run_address>
         <size>0x21</size>
         <input_file_ref idref="fl-4"/>
      </object_component>
      <object_component id="oc-86d">
         <name>.const:.string:_ZZN14rosserial_msgs9TopicInfo6getMD5EvEs</name>
         <load_address>0xe89e</load_address>
         <run_address>0xe89e</run_address>
         <size>0x21</size>
         <input_file_ref idref="fl-4"/>
      </object_component>
      <object_component id="oc-85e">
         <name>.const:.string:_ZZN8std_msgs4Time6getMD5EvEs</name>
         <load_address>0xe8bf</load_address>
         <run_address>0xe8bf</run_address>
         <size>0x21</size>
         <input_file_ref idref="fl-4"/>
      </object_component>
      <object_component id="oc-654">
         <name>.const:.string:_ZZN8std_msgs6String6getMD5EvEs</name>
         <load_address>0xe8e0</load_address>
         <run_address>0xe8e0</run_address>
         <size>0x21</size>
         <input_file_ref idref="fl-4"/>
      </object_component>
      <object_component id="oc-301">
         <name>.const:.string:_ZZN8std_msgs6StringC1EvEs</name>
         <load_address>0xe901</load_address>
         <run_address>0xe901</run_address>
         <size>0x1</size>
         <input_file_ref idref="fl-4"/>
      </object_component>
      <object_component id="oc-416">
         <name>.const:g_ppui32SSIIntMap</name>
         <load_address>0xe904</load_address>
         <run_address>0xe904</run_address>
         <size>0x20</size>
         <input_file_ref idref="fl-1f"/>
      </object_component>
      <object_component id="oc-419">
         <name>.const:g_ppui32SSIIntMapSnowflake</name>
         <load_address>0xe924</load_address>
         <run_address>0xe924</run_address>
         <size>0x20</size>
         <input_file_ref idref="fl-1f"/>
      </object_component>
      <object_component id="oc-17e">
         <name>.const:g_pui32Priority</name>
         <load_address>0xe944</load_address>
         <run_address>0xe944</run_address>
         <size>0x20</size>
         <input_file_ref idref="fl-18"/>
      </object_component>
      <object_component id="oc-863">
         <name>.const:.typeinfo:_ZTSN14rosserial_msgs9TopicInfoE</name>
         <load_address>0xe964</load_address>
         <run_address>0xe964</run_address>
         <size>0x1d</size>
         <input_file_ref idref="fl-4"/>
      </object_component>
      <object_component id="oc-6a3">
         <name>.const:.string:_ZN29_INTERNAL_8_main_cpp_1d918b7214rosserial_msgs12REQUESTPARAME</name>
         <load_address>0xe981</load_address>
         <run_address>0xe981</run_address>
         <size>0x1c</size>
         <input_file_ref idref="fl-4"/>
      </object_component>
      <object_component id="oc-322">
         <name>.const:_ZTV14HardwareSerial</name>
         <load_address>0xe9a0</load_address>
         <run_address>0xe9a0</run_address>
         <size>0x1c</size>
         <input_file_ref idref="fl-38"/>
      </object_component>
      <object_component id="oc-868">
         <name>.const:.string:_ZZN14rosserial_msgs9TopicInfo7getTypeEvEs</name>
         <load_address>0xe9bc</load_address>
         <run_address>0xe9bc</run_address>
         <size>0x19</size>
         <input_file_ref idref="fl-4"/>
      </object_component>
      <object_component id="oc-6c3">
         <name>.const:.typeinfo:_ZTSN3ros15NodeHandleBase_E</name>
         <load_address>0xe9d5</load_address>
         <run_address>0xe9d5</run_address>
         <size>0x18</size>
         <input_file_ref idref="fl-4"/>
      </object_component>
      <object_component id="oc-659">
         <name>.const:_ZTV6Stream</name>
         <load_address>0xe9f0</load_address>
         <run_address>0xe9f0</run_address>
         <size>0x18</size>
         <input_file_ref idref="fl-38"/>
      </object_component>
      <object_component id="oc-490">
         <name>.const:_ZTVN14rosserial_msgs20RequestParamResponseE</name>
         <load_address>0xea08</load_address>
         <run_address>0xea08</run_address>
         <size>0x18</size>
         <input_file_ref idref="fl-4"/>
      </object_component>
      <object_component id="oc-7c0">
         <name>.const:_ZTVN14rosserial_msgs3LogE</name>
         <load_address>0xea20</load_address>
         <run_address>0xea20</run_address>
         <size>0x18</size>
         <input_file_ref idref="fl-4"/>
      </object_component>
      <object_component id="oc-778">
         <name>.const:_ZTVN14rosserial_msgs9TopicInfoE</name>
         <load_address>0xea38</load_address>
         <run_address>0xea38</run_address>
         <size>0x18</size>
         <input_file_ref idref="fl-4"/>
      </object_component>
      <object_component id="oc-632">
         <name>.const:_ZTVN3ros3MsgE</name>
         <load_address>0xea50</load_address>
         <run_address>0xea50</run_address>
         <size>0x18</size>
         <input_file_ref idref="fl-4"/>
      </object_component>
      <object_component id="oc-773">
         <name>.const:_ZTVN8std_msgs4TimeE</name>
         <load_address>0xea68</load_address>
         <run_address>0xea68</run_address>
         <size>0x18</size>
         <input_file_ref idref="fl-4"/>
      </object_component>
      <object_component id="oc-2fc">
         <name>.const:_ZTVN8std_msgs6StringE</name>
         <load_address>0xea80</load_address>
         <run_address>0xea80</run_address>
         <size>0x18</size>
         <input_file_ref idref="fl-4"/>
      </object_component>
      <object_component id="oc-893">
         <name>.const:.typeinfo:_ZTSN14rosserial_msgs3LogE</name>
         <load_address>0xea98</load_address>
         <run_address>0xea98</run_address>
         <size>0x17</size>
         <input_file_ref idref="fl-4"/>
      </object_component>
      <object_component id="oc-2e9">
         <name>.const:_ZTVN3ros11NodeHandle_I13TivaCHardwareLi25ELi25ELi512ELi512EEE</name>
         <load_address>0xeab0</load_address>
         <run_address>0xeab0</run_address>
         <size>0x14</size>
         <input_file_ref idref="fl-4"/>
      </object_component>
      <object_component id="oc-5c7">
         <name>.const:_ZTVN3ros15NodeHandleBase_E</name>
         <load_address>0xeac4</load_address>
         <run_address>0xeac4</run_address>
         <size>0x14</size>
         <input_file_ref idref="fl-4"/>
      </object_component>
      <object_component id="oc-187">
         <name>.const:g_pui32Dii16Regs</name>
         <load_address>0xead8</load_address>
         <run_address>0xead8</run_address>
         <size>0x14</size>
         <input_file_ref idref="fl-18"/>
      </object_component>
      <object_component id="oc-184">
         <name>.const:g_pui32EnRegs</name>
         <load_address>0xeaec</load_address>
         <run_address>0xeaec</run_address>
         <size>0x14</size>
         <input_file_ref idref="fl-18"/>
      </object_component>
      <object_component id="oc-18a">
         <name>.const:g_pui32PendRegs</name>
         <load_address>0xeb00</load_address>
         <run_address>0xeb00</run_address>
         <size>0x14</size>
         <input_file_ref idref="fl-18"/>
      </object_component>
      <object_component id="oc-18d">
         <name>.const:g_pui32UnpendRegs</name>
         <load_address>0xeb14</load_address>
         <run_address>0xeb14</run_address>
         <size>0x14</size>
         <input_file_ref idref="fl-18"/>
      </object_component>
      <object_component id="oc-898">
         <name>.const:.string:_ZZN14rosserial_msgs3Log7getTypeEvEs</name>
         <load_address>0xeb28</load_address>
         <run_address>0xeb28</run_address>
         <size>0x13</size>
         <input_file_ref idref="fl-4"/>
      </object_component>
      <object_component id="oc-637">
         <name>.const:.typeinfo:_ZTSN8std_msgs6StringE</name>
         <load_address>0xeb3b</load_address>
         <run_address>0xeb3b</run_address>
         <size>0x13</size>
         <input_file_ref idref="fl-4"/>
      </object_component>
      <object_component id="oc-54e">
         <name>.const:.string</name>
         <load_address>0xeb50</load_address>
         <run_address>0xeb50</run_address>
         <size>0x12</size>
         <input_file_ref idref="fl-85"/>
      </object_component>
      <object_component id="oc-65e">
[...]
      </symbol>
      <symbol id="sm-1235">
         <name>tcp_enqueue_flags</name>
         <value>0x3835</value>
         <object_component_ref idref="oc-39e"/>
      </symbol>
      <symbol id="sm-1236">
         <name>tcp_send_fin</name>
         <value>0x3111</value>
         <object_component_ref idref="oc-39e"/>
      </symbol>
      <symbol id="sm-1237">
         <name>tcp_zero_window_probe</name>
         <value>0x402d</value>
         <object_component_ref idref="oc-39e"/>
      </symbol>
      <symbol id="sm-1275">
         <name>sys_restart_timeouts</name>
         <value>0xbcf7</value>
         <object_component_ref idref="oc-38d"/>
      </symbol>
      <symbol id="sm-1276">
         <name>tcp_timer_needed</name>
         <value>0xbacd</value>
         <object_component_ref idref="oc-38d"/>
      </symbol>
      <symbol id="sm-1277">
         <name>sys_timeouts_init</name>
         <value>0xbb09</value>
         <object_component_ref idref="oc-38d"/>
      </symbol>
      <symbol id="sm-1278">
         <name>sys_untimeout</name>
         <value>0xbbef</value>
         <object_component_ref idref="oc-38d"/>
      </symbol>
      <symbol id="sm-1279">
         <name>sys_check_timeouts</name>
         <value>0xbc6d</value>
         <object_component_ref idref="oc-38d"/>
      </symbol>
      <symbol id="sm-127a">
         <name>sys_timeout</name>
         <value>0xbb21</value>
         <object_component_ref idref="oc-38d"/>
      </symbol>
      <symbol id="sm-12f0">
         <name>udp_pcbs</name>
         <value>0x20005a40</value>
      </symbol>
      <symbol id="sm-12f1">
         <name>udp_disconnect</name>
         <value>0x84d1</value>
         <object_component_ref idref="oc-1c9"/>
      </symbol>
      <symbol id="sm-12f2">
         <name>udp_sendto_if</name>
         <value>0x8239</value>
         <object_component_ref idref="oc-1c9"/>
      </symbol>
      <symbol id="sm-12f3">
         <name>udp_bind</name>
         <value>0x8389</value>
         <object_component_ref idref="oc-1c9"/>
      </symbol>
      <symbol id="sm-12f4">
         <name>udp_sendto</name>
         <value>0x81e5</value>
         <object_component_ref idref="oc-1c9"/>
      </symbol>
      <symbol id="sm-12f5">
         <name>udp_input</name>
         <value>0x7f75</value>
         <object_component_ref idref="oc-1c9"/>
      </symbol>
      <symbol id="sm-12f6">
         <name>udp_new</name>
         <value>0x855d</value>
         <object_component_ref idref="oc-1c9"/>
      </symbol>
      <symbol id="sm-12f7">
         <name>udp_recv</name>
         <value>0x84f1</value>
         <object_component_ref idref="oc-1c9"/>
      </symbol>
      <symbol id="sm-12f8">
         <name>udp_init</name>
         <value>0x7f09</value>
         <object_component_ref idref="oc-1c9"/>
      </symbol>
      <symbol id="sm-12f9">
         <name>udp_send</name>
         <value>0x81c9</value>
         <object_component_ref idref="oc-1c9"/>
      </symbol>
      <symbol id="sm-12fa">
         <name>udp_remove</name>
         <value>0x850b</value>
         <object_component_ref idref="oc-1c9"/>
      </symbol>
      <symbol id="sm-12fb">
         <name>udp_connect</name>
         <value>0x8449</value>
         <object_component_ref idref="oc-1c9"/>
      </symbol>
      <symbol id="sm-1326">
         <name>icmp_dest_unreach</name>
         <value>0xb737</value>
         <object_component_ref idref="oc-3e8"/>
      </symbol>
      <symbol id="sm-1327">
         <name>icmp_input</name>
         <value>0xb551</value>
         <object_component_ref idref="oc-3e8"/>
      </symbol>
      <symbol id="sm-1356">
         <name>inet_chksum_pseudo_partial</name>
         <value>0x9c3f</value>
         <object_component_ref idref="oc-3df"/>
      </symbol>
      <symbol id="sm-1357">
         <name>inet_chksum</name>
         <value>0x9d7d</value>
         <object_component_ref idref="oc-3df"/>
      </symbol>
      <symbol id="sm-1358">
         <name>inet_chksum_pbuf</name>
         <value>0x9d95</value>
         <object_component_ref idref="oc-3df"/>
      </symbol>
      <symbol id="sm-1359">
         <name>inet_chksum_pseudo</name>
         <value>0x9b23</value>
         <object_component_ref idref="oc-3df"/>
      </symbol>
      <symbol id="sm-13b2">
         <name>current_netif</name>
         <value>0x20005a14</value>
      </symbol>
      <symbol id="sm-13b3">
         <name>current_header</name>
         <value>0x20005a08</value>
      </symbol>
      <symbol id="sm-13b4">
         <name>current_iphdr_src</name>
         <value>0x20005a10</value>
      </symbol>
      <symbol id="sm-13b5">
         <name>current_iphdr_dest</name>
         <value>0x20005a0c</value>
      </symbol>
      <symbol id="sm-13b6">
         <name>ip_output_if</name>
         <value>0x93fd</value>
         <object_component_ref idref="oc-1d2"/>
      </symbol>
      <symbol id="sm-13b7">
         <name>ip_input</name>
         <value>0x9195</value>
         <object_component_ref idref="oc-1d2"/>
      </symbol>
      <symbol id="sm-13b8">
         <name>ip_output</name>
         <value>0x956f</value>
         <object_component_ref idref="oc-1d2"/>
      </symbol>
      <symbol id="sm-13b9">
         <name>ip_route</name>
         <value>0x911d</value>
         <object_component_ref idref="oc-1d2"/>
      </symbol>
      <symbol id="sm-13ff">
         <name>ipaddr_addr</name>
         <value>0x9eeb</value>
         <object_component_ref idref="oc-22b"/>
      </symbol>
      <symbol id="sm-1400">
         <name>ipaddr_ntoa</name>
         <value>0xa109</value>
         <object_component_ref idref="oc-22b"/>
      </symbol>
      <symbol id="sm-1401">
         <name>ip4_addr_isbroadcast</name>
         <value>0x9e35</value>
         <object_component_ref idref="oc-22b"/>
      </symbol>
      <symbol id="sm-1402">
         <name>ipaddr_ntoa_r</name>
         <value>0xa119</value>
         <object_component_ref idref="oc-22b"/>
      </symbol>
      <symbol id="sm-1403">
         <name>ipaddr_aton</name>
         <value>0x9f03</value>
         <object_component_ref idref="oc-22b"/>
      </symbol>
      <symbol id="sm-1404">
         <name>ip4_addr_netmask_valid</name>
         <value>0x9ea1</value>
         <object_component_ref idref="oc-22b"/>
      </symbol>
      <symbol id="sm-1467">
         <name>RingBufAdvanceRead</name>
         <value>0xb169</value>
         <object_component_ref idref="oc-6c8"/>
      </symbol>
      <symbol id="sm-1468">
         <name>RingBufInit</name>
         <value>0xb267</value>
         <object_component_ref idref="oc-6c8"/>
      </symbol>
      <symbol id="sm-1469">
         <name>RingBufFull</name>
         <value>0xafc9</value>
         <object_component_ref idref="oc-6c8"/>
      </symbol>
      <symbol id="sm-146a">
         <name>RingBufSize</name>
         <value>0xb0ff</value>
         <object_component_ref idref="oc-6c8"/>
      </symbol>
      <symbol id="sm-146b">
         <name>RingBufContigFree</name>
         <value>0xb0c3</value>
         <object_component_ref idref="oc-6c8"/>
      </symbol>
      <symbol id="sm-146c">
         <name>RingBufWriteOne</name>
         <value>0xb20b</value>
         <object_component_ref idref="oc-6c8"/>
      </symbol>
      <symbol id="sm-146d">
         <name>RingBufFlush</name>
         <value>0xb02d</value>
         <object_component_ref idref="oc-6c8"/>
      </symbol>
      <symbol id="sm-146e">
         <name>RingBufContigUsed</name>
         <value>0xb095</value>
         <object_component_ref idref="oc-6c8"/>
      </symbol>
      <symbol id="sm-146f">
         <name>RingBufWrite</name>
         <value>0xb231</value>
         <object_component_ref idref="oc-6c8"/>
      </symbol>
      <symbol id="sm-1470">
         <name>RingBufFree</name>
         <value>0xb07f</value>
         <object_component_ref idref="oc-6c8"/>
      </symbol>
      <symbol id="sm-1471">
         <name>RingBufRead</name>
         <value>0xb133</value>
         <object_component_ref idref="oc-6c8"/>
      </symbol>
      <symbol id="sm-1472">
         <name>RingBufReadOne</name>
         <value>0xb10d</value>
         <object_component_ref idref="oc-6c8"/>
      </symbol>
      <symbol id="sm-1473">
         <name>RingBufUsed</name>
         <value>0xb04d</value>
         <object_component_ref idref="oc-6c8"/>
      </symbol>
      <symbol id="sm-1474">
         <name>RingBufEmpty</name>
         <value>0xb003</value>
         <object_component_ref idref="oc-6c8"/>
      </symbol>
      <symbol id="sm-1475">
         <name>RingBufAdvanceWrite</name>
         <value>0xb197</value>
         <object_component_ref idref="oc-6c8"/>
      </symbol>
      <symbol id="sm-14eb">
         <name>UARTgetc</name>
         <value>0x971b</value>
         <object_component_ref idref="oc-1bd"/>
      </symbol>
      <symbol id="sm-14ec">
         <name>UARTgets</name>
         <value>0x9661</value>
         <object_component_ref idref="oc-1bd"/>
      </symbol>
      <symbol id="sm-14ed">
         <name>UARTStdioConfig</name>
         <value>0x95d5</value>
         <object_component_ref idref="oc-1bd"/>
      </symbol>
      <symbol id="sm-14ee">
         <name>UARTwrite</name>
         <value>0x961b</value>
         <object_component_ref idref="oc-1bd"/>
      </symbol>
      <symbol id="sm-14ef">
         <name>UARTprintf</name>
         <value>0x9a3b</value>
         <object_component_ref idref="oc-1bd"/>
      </symbol>
      <symbol id="sm-14f0">
         <name>UARTvprintf</name>
         <value>0x9741</value>
         <object_component_ref idref="oc-1bd"/>
      </symbol>
      <symbol id="sm-14fb">
         <name>__cxa_pure_virtual</name>
         <value>0xe127</value>
         <object_component_ref idref="oc-692"/>
      </symbol>
      <symbol id="sm-1555">
         <name>_ZN10__cxxabiv117__class_type_infoD1Ev</name>
         <value>0xe12d</value>
         <object_component_ref idref="oc-739"/>
      </symbol>
      <symbol id="sm-1556">
         <name>_ZTSN10__cxxabiv120__si_class_type_infoE</name>
         <value>0xe815</value>
         <object_component_ref idref="oc-72f"/>
      </symbol>
      <symbol id="sm-1557">
         <name>_ZTSN10__cxxabiv117__class_type_infoE</name>
         <value>0xe83a</value>
         <object_component_ref idref="oc-79e"/>
      </symbol>
      <symbol id="sm-1558">
         <name>_ZN10__cxxabiv117__class_type_infoD2Ev</name>
         <value>0xe12d</value>
         <object_component_ref idref="oc-739"/>
      </symbol>
      <symbol id="sm-1559">
         <name>_ZN10__cxxabiv120__si_class_type_infoD2Ev</name>
         <value>0xe131</value>
         <object_component_ref idref="oc-6b0"/>
      </symbol>
      <symbol id="sm-155a">
         <name>_ZTVN10__cxxabiv117__class_type_infoE</name>
         <value>0xeb94</value>
         <object_component_ref idref="oc-6be"/>
      </symbol>
      <symbol id="sm-155b">
         <name>_ZTIN10__cxxabiv117__class_type_infoE</name>
         <value>0xec18</value>
         <object_component_ref idref="oc-734"/>
      </symbol>
      <symbol id="sm-155c">
         <name>_ZN10__cxxabiv120__si_class_type_infoD1Ev</name>
         <value>0xe131</value>
         <object_component_ref idref="oc-6b0"/>
      </symbol>
      <symbol id="sm-155d">
         <name>_ZTIN10__cxxabiv120__si_class_type_infoE</name>
         <value>0xec24</value>
         <object_component_ref idref="oc-6ab"/>
      </symbol>
      <symbol id="sm-155e">
         <name>_ZN10__cxxabiv117__class_type_infoD0Ev</name>
         <value>0xe091</value>
         <object_component_ref idref="oc-759"/>
      </symbol>
      <symbol id="sm-155f">
         <name>_ZTVN10__cxxabiv120__si_class_type_infoE</name>
         <value>0xeba4</value>
         <object_component_ref idref="oc-5ed"/>
      </symbol>
      <symbol id="sm-1560">
         <name>_ZN10__cxxabiv120__si_class_type_infoD0Ev</name>
         <value>0xe09f</value>
         <object_component_ref idref="oc-6b6"/>
      </symbol>
      <symbol id="sm-157c">
         <name>_ZdlPv</name>
         <value>0xe111</value>
         <object_component_ref idref="oc-7af"/>
      </symbol>
      <symbol id="sm-157d">
         <name>_ZdlPvj</name>
         <value>0xe135</value>
         <object_component_ref idref="oc-745"/>
      </symbol>
      <symbol id="sm-15a6">
         <name>_ZTSSt9type_info</name>
         <value>0xebff</value>
         <object_component_ref idref="oc-81e"/>
      </symbol>
      <symbol id="sm-15a7">
         <name>_ZNSt9type_infoD2Ev</name>
         <value>0x8bb7</value>
         <object_component_ref idref="oc-7a8"/>
      </symbol>
      <symbol id="sm-15a8">
         <name>_ZNSt9type_infoD1Ev</name>
         <value>0x8bb7</value>
         <object_component_ref idref="oc-7a8"/>
      </symbol>
      <symbol id="sm-15a9">
         <name>_ZTISt9type_info</name>
         <value>0xecb4</value>
         <object_component_ref idref="oc-7a3"/>
      </symbol>
      <symbol id="sm-15b4">
         <name>__aeabi_dmul</name>
         <value>0xcd75</value>
         <object_component_ref idref="oc-878"/>
      </symbol>
      <symbol id="sm-15be">
         <name>__aeabi_d2iz</name>
         <value>0xdabd</value>
         <object_component_ref idref="oc-87d"/>
      </symbol>
      <symbol id="sm-15c8">
         <name>__aeabi_i2d</name>
         <value>0xdd39</value>
         <object_component_ref idref="oc-873"/>
      </symbol>
      <symbol id="sm-15e3">
         <name>memcpy</name>
         <value>0xd1c3</value>
         <object_component_ref idref="oc-4f"/>
      </symbol>
      <symbol id="sm-15e4">
         <name>__aeabi_memcpy</name>
         <value>0xd1c3</value>
         <object_component_ref idref="oc-4f"/>
      </symbol>
      <symbol id="sm-15e5">
         <name>__aeabi_memcpy8</name>
         <value>0xd1c3</value>
         <object_component_ref idref="oc-4f"/>
      </symbol>
      <symbol id="sm-15e6">
         <name>__aeabi_memcpy4</name>
         <value>0xd1c3</value>
         <object_component_ref idref="oc-4f"/>
      </symbol>
      <symbol id="sm-15f5">
         <name>__aeabi_idivmod</name>
         <value>0xd915</value>
         <object_component_ref idref="oc-805"/>
      </symbol>
      <symbol id="sm-15f6">
         <name>__aeabi_idiv</name>
         <value>0xd915</value>
         <object_component_ref idref="oc-805"/>
      </symbol>
      <symbol id="sm-1605">
         <name>__aeabi_uidivmod</name>
         <value>0xdb45</value>
         <object_component_ref idref="oc-3c5"/>
      </symbol>
      <symbol id="sm-1606">
         <name>__aeabi_uidiv</name>
         <value>0xdb45</value>
         <object_component_ref idref="oc-3c5"/>
      </symbol>
      <symbol id="sm-1615">
         <name>__aeabi_memset</name>
         <value>0xd5a7</value>
         <object_component_ref idref="oc-cc"/>
      </symbol>
      <symbol id="sm-1616">
         <name>memset</name>
         <value>0xd5ad</value>
         <object_component_ref idref="oc-cc"/>
      </symbol>
      <symbol id="sm-1617">
         <name>__aeabi_memset8</name>
         <value>0xd5a7</value>
         <object_component_ref idref="oc-cc"/>
      </symbol>
      <symbol id="sm-1618">
         <name>__aeabi_memset4</name>
         <value>0xd5a7</value>
         <object_component_ref idref="oc-cc"/>
      </symbol>
      <symbol id="sm-1619">
         <name>__aeabi_memclr8</name>
         <value>0xd5a5</value>
         <object_component_ref idref="oc-cc"/>
      </symbol>
      <symbol id="sm-161a">
         <name>__aeabi_memclr4</name>
         <value>0xd5a5</value>
         <object_component_ref idref="oc-cc"/>
      </symbol>
      <symbol id="sm-161b">
         <name>__aeabi_memclr</name>
         <value>0xd5a5</value>
         <object_component_ref idref="oc-cc"/>
      </symbol>
      <symbol id="sm-162d">
         <name>__TI_zero_init</name>
         <value>0xe0f9</value>
         <object_component_ref idref="oc-61"/>
      </symbol>
      <symbol id="sm-1644">
         <name>__TI_decompress_none</name>
         <value>0xe0bb</value>
         <object_component_ref idref="oc-18"/>
      </symbol>
      <symbol id="sm-1667">
         <name>__TI_decompress_lzss</name>
         <value>0xd84d</value>
         <object_component_ref idref="oc-12"/>
      </symbol>
      <symbol id="sm-1672">
         <name>C$$EXIT</name>
         <value>0xe141</value>
         <object_component_ref idref="oc-296"/>
      </symbol>
      <symbol id="sm-1673">
         <name>abort</name>
         <value>0xe141</value>
         <object_component_ref idref="oc-296"/>
      </symbol>
      <symbol id="sm-1688">
         <name>_nop</name>
         <value>0xa90f</value>
         <object_component_ref idref="oc-5a8"/>
      </symbol>
      <symbol id="sm-1689">
         <name>_lock</name>
         <value>0x20007b9c</value>
         <object_component_ref idref="oc-468"/>
      </symbol>
      <symbol id="sm-168a">
         <name>_unlock</name>
         <value>0x20007ba0</value>
         <object_component_ref idref="oc-468"/>
      </symbol>
      <symbol id="sm-169a">
         <name>memcmp</name>
         <value>0xde7d</value>
         <object_component_ref idref="oc-23a"/>
      </symbol>
      <symbol id="sm-1737">
         <name>_sys_memory</name>
         <value>0x20007bd8</value>
         <object_component_ref idref="oc-23"/>
      </symbol>
      <symbol id="sm-1738">
         <name>free</name>
         <value>0xcf65</value>
         <object_component_ref idref="oc-71a"/>
      </symbol>
      <symbol id="sm-1739">
         <name>realloc</name>
         <value>0xd04d</value>
         <object_component_ref idref="oc-69d"/>
      </symbol>
      <symbol id="sm-173a">
         <name>memalign</name>
         <value>0xce71</value>
         <object_component_ref idref="oc-78b"/>
      </symbol>
      <symbol id="sm-173b">
         <name>malloc</name>
         <value>0xe119</value>
         <object_component_ref idref="oc-714"/>
      </symbol>
      <symbol id="sm-173c">
         <name>aligned_alloc</name>
         <value>0xce71</value>
         <object_component_ref idref="oc-78b"/>
      </symbol>
      <symbol id="sm-174b">
         <name>strlen</name>
         <value>0xdfc9</value>
         <object_component_ref idref="oc-212"/>
      </symbol>
      <symbol id="sm-175e">
         <name>__stack</name>
         <value>0x20005a50</value>
         <object_component_ref idref="oc-26"/>
      </symbol>
      <symbol id="sm-175f">
         <name>_c_int00_noargs</name>
         <value>0xdc71</value>
         <object_component_ref idref="oc-6d"/>
      </symbol>
      <symbol id="sm-1769">
         <name>__abort_execution</name>
         <value>0xe139</value>
         <object_component_ref idref="oc-70d"/>
      </symbol>
      <symbol id="sm-1774">
         <name>__aeabi_idiv0</name>
         <value>0xb28b</value>
         <object_component_ref idref="oc-548"/>
      </symbol>
      <symbol id="sm-1775">
         <name>__aeabi_ldiv0</name>
         <value>0xb28b</value>
         <object_component_ref idref="oc-548"/>
      </symbol>
      <symbol id="sm-17a2">
         <name>__TI_auto_init_nobinit</name>
         <value>0xd8b5</value>
         <object_component_ref idref="oc-2a8"/>
      </symbol>
      <symbol id="sm-17ac">
         <name>_system_pre_init</name>
         <value>0xe13d</value>
         <object_component_ref idref="oc-113"/>
      </symbol>
      <symbol id="sm-17af">
         <name>__TI_static_base__</name>
         <value>0x0</value>
      </symbol>
      <symbol id="sm-17b2">
         <name>__mpu_init</name>
         <value>0x0</value>
      </symbol>
      <symbol id="sm-17b3">
         <name>_system_post_cinit</name>
         <value>0x0</value>
      </symbol>
      <symbol id="sm-17b4">
         <name>_ZSt17__throw_bad_allocv</name>
         <value>0xe141</value>
      </symbol>
   </symbol_table>
   <title>Link successful</title>
</link_info>
